ARM Linker, 5.03 [Build 24] [MDK-ARM Standard]

==============================================================================

Section Cross References

    startup_stm32f10x_hd.o(STACK) refers (Special) to heapauxi.o(.text) for __use_two_region_memory
    startup_stm32f10x_hd.o(HEAP) refers (Special) to heapauxi.o(.text) for __use_two_region_memory
    startup_stm32f10x_hd.o(RESET) refers (Special) to heapauxi.o(.text) for __use_two_region_memory
    startup_stm32f10x_hd.o(RESET) refers to startup_stm32f10x_hd.o(STACK) for __initial_sp
    startup_stm32f10x_hd.o(RESET) refers to startup_stm32f10x_hd.o(.text) for Reset_Handler
    startup_stm32f10x_hd.o(RESET) refers to os_cpu_a.o(.text) for PendSV_Handler
    startup_stm32f10x_hd.o(RESET) refers to delay.o(i.SysTick_Handler) for SysTick_Handler
    startup_stm32f10x_hd.o(RESET) refers to wdg.o(i.WWDG_IRQHandler) for WWDG_IRQHandler
    startup_stm32f10x_hd.o(RESET) refers to rtc.o(i.RTC_IRQHandler) for RTC_IRQHandler
    startup_stm32f10x_hd.o(RESET) refers to wkup.o(i.EXTI0_IRQHandler) for EXTI0_IRQHandler
    startup_stm32f10x_hd.o(RESET) refers to timer.o(i.TIM2_IRQHandler) for TIM2_IRQHandler
    startup_stm32f10x_hd.o(RESET) refers to timer.o(i.TIM3_IRQHandler) for TIM3_IRQHandler
    startup_stm32f10x_hd.o(RESET) refers to usart.o(i.USART1_IRQHandler) for USART1_IRQHandler
    startup_stm32f10x_hd.o(.text) refers (Special) to heapauxi.o(.text) for __use_two_region_memory
    startup_stm32f10x_hd.o(.text) refers to __main.o(!!!main) for __main
    startup_stm32f10x_hd.o(.text) refers to startup_stm32f10x_hd.o(HEAP) for Heap_Mem
    startup_stm32f10x_hd.o(.text) refers to startup_stm32f10x_hd.o(STACK) for Stack_Mem
    test.o(i.bar_task) refers to gui.o(i.gui_init) for gui_init
    test.o(i.bar_task) refers to progressbar.o(i.draw_progressbar) for draw_progressbar
    test.o(i.bar_task) refers to delay.o(i.delay_ms) for delay_ms
    test.o(i.gui_task) refers to gui.o(i.gui_init) for gui_init
    test.o(i.gui_task) refers to ff.o(i.f_opendir) for f_opendir
    test.o(i.gui_task) refers to malloc.o(i.mymalloc) for mymalloc
    test.o(i.gui_task) refers to listbox.o(i.listbox_creat) for listbox_creat
    test.o(i.gui_task) refers to ff.o(i.f_readdir) for f_readdir
    test.o(i.gui_task) refers to exfuns.o(i.f_typetell) for f_typetell
    test.o(i.gui_task) refers to listbox.o(i.listbox_addlist) for listbox_addlist
    test.o(i.gui_task) refers to listbox.o(i.listbox_draw_listbox) for listbox_draw_listbox
    test.o(i.gui_task) refers to delay.o(i.delay_ms) for delay_ms
    test.o(i.gui_task) refers to listbox.o(i.listbox_delete) for listbox_delete
    test.o(i.gui_task) refers to malloc.o(i.myfree) for myfree
    test.o(i.key_task) refers to key.o(i.KEY_Scan) for KEY_Scan
    test.o(i.key_task) refers to os_mbox.o(i.OSMboxPost) for OSMboxPost
    test.o(i.key_task) refers to delay.o(i.delay_ms) for delay_ms
    test.o(i.key_task) refers to test.o(.data) for KEY_Box
    test.o(i.led_task) refers to delay.o(i.delay_ms) for delay_ms
    test.o(i.main) refers to test.o(i.system_init) for system_init
    test.o(i.main) refers to os_core.o(i.OSInit) for OSInit
    test.o(i.main) refers to os_task.o(i.OSTaskCreate) for OSTaskCreate
    test.o(i.main) refers to os_core.o(i.OSStart) for OSStart
    test.o(i.main) refers to test.o(.bss) for START_TASK_STK
    test.o(i.main) refers to test.o(i.start_task) for start_task
    test.o(i.main_task) refers to _printf_pad.o(.text) for _printf_pre_padding
    test.o(i.main_task) refers to _printf_percent.o(.ARM.Collect$$_printf_percent$$00000000) for _printf_percent
    test.o(i.main_task) refers to _printf_d.o(.ARM.Collect$$_printf_percent$$00000009) for _printf_d
    test.o(i.main_task) refers to _printf_dec.o(.text) for _printf_int_dec
    test.o(i.main_task) refers to _printf_s.o(.ARM.Collect$$_printf_percent$$00000014) for _printf_s
    test.o(i.main_task) refers to _printf_str.o(.text) for _printf_str
    test.o(i.main_task) refers to rt_memclr_w.o(.text) for __aeabi_memclr4
    test.o(i.main_task) refers to ili93xx.o(i.LCD_Clear) for LCD_Clear
    test.o(i.main_task) refers to ff.o(i.f_mkdir) for f_mkdir
    test.o(i.main_task) refers to __2sprintf.o(.text) for __2sprintf
    test.o(i.main_task) refers to ff.o(i.f_open) for f_open
    test.o(i.main_task) refers to ff.o(i.f_close) for f_close
    test.o(i.main_task) refers to ili93xx.o(i.LCD_Fill) for LCD_Fill
    test.o(i.main_task) refers to text.o(i.Show_Str) for Show_Str
    test.o(i.main_task) refers to ili93xx.o(i.LCD_DrawLine) for LCD_DrawLine
    test.o(i.main_task) refers to ili93xx.o(i.table_DrawLine) for table_DrawLine
    test.o(i.main_task) refers to wdg.o(i.IWDG_Feed) for IWDG_Feed
    test.o(i.main_task) refers to rtc.o(i.rtc_time_transform) for rtc_time_transform
    test.o(i.main_task) refers to ili93xx.o(i.LCD_ShowxNum) for LCD_ShowxNum
    test.o(i.main_task) refers to os_mbox.o(i.OSMboxPend) for OSMboxPend
[...]
    _printf_longlong_oct                     0x08000b99   Thumb Code    76  _printf_oct_int_ll.o(.text)
    _printf_int_oct                          0x08000be5   Thumb Code    24  _printf_oct_int_ll.o(.text)
    _printf_ll_oct                           0x08000bfd   Thumb Code    12  _printf_oct_int_ll.o(.text)
    __aeabi_errno_addr                       0x08000c11   Thumb Code     8  rt_errno_addr_intlibspace.o(.text)
    __errno$intlibspace                      0x08000c11   Thumb Code     0  rt_errno_addr_intlibspace.o(.text)
    __rt_errno_addr$intlibspace              0x08000c11   Thumb Code     0  rt_errno_addr_intlibspace.o(.text)
    _ll_udiv10                               0x08000c19   Thumb Code   138  lludiv10.o(.text)
    __lib_sel_fp_printf                      0x08000ca3   Thumb Code     2  _printf_fp_dec.o(.text)
    _printf_fp_dec_real                      0x08000e4f   Thumb Code   628  _printf_fp_dec.o(.text)
    _printf_lcs_common                       0x080010c3   Thumb Code    20  _printf_wchar.o(.text)
    _printf_wchar                            0x080010d7   Thumb Code    16  _printf_wchar.o(.text)
    _printf_wstring                          0x080010e7   Thumb Code     8  _printf_wchar.o(.text)
    ferror                                   0x080010ef   Thumb Code     8  ferror.o(.text)
    _wcrtomb                                 0x080010f7   Thumb Code    64  _wcrtomb.o(.text)
    __user_libspace                          0x08001139   Thumb Code     8  libspace.o(.text)
    __user_perproc_libspace                  0x08001139   Thumb Code     0  libspace.o(.text)
    __user_perthread_libspace                0x08001139   Thumb Code     0  libspace.o(.text)
    __user_setup_stackheap                   0x08001141   Thumb Code    74  sys_stackheap_outer.o(.text)
    __rt_ctype_table                         0x0800118d   Thumb Code    16  rt_ctype_table.o(.text)
    __rt_locale                              0x0800119d   Thumb Code     8  rt_locale_intlibspace.o(.text)
    _printf_fp_infnan                        0x080011a5   Thumb Code   112  _printf_fp_infnan.o(.text)
    _btod_etento                             0x08001225   Thumb Code   222  bigflt0.o(.text)
    exit                                     0x08001309   Thumb Code    12  exit.o(.text)
    _btod_d2e                                0x08001315   Thumb Code    62  btod.o(CL$$btod_d2e)
    _d2e_denorm_low                          0x08001353   Thumb Code    70  btod.o(CL$$btod_d2e_denorm_low)
    _d2e_norm_op1                            0x08001399   Thumb Code    96  btod.o(CL$$btod_d2e_norm_op1)
    __btod_div_common                        0x080013f9   Thumb Code   696  btod.o(CL$$btod_div_common)
    _e2e                                     0x08001731   Thumb Code   198  btod.o(CL$$btod_e2e)
    _btod_ediv                               0x080017f7   Thumb Code    40  btod.o(CL$$btod_ediv)
    _btod_emul                               0x0800181f   Thumb Code    40  btod.o(CL$$btod_emul)
    __btod_mult_common                       0x08001847   Thumb Code   580  btod.o(CL$$btod_mult_common)
    AT24CXX_Init                             0x08001a8b   Thumb Code     8  24cxx.o(i.AT24CXX_Init)
    AT24CXX_ReadLenByte                      0x08001a93   Thumb Code    44  24cxx.o(i.AT24CXX_ReadLenByte)
    AT24CXX_ReadOneByte                      0x08001abf   Thumb Code    88  24cxx.o(i.AT24CXX_ReadOneByte)
    AT24CXX_WriteLenByte                     0x08001b17   Thumb Code    42  24cxx.o(i.AT24CXX_WriteLenByte)
    AT24CXX_WriteOneByte                     0x08001b41   Thumb Code    82  24cxx.o(i.AT24CXX_WriteOneByte)
    CT_Delay                                 0x08001b93   Thumb Code    10  ctiic.o(i.CT_Delay)
    CT_IIC_Ack                               0x08001b9d   Thumb Code    66  ctiic.o(i.CT_IIC_Ack)
    CT_IIC_Init                              0x08001bed   Thumb Code    62  ctiic.o(i.CT_IIC_Init)
    CT_IIC_NAck                              0x08001c35   Thumb Code    66  ctiic.o(i.CT_IIC_NAck)
    CT_IIC_Read_Byte                         0x08001c85   Thumb Code    94  ctiic.o(i.CT_IIC_Read_Byte)
    CT_IIC_Send_Byte                         0x08001cf5   Thumb Code    88  ctiic.o(i.CT_IIC_Send_Byte)
    CT_IIC_Start                             0x08001d5d   Thumb Code    64  ctiic.o(i.CT_IIC_Start)
    CT_IIC_Stop                              0x08001da9   Thumb Code    58  ctiic.o(i.CT_IIC_Stop)
    CT_IIC_Wait_Ack                          0x08001df5   Thumb Code    80  ctiic.o(i.CT_IIC_Wait_Ack)
    Check_WKUP                               0x08001e59   Thumb Code    58  wkup.o(i.Check_WKUP)
    Clear_USART1_RX_BUF                      0x08001e9d   Thumb Code    20  usart.o(i.Clear_USART1_RX_BUF)
    EXTI0_IRQHandler                         0x08001eb5   Thumb Code    20  wkup.o(i.EXTI0_IRQHandler)
    GT9147_Init                              0x08001ecd   Thumb Code   268  gt9147.o(i.GT9147_Init)
    GT9147_RD_Reg                            0x08002011   Thumb Code    98  gt9147.o(i.GT9147_RD_Reg)
    GT9147_Scan                              0x08002075   Thumb Code   406  gt9147.o(i.GT9147_Scan)
    GT9147_Send_Cfg                          0x08002219   Thumb Code    86  gt9147.o(i.GT9147_Send_Cfg)
    GT9147_WR_Reg                            0x08002275   Thumb Code    92  gt9147.o(i.GT9147_WR_Reg)
    Get_HzMat                                0x080022d1   Thumb Code   220  text.o(i.Get_HzMat)
    IIC_Ack                                  0x080023b1   Thumb Code    72  myiic.o(i.IIC_Ack)
    IIC_Init                                 0x08002405   Thumb Code    46  myiic.o(i.IIC_Init)
    IIC_NAck                                 0x0800243d   Thumb Code    72  myiic.o(i.IIC_NAck)
    IIC_Read_Byte                            0x08002491   Thumb Code    98  myiic.o(i.IIC_Read_Byte)
    IIC_Send_Byte                            0x08002505   Thumb Code    96  myiic.o(i.IIC_Send_Byte)
    IIC_Start                                0x08002575   Thumb Code    68  myiic.o(i.IIC_Start)
    IIC_Stop                                 0x080025c5   Thumb Code    68  myiic.o(i.IIC_Stop)
    IIC_Wait_Ack                             0x08002615   Thumb Code    82  myiic.o(i.IIC_Wait_Ack)
    IWDG_Feed                                0x0800267d   Thumb Code    10  wdg.o(i.IWDG_Feed)
    IWDG_Init                                0x0800268d   Thumb Code    28  wdg.o(i.IWDG_Init)
    Is_Leap_Year                             0x080026ad   Thumb Code    58  rtc.o(i.Is_Leap_Year)
    JTAG_Set                                 0x080026e9   Thumb Code    38  sys.o(i.JTAG_Set)
    KEY_Init                                 0x08002719   Thumb Code   124  key.o(i.KEY_Init)
    KEY_Scan                                 0x080027a1   Thumb Code   114  key.o(i.KEY_Scan)
    LCD_Clear                                0x08002825   Thumb Code   122  ili93xx.o(i.LCD_Clear)
    LCD_Display_Dir                          0x080028ad   Thumb Code   420  ili93xx.o(i.LCD_Display_Dir)
    LCD_DrawLine                             0x08002a55   Thumb Code   172  ili93xx.o(i.LCD_DrawLine)
    LCD_DrawPoint                            0x08002b01   Thumb Code    48  ili93xx.o(i.LCD_DrawPoint)
    LCD_Draw_Circle                          0x08002b39   Thumb Code   198  ili93xx.o(i.LCD_Draw_Circle)
    LCD_Fill                                 0x08002c01   Thumb Code   200  ili93xx.o(i.LCD_Fill)
    LCD_Init                                 0x08002cd5   Thumb Code 14886  ili93xx.o(i.LCD_Init)
    LCD_Pow                                  0x08006705   Thumb Code    22  ili93xx.o(i.LCD_Pow)
    LCD_RD_DATA                              0x0800671d   Thumb Code    98  ili93xx.o(i.LCD_RD_DATA)
    LCD_ReadReg                              0x0800678d   Thumb Code    16  ili93xx.o(i.LCD_ReadReg)
    LCD_Scan_Dir                             0x0800679d   Thumb Code  1070  ili93xx.o(i.LCD_Scan_Dir)
    LCD_SetCursor                            0x08006bd1   Thumb Code   534  ili93xx.o(i.LCD_SetCursor)
    LCD_Set_Window                           0x08006df5   Thumb Code   786  ili93xx.o(i.LCD_Set_Window)
    LCD_ShowChar                             0x08007115   Thumb Code   286  ili93xx.o(i.LCD_ShowChar)
    LCD_ShowNum                              0x08007245   Thumb Code   162  ili93xx.o(i.LCD_ShowNum)
    LCD_ShowString                           0x080072e7   Thumb Code   114  ili93xx.o(i.LCD_ShowString)
    LCD_ShowxNum                             0x08007359   Thumb Code   198  ili93xx.o(i.LCD_ShowxNum)
    LCD_WR_DATAX                             0x08007421   Thumb Code    28  ili93xx.o(i.LCD_WR_DATAX)
    LCD_WR_REG                               0x08007445   Thumb Code    28  ili93xx.o(i.LCD_WR_REG)
    LCD_WriteRAM_Prepare                     0x08007469   Thumb Code    12  ili93xx.o(i.LCD_WriteRAM_Prepare)
    LCD_WriteReg                             0x08007479   Thumb Code    40  ili93xx.o(i.LCD_WriteReg)
    LED_Init                                 0x080074a9   Thumb Code   100  led.o(i.LED_Init)
    MYRCC_DeInit                             0x08007519   Thumb Code    90  sys.o(i.MYRCC_DeInit)
    MY_NVIC_Init                             0x08007581   Thumb Code   120  sys.o(i.MY_NVIC_Init)
    MY_NVIC_PriorityGroupConfig              0x080075fd   Thumb Code    32  sys.o(i.MY_NVIC_PriorityGroupConfig)
    MY_NVIC_SetVectorTable                   0x08007625   Thumb Code    12  sys.o(i.MY_NVIC_SetVectorTable)
    My_Show_Str                              0x08007639   Thumb Code   274  text.o(i.My_Show_Str)
    OSInit                                   0x0800774b   Thumb Code    44  os_core.o(i.OSInit)
    OSInitHookBegin                          0x08007777   Thumb Code     2  os_cpu_c.o(i.OSInitHookBegin)
    OSInitHookEnd                            0x08007779   Thumb Code     2  os_cpu_c.o(i.OSInitHookEnd)
    OSIntEnter                               0x0800777d   Thumb Code    28  os_core.o(i.OSIntEnter)
    OSIntExit                                0x080077a1   Thumb Code   112  os_core.o(i.OSIntExit)
    OSMboxCreate                             0x08007831   Thumb Code    68  os_mbox.o(i.OSMboxCreate)
    OSMboxPend                               0x0800787d   Thumb Code   246  os_mbox.o(i.OSMboxPend)
    OSMboxPost                               0x08007981   Thumb Code    80  os_mbox.o(i.OSMboxPost)
    OSSchedLock                              0x080079d1   Thumb Code    50  os_core.o(i.OSSchedLock)
    OSSchedUnlock                            0x08007a11   Thumb Code    82  os_core.o(i.OSSchedUnlock)
    OSStart                                  0x08007a71   Thumb Code    48  os_core.o(i.OSStart)
    OSStatInit                               0x08007ab9   Thumb Code    62  os_core.o(i.OSStatInit)
    OSTCBInitHook                            0x08007b05   Thumb Code     2  os_cpu_c.o(i.OSTCBInitHook)
    OSTaskCreate                             0x08007b09   Thumb Code   148  os_task.o(i.OSTaskCreate)
    OSTaskCreateExt                          0x08007ba9   Thumb Code   170  os_task.o(i.OSTaskCreateExt)
    OSTaskCreateHook                         0x08007c61   Thumb Code     2  os_cpu_c.o(i.OSTaskCreateHook)
    OSTaskIdleHook                           0x08007c63   Thumb Code     2  os_cpu_c.o(i.OSTaskIdleHook)
    OSTaskNameSet                            0x08007c65   Thumb Code    98  os_task.o(i.OSTaskNameSet)
    OSTaskStatHook                           0x08007cd5   Thumb Code     2  os_cpu_c.o(i.OSTaskStatHook)
    OSTaskStkChk                             0x08007cd9   Thumb Code   132  os_task.o(i.OSTaskStkChk)
    OSTaskStkInit                            0x08007d65   Thumb Code   154  os_cpu_c.o(i.OSTaskStkInit)
    OSTaskSuspend                            0x08007e01   Thumb Code   152  os_task.o(i.OSTaskSuspend)
    OSTaskSwHook                             0x08007ea9   Thumb Code     2  os_cpu_c.o(i.OSTaskSwHook)
    OSTimeDly                                0x08007ead   Thumb Code   100  os_time.o(i.OSTimeDly)
    OSTimeTick                               0x08007f25   Thumb Code   218  os_core.o(i.OSTimeTick)
    OSTimeTickHook                           0x08008019   Thumb Code     2  os_cpu_c.o(i.OSTimeTickHook)
    OS_EventTaskRdy                          0x0800801d   Thumb Code   118  os_core.o(i.OS_EventTaskRdy)
    OS_EventTaskRemove                       0x080080a5   Thumb Code    42  os_core.o(i.OS_EventTaskRemove)
    OS_EventTaskWait                         0x080080d1   Thumb Code   112  os_core.o(i.OS_EventTaskWait)
    OS_EventWaitListInit                     0x0800814d   Thumb Code    28  os_core.o(i.OS_EventWaitListInit)
    OS_FlagInit                              0x08008169   Thumb Code    74  os_flag.o(i.OS_FlagInit)
    OS_MemClr                                0x080083cd   Thumb Code    18  os_core.o(i.OS_MemClr)
    OS_QInit                                 0x080083e1   Thumb Code    72  os_q.o(i.OS_QInit)
    OS_Sched                                 0x08008431   Thumb Code    88  os_core.o(i.OS_Sched)
    OS_TCBInit                               0x080084d1   Thumb Code   292  os_core.o(i.OS_TCBInit)
    OS_TaskIdle                              0x08008611   Thumb Code    34  os_core.o(i.OS_TaskIdle)
    OS_TaskStat                              0x08008639   Thumb Code   116  os_core.o(i.OS_TaskStat)
    OS_TaskStatStkChk                        0x080086c1   Thumb Code    54  os_core.o(i.OS_TaskStatStkChk)
    OS_TaskStkClr                            0x080086fd   Thumb Code    26  os_task.o(i.OS_TaskStkClr)
    OTT2001A_Init                            0x08008719   Thumb Code   156  ott2001a.o(i.OTT2001A_Init)
    OTT2001A_RD_Reg                          0x080087d1   Thumb Code    98  ott2001a.o(i.OTT2001A_RD_Reg)
    OTT2001A_Scan                            0x08008835   Thumb Code   440  ott2001a.o(i.OTT2001A_Scan)
    OTT2001A_SensorControl                   0x08008a0d   Thumb Code    28  ott2001a.o(i.OTT2001A_SensorControl)
    OTT2001A_WR_Reg                          0x08008a29   Thumb Code    92  ott2001a.o(i.OTT2001A_WR_Reg)
    RTC_Get                                  0x08008a85   Thumb Code   242  rtc.o(i.RTC_Get)
    RTC_Get_Week                             0x08008b8d   Thumb Code   114  rtc.o(i.RTC_Get_Week)
    RTC_IRQHandler                           0x08008c05   Thumb Code    66  rtc.o(i.RTC_IRQHandler)
    RTC_Init                                 0x08008c4d   Thumb Code   336  rtc.o(i.RTC_Init)
    RTC_SET                                  0x08008dad   Thumb Code   162  rtc.o(i.RTC_SET)
    RTC_Set                                  0x08008e55   Thumb Code   244  rtc.o(i.RTC_Set)
    SD_DisSelect                             0x08008f65   Thumb Code    18  mmc_sd.o(i.SD_DisSelect)
    SD_GetCSD                                0x08008f7d   Thumb Code    42  mmc_sd.o(i.SD_GetCSD)
    SD_GetResponse                           0x08008fa7   Thumb Code    38  mmc_sd.o(i.SD_GetResponse)
    SD_GetSectorCount                        0x08008fcd   Thumb Code   118  mmc_sd.o(i.SD_GetSectorCount)
    SD_Initialize                            0x08009045   Thumb Code   386  mmc_sd.o(i.SD_Initialize)
    SD_ReadDisk                              0x080091cd   Thumb Code   112  mmc_sd.o(i.SD_ReadDisk)
    SD_RecvData                              0x08009241   Thumb Code    56  mmc_sd.o(i.SD_RecvData)
    SD_SPI_Init                              0x08009279   Thumb Code    66  mmc_sd.o(i.SD_SPI_Init)
    SD_SPI_ReadWriteByte                     0x080092d1   Thumb Code    12  mmc_sd.o(i.SD_SPI_ReadWriteByte)
    SD_SPI_SpeedHigh                         0x080092dd   Thumb Code    10  mmc_sd.o(i.SD_SPI_SpeedHigh)
    SD_SPI_SpeedLow                          0x080092e7   Thumb Code    10  mmc_sd.o(i.SD_SPI_SpeedLow)
    SD_Select                                0x080092f1   Thumb Code    26  mmc_sd.o(i.SD_Select)
    SD_SendBlock                             0x08009311   Thumb Code    82  mmc_sd.o(i.SD_SendBlock)
    SD_SendCmd                               0x08009363   Thumb Code   120  mmc_sd.o(i.SD_SendCmd)
    SD_WaitReady                             0x080093db   Thumb Code    34  mmc_sd.o(i.SD_WaitReady)
    SD_WriteDisk                             0x080093fd   Thumb Code   140  mmc_sd.o(i.SD_WriteDisk)
    SPI1_Init                                0x0800948d   Thumb Code   162  spi.o(i.SPI1_Init)
    SPI1_ReadWriteByte                       0x08009541   Thumb Code    74  spi.o(i.SPI1_ReadWriteByte)
    SPI1_SetSpeed                            0x08009591   Thumb Code    40  spi.o(i.SPI1_SetSpeed)
    SPI_FLASH_Write_Enable                   0x080095bd   Thumb Code    26  flash.o(i.SPI_FLASH_Write_Enable)
    SPI_Flash_Erase_Sector                   0x080095e1   Thumb Code    64  flash.o(i.SPI_Flash_Erase_Sector)
    SPI_Flash_Init                           0x08009629   Thumb Code    74  flash.o(i.SPI_Flash_Init)
    SPI_Flash_Read                           0x08009689   Thumb Code    76  flash.o(i.SPI_Flash_Read)
    SPI_Flash_ReadID                         0x080096d9   Thumb Code    66  flash.o(i.SPI_Flash_ReadID)
    SPI_Flash_ReadSR                         0x08009725   Thumb Code    38  flash.o(i.SPI_Flash_ReadSR)
    SPI_Flash_Wait_Busy                      0x08009755   Thumb Code    16  flash.o(i.SPI_Flash_Wait_Busy)
    SPI_Flash_Write                          0x08009765   Thumb Code   196  flash.o(i.SPI_Flash_Write)
    SPI_Flash_Write_NoCheck                  0x08009829   Thumb Code    70  flash.o(i.SPI_Flash_Write_NoCheck)
    SPI_Flash_Write_Page                     0x08009871   Thumb Code    82  flash.o(i.SPI_Flash_Write_Page)
    Show_Font                                0x080098c9   Thumb Code   200  text.o(i.Show_Font)
    Show_Str                                 0x08009991   Thumb Code   218  text.o(i.Show_Str)
    Stm32_Clock_Init                         0x08009a6d   Thumb Code   130  sys.o(i.Stm32_Clock_Init)
    SysTick_Handler                          0x08009af9   Thumb Code    16  delay.o(i.SysTick_Handler)
    Sys_Enter_Standby                        0x08009b09   Thumb Code    20  wkup.o(i.Sys_Enter_Standby)
    Sys_Standby                              0x08009b21   Thumb Code    64  sys.o(i.Sys_Standby)
    TIM2_IRQHandler                          0x08009b6d   Thumb Code   172  timer.o(i.TIM2_IRQHandler)
    TIM3_IRQHandler                          0x08009c21   Thumb Code    40  timer.o(i.TIM3_IRQHandler)
    TP_Adj_Info_Show                         0x08009c51   Thumb Code   664  touch.o(i.TP_Adj_Info_Show)
    TP_Adjust                                0x08009f19   Thumb Code  2200  touch.o(i.TP_Adjust)
    TP_Drow_Touch_Point                      0x0800a7b1   Thumb Code   118  touch.o(i.TP_Drow_Touch_Point)
    TP_Get_Adjdata                           0x0800a829   Thumb Code   152  touch.o(i.TP_Get_Adjdata)
    TP_Init                                  0x0800a8d1   Thumb Code   212  touch.o(i.TP_Init)
    TP_Read_AD                               0x0800a9bd   Thumb Code   132  touch.o(i.TP_Read_AD)
    TP_Read_XOY                              0x0800aa51   Thumb Code   120  touch.o(i.TP_Read_XOY)
    TP_Read_XY                               0x0800aac9   Thumb Code    38  touch.o(i.TP_Read_XY)
    TP_Read_XY2                              0x0800aaf9   Thumb Code   192  touch.o(i.TP_Read_XY2)
    TP_Save_Adjdata                          0x0800abb9   Thumb Code   110  touch.o(i.TP_Save_Adjdata)
    TP_Scan                                  0x0800ac31   Thumb Code   252  touch.o(i.TP_Scan)
    TP_Write_Byte                            0x0800ad35   Thumb Code    72  touch.o(i.TP_Write_Byte)
    USART1_IRQHandler                        0x0800ad89   Thumb Code   128  usart.o(i.USART1_IRQHandler)
    WWDG_IRQHandler                          0x0800ae15   Thumb Code    34  wdg.o(i.WWDG_IRQHandler)
    WWDG_Set_Counter                         0x0800ae45   Thumb Code    10  wdg.o(i.WWDG_Set_Counter)
    __ARM_fpclassify                         0x0800ae55   Thumb Code    40  fpclassify.o(i.__ARM_fpclassify)
    _is_digit                                0x0800ae7d   Thumb Code    14  __printf_wp.o(i._is_digit)
    _sys_exit                                0x0800ae8b   Thumb Code     6  usart.o(i._sys_exit)
    check_tp_coords                          0x0800af21   Thumb Code    44  touch.o(i.check_tp_coords)
    clust2sect                               0x0800af97   Thumb Code    26  ff.o(i.clust2sect)
    delay_init                               0x0800b389   Thumb Code    80  delay.o(i.delay_init)
    delay_ms                                 0x0800b3e1   Thumb Code    62  delay.o(i.delay_ms)
    delay_us                                 0x0800b429   Thumb Code    86  delay.o(i.delay_us)
    dir_sdi                                  0x0800b7f7   Thumb Code   158  ff.o(i.dir_sdi)
    disk_initialize                          0x0800b895   Thumb Code    88  diskio.o(i.disk_initialize)
    disk_ioctl                               0x0800b8f5   Thumb Code   154  diskio.o(i.disk_ioctl)
    disk_read                                0x0800b999   Thumb Code   118  diskio.o(i.disk_read)
    disk_status                              0x0800ba0f   Thumb Code     6  diskio.o(i.disk_status)
    disk_write                               0x0800ba15   Thumb Code    98  diskio.o(i.disk_write)
    exf_getfree                              0x0800ba77   Thumb Code    74  exfuns.o(i.exf_getfree)
    exfuns_init                              0x0800bac1   Thumb Code   100  exfuns.o(i.exfuns_init)
    f_close                                  0x0800bb35   Thumb Code    32  ff.o(i.f_close)
    f_getfree                                0x0800bb55   Thumb Code   258  ff.o(i.f_getfree)
    f_lseek                                  0x0800bc57   Thumb Code   652  ff.o(i.f_lseek)
    f_mkdir                                  0x0800bee3   Thumb Code   380  ff.o(i.f_mkdir)
    f_mount                                  0x0800c061   Thumb Code    86  ff.o(i.f_mount)
    f_open                                   0x0800c0bd   Thumb Code   380  ff.o(i.f_open)
    f_read                                   0x0800c239   Thumb Code   430  ff.o(i.f_read)
    f_sync                                   0x0800c3e7   Thumb Code   174  ff.o(i.f_sync)
    f_write                                  0x0800c495   Thumb Code   496  ff.o(i.f_write)
    ff_convert                               0x0800c685   Thumb Code   146  mycc936.o(i.ff_convert)
    ff_memalloc                              0x0800c71d   Thumb Code    12  diskio.o(i.ff_memalloc)
    ff_memfree                               0x0800c729   Thumb Code    12  diskio.o(i.ff_memfree)
    ff_wtoupper                              0x0800c735   Thumb Code    46  mycc936.o(i.ff_wtoupper)
    font_init                                0x0800cc05   Thumb Code    32  fontupd.o(i.font_init)
    fputc                                    0x0800cc2d   Thumb Code    22  usart.o(i.fputc)
    get_fat                                  0x0800cd0d   Thumb Code   232  ff.o(i.get_fat)
    get_fattime                              0x0800cdf5   Thumb Code    56  diskio.o(i.get_fattime)
    key_task                                 0x0800ce7d   Thumb Code    42  test.o(i.key_task)
    led_task                                 0x0800ced1   Thumb Code    62  test.o(i.led_task)
    main                                     0x0800cf19   Thumb Code    30  test.o(i.main)
    main_task                                0x0800cf41   Thumb Code  4916  test.o(i.main_task)
    mem_free                                 0x0800e2b9   Thumb Code    66  malloc.o(i.mem_free)
    mem_init                                 0x0800e301   Thumb Code    38  malloc.o(i.mem_init)
    mem_malloc                               0x0800e32d   Thumb Code   116  malloc.o(i.mem_malloc)
    mem_perused                              0x0800e3a5   Thumb Code    42  malloc.o(i.mem_perused)
    myfree                                   0x0800e41d   Thumb Code    24  malloc.o(i.myfree)
    mymalloc                                 0x0800e439   Thumb Code    26  malloc.o(i.mymalloc)
    mymemset                                 0x0800e459   Thumb Code    20  malloc.o(i.mymemset)
    put_fat                                  0x0800e46d   Thumb Code   316  ff.o(i.put_fat)
    rtc_time_transform                       0x0800e615   Thumb Code    46  rtc.o(i.rtc_time_transform)
    sqrt                                     0x0800e66d   Thumb Code    78  sqrt.o(i.sqrt)
    start_task                               0x0800e6cd   Thumb Code   120  test.o(i.start_task)
    system_init                              0x0800e8a5   Thumb Code  1042  test.o(i.system_init)
    table_DrawLine                           0x0800ed81   Thumb Code   180  ili93xx.o(i.table_DrawLine)
    touch_task                               0x0800ee39   Thumb Code   236  test.o(i.touch_task)
    u1_printf                                0x0800ef49   Thumb Code    70  usart.o(i.u1_printf)
    uart_init                                0x0800ef99   Thumb Code   212  usart.o(i.uart_init)
    _get_lc_numeric                          0x0800f0b5   Thumb Code    44  lc_numeric_c.o(locale$$code)
    _get_lc_ctype                            0x0800f0e1   Thumb Code    44  lc_ctype_c.o(locale$$code)
    __aeabi_dadd                             0x0800f10d   Thumb Code     0  daddsub_clz.o(x$fpl$dadd)
    _dadd                                    0x0800f10d   Thumb Code   332  daddsub_clz.o(x$fpl$dadd)
    __fpl_dcmp_Inf                           0x0800f25d   Thumb Code    24  dcmpi.o(x$fpl$dcmpinf)
    __aeabi_d2uiz                            0x0800f275   Thumb Code     0  dfixu.o(x$fpl$dfixu)
    _dfixu                                   0x0800f275   Thumb Code    90  dfixu.o(x$fpl$dfixu)
    __aeabi_i2d                              0x0800f2cf   Thumb Code     0  dflt_clz.o(x$fpl$dflt)
    _dflt                                    0x0800f2cf   Thumb Code    46  dflt_clz.o(x$fpl$dflt)
    __aeabi_ui2d                             0x0800f2fd   Thumb Code     0  dflt_clz.o(x$fpl$dfltu)
    _dfltu                                   0x0800f2fd   Thumb Code    38  dflt_clz.o(x$fpl$dfltu)
    __aeabi_cdcmple                          0x0800f325   Thumb Code     0  dleqf.o(x$fpl$dleqf)
    _dcmple                                  0x0800f325   Thumb Code   120  dleqf.o(x$fpl$dleqf)
    __fpl_dcmple_InfNaN                      0x0800f387   Thumb Code     0  dleqf.o(x$fpl$dleqf)
    __aeabi_dmul                             0x0800f39d   Thumb Code     0  dmul.o(x$fpl$dmul)
    _dmul                                    0x0800f39d   Thumb Code   332  dmul.o(x$fpl$dmul)
    __fpl_dnaninf                            0x0800f4f1   Thumb Code   156  dnaninf.o(x$fpl$dnaninf)
    __fpl_dretinf                            0x0800f58d   Thumb Code    12  dretinf.o(x$fpl$dretinf)
    __aeabi_cdrcmple                         0x0800f599   Thumb Code     0  drleqf.o(x$fpl$drleqf)
    _drcmple                                 0x0800f599   Thumb Code   108  drleqf.o(x$fpl$drleqf)
    __aeabi_drsub                            0x0800f605   Thumb Code     0  daddsub_clz.o(x$fpl$drsb)
    _drsb                                    0x0800f605   Thumb Code    22  daddsub_clz.o(x$fpl$drsb)
    _dsqrt                                   0x0800f61d   Thumb Code   456  dsqrt_noumaal.o(x$fpl$dsqrt)
    __aeabi_dsub                             0x0800f7e9   Thumb Code     0  daddsub_clz.o(x$fpl$dsub)
    _dsub                                    0x0800f7e9   Thumb Code   464  daddsub_clz.o(x$fpl$dsub)
    __aeabi_f2d                              0x0800f9bd   Thumb Code     0  f2d.o(x$fpl$f2d)
    _f2d                                     0x0800f9bd   Thumb Code    86  f2d.o(x$fpl$f2d)
    __aeabi_fadd                             0x0800fa15   Thumb Code     0  faddsub_clz.o(x$fpl$fadd)
    _fadd                                    0x0800fa15   Thumb Code   196  faddsub_clz.o(x$fpl$fadd)
    __fpl_fcmp_Inf                           0x0800fad9   Thumb Code    24  fcmpi.o(x$fpl$fcmpinf)
    __aeabi_fdiv                             0x0800faf1   Thumb Code     0  fdiv.o(x$fpl$fdiv)
    _fdiv                                    0x0800faf1   Thumb Code   384  fdiv.o(x$fpl$fdiv)
    __aeabi_f2iz                             0x0800fc75   Thumb Code     0  ffix.o(x$fpl$ffix)
    _ffix                                    0x0800fc75   Thumb Code    54  ffix.o(x$fpl$ffix)
    __aeabi_f2uiz                            0x0800fcad   Thumb Code     0  ffixu.o(x$fpl$ffixu)
    _ffixu                                   0x0800fcad   Thumb Code    62  ffixu.o(x$fpl$ffixu)
    __aeabi_i2f                              0x0800fced   Thumb Code     0  fflt_clz.o(x$fpl$fflt)
    _fflt                                    0x0800fced   Thumb Code    48  fflt_clz.o(x$fpl$fflt)
    __aeabi_ui2f                             0x0800fd1d   Thumb Code     0  fflt_clz.o(x$fpl$ffltu)
    _ffltu                                   0x0800fd1d   Thumb Code    38  fflt_clz.o(x$fpl$ffltu)
    __aeabi_cfcmple                          0x0800fd45   Thumb Code     0  fleqf.o(x$fpl$fleqf)
    _fcmple                                  0x0800fd45   Thumb Code   104  fleqf.o(x$fpl$fleqf)
    __fpl_fcmple_InfNaN                      0x0800fd97   Thumb Code     0  fleqf.o(x$fpl$fleqf)
    __aeabi_fmul                             0x0800fdad   Thumb Code     0  fmul.o(x$fpl$fmul)
    _fmul                                    0x0800fdad   Thumb Code   258  fmul.o(x$fpl$fmul)
    __fpl_fnaninf                            0x0800feaf   Thumb Code   140  fnaninf.o(x$fpl$fnaninf)
    __fpl_fretinf                            0x0800ff3b   Thumb Code    10  fretinf.o(x$fpl$fretinf)
    __aeabi_cfrcmple                         0x0800ff45   Thumb Code     0  frleqf.o(x$fpl$frleqf)
    _frcmple                                 0x0800ff45   Thumb Code    98  frleqf.o(x$fpl$frleqf)
    __aeabi_frsub                            0x0800ffa7   Thumb Code     0  faddsub_clz.o(x$fpl$frsb)
    _frsb                                    0x0800ffa7   Thumb Code    20  faddsub_clz.o(x$fpl$frsb)
    __aeabi_fsub                             0x0800ffbd   Thumb Code     0  faddsub_clz.o(x$fpl$fsub)
    _fsub                                    0x0800ffbd   Thumb Code   234  faddsub_clz.o(x$fpl$fsub)
    _printf_fp_dec                           0x080100a7   Thumb Code     4  printf1.o(x$fpl$printf1)
    __I$use$fp                               0x080100aa   Number         0  usenofp.o(x$fpl$usenofp)
    asc2_1206                                0x080100aa   Data        1140  ili93xx.o(.constdata)
    asc2_1608                                0x0801051e   Data        1520  ili93xx.o(.constdata)
    asc2_2412                                0x08010b0e   Data        3420  ili93xx.o(.constdata)
    table_week                               0x0801186a   Data          12  rtc.o(.constdata)
    mon_table                                0x08011876   Data          12  rtc.o(.constdata)
    TP_REMIND_MSG_TBL                        0x08011884   Data           4  touch.o(.constdata)
    OTT_TPX_TBL                              0x08011888   Data          10  ott2001a.o(.constdata)
    GT9147_CFG_TBL                           0x08011892   Data         184  gt9147.o(.constdata)
    GT9147_TPX_TBL                           0x0801194a   Data          10  gt9147.o(.constdata)
    OSUnMapTbl                               0x08011d4e   Data         256  os_core.o(.constdata)
    Region$$Table$$Base                      0x08012004   Number         0  anon$$obj.o(Region$$Table)
    Region$$Table$$Limit                     0x08012024   Number         0  anon$$obj.o(Region$$Table)
    __ctype                                  0x0801204d   Data           0  lc_ctype_c.o(locale$$data)
    point_color                              0x20000000   Data          12  test.o(.data)
    KEY_Box                                  0x20000034   Data           4  test.o(.data)
    LED_Box                                  0x20000038   Data           4  test.o(.data)
    TOUCH_Box                                0x2000003c   Data           4  test.o(.data)
    system_task_return                       0x20000040   Data           1  test.o(.data)
    USART1_RX_STA                            0x20000050   Data           2  usart.o(.data)
    __stdout                                 0x20000054   Data           4  usart.o(.data)
    TIM2CH1_CAPTURE_STA                      0x2000005a   Data           1  timer.o(.data)
    TIM2CH1_CAPTURE_VAL                      0x2000005c   Data           2  timer.o(.data)
    POINT_COLOR                              0x2000005e   Data           2  ili93xx.o(.data)
    BACK_COLOR                               0x20000060   Data           2  ili93xx.o(.data)
    rtc_time_string                          0x20000062   Data          20  rtc.o(.data)
    SPI_FLASH_TYPE                           0x20000078   Data           2  flash.o(.data)
    tp_dev                                   0x2000007c   Data          52  touch.o(.data)
    CMD_RDX                                  0x200000b0   Data           1  touch.o(.data)
    CMD_RDY                                  0x200000b1   Data           1  touch.o(.data)
    SD_Type                                  0x200000b4   Data           1  mmc_sd.o(.data)
    WWDG_CNT                                 0x200000b5   Data           1  wdg.o(.data)
    mallco_dev                               0x200000b8   Data          20  malloc.o(.data)
    FLASH_SECTOR_COUNT                       0x200000cc   Data           2  diskio.o(.data)
    FILE_TYPE_TBL                            0x200000dc   Data         312  exfuns.o(.data)
    fs                                       0x20000214   Data           8  exfuns.o(.data)
    file                                     0x2000021c   Data           4  exfuns.o(.data)
    ftemp                                    0x20000220   Data           4  exfuns.o(.data)
    br                                       0x20000224   Data           4  exfuns.o(.data)
    bw                                       0x20000228   Data           4  exfuns.o(.data)
    fatbuf                                   0x2000022c   Data           4  exfuns.o(.data)
    OSCtxSwCtr                               0x20000230   Data           4  os_core.o(.data)
    OSEventFreeList                          0x20000234   Data           4  os_core.o(.data)
    OSFlagFreeList                           0x20000238   Data           4  os_core.o(.data)
    OSCPUUsage                               0x2000023c   Data           1  os_core.o(.data)
    OSIdleCtrMax                             0x20000240   Data           4  os_core.o(.data)
    OSIdleCtrRun                             0x20000244   Data           4  os_core.o(.data)
    OSStatRdy                                0x20000248   Data           1  os_core.o(.data)
    OSIntNesting                             0x20000249   Data           1  os_core.o(.data)
    OSLockNesting                            0x2000024a   Data           1  os_core.o(.data)
    OSPrioCur                                0x2000024b   Data           1  os_core.o(.data)
    OSPrioHighRdy                            0x2000024c   Data           1  os_core.o(.data)
    OSRdyGrp                                 0x2000024d   Data           1  os_core.o(.data)
    OSRdyTbl                                 0x2000024e   Data           8  os_core.o(.data)
    OSRunning                                0x20000256   Data           1  os_core.o(.data)
    OSTaskCtr                                0x20000257   Data           1  os_core.o(.data)
    OSIdleCtr                                0x20000258   Data           4  os_core.o(.data)
    OSTCBCur                                 0x2000025c   Data           4  os_core.o(.data)
    OSTCBFreeList                            0x20000260   Data           4  os_core.o(.data)
    OSTCBHighRdy                             0x20000264   Data           4  os_core.o(.data)
    OSTCBList                                0x20000268   Data           4  os_core.o(.data)
    OSTickStepState                          0x2000026c   Data           1  os_core.o(.data)
    OSQFreeList                              0x20000270   Data           4  os_core.o(.data)
    OSTime                                   0x20000274   Data           4  os_core.o(.data)
    USART1_RX_BUF                            0x200015a0   Data         200  usart.o(.bss)
    USART1_TX_BUF                            0x20001668   Data         200  usart.o(.bss)
    lcddev                                   0x20001730   Data          14  ili93xx.o(.bss)
    table                                    0x2000173e   Data       12000  ili93xx.o(.bss)
    calendar                                 0x2000461e   Data          10  rtc.o(.bss)
    membase                                  0x20004628   Data       15360  malloc.o(.bss)
    memmapbase                               0x20008228   Data         960  malloc.o(.bss)
    ftinfo                                   0x200085e8   Data          33  fontupd.o(.bss)
    OSEventTbl                               0x2000860c   Data         400  os_core.o(.bss)
    OSFlagTbl                                0x2000879c   Data          80  os_core.o(.bss)
    OSTaskStatStk                            0x200087ec   Data         512  os_core.o(.bss)
    OSTaskIdleStk                            0x200089ec   Data         512  os_core.o(.bss)
    OSTCBPrioTbl                             0x20008bec   Data         256  os_core.o(.bss)
    OSTCBTbl                                 0x20008cec   Data        1848  os_core.o(.bss)
    OSQTbl                                   0x20009424   Data         120  os_core.o(.bss)
    __libspace_start                         0x2000949c   Data          96  libspace.o(.bss)
    __temporary_stack_top$libspace           0x200094fc   Data           0  libspace.o(.bss)



==============================================================================

Memory Map of the image

  Image Entry point : 0x08000131

  Load Region LR_IROM1 (Base: 0x08000000, Size: 0x000123c8, Max: 0x00040000, ABSOLUTE, COMPRESSED[0x00012210])

    Execution Region ER_IROM1 (Base: 0x08000000, Size: 0x00012150, Max: 0x00040000, ABSOLUTE)

    Base Addr    Size         Type   Attr      Idx    E Section Name        Object

    0x08000000   0x00000130   Data   RO            3    RESET               startup_stm32f10x_hd.o
    0x08000130   0x00000008   Code   RO         5022  * !!!main             c_w.l(__main.o)
    0x08000138   0x00000034   Code   RO         5388    !!!scatter          c_w.l(__scatter.o)
    0x0800016c   0x0000005a   Code   RO         5386    !!dczerorl2         c_w.l(__dczerorl2.o)
    0x080001c6   0x00000002   PAD
    0x080001c8   0x0000001c   Code   RO         5390    !!handler_zi        c_w.l(__scatter_zi.o)
    0x080001e4   0x00000000   Code   RO         5007    .ARM.Collect$$_printf_percent$$00000000  c_w.l(_printf_percent.o)
    0x080001e4   0x00000006   Code   RO         5130    .ARM.Collect$$_printf_percent$$00000001  c_w.l(_printf_n.o)
    0x080001ea   0x00000006   Code   RO         5131    .ARM.Collect$$_printf_percent$$00000002  c_w.l(_printf_p.o)
    0x080001f0   0x00000006   Code   RO         5135    .ARM.Collect$$_printf_percent$$00000003  c_w.l(_printf_f.o)
    0x080001f6   0x00000006   Code   RO         5136    .ARM.Collect$$_printf_percent$$00000004  c_w.l(_printf_e.o)
    0x080001fc   0x00000006   Code   RO         5137    .ARM.Collect$$_printf_percent$$00000005  c_w.l(_printf_g.o)
    0x08000202   0x00000006   Code   RO         5138    .ARM.Collect$$_printf_percent$$00000006  c_w.l(_printf_a.o)
    0x08000208   0x0000000a   Code   RO         5143    .ARM.Collect$$_printf_percent$$00000007  c_w.l(_printf_ll.o)
    0x08000212   0x00000006   Code   RO         5133    .ARM.Collect$$_printf_percent$$00000008  c_w.l(_printf_i.o)
    0x08000218   0x00000006   Code   RO         5006    .ARM.Collect$$_printf_percent$$00000009  c_w.l(_printf_d.o)
    0x0800021e   0x00000006   Code   RO         5134    .ARM.Collect$$_printf_percent$$0000000A  c_w.l(_printf_u.o)
    0x08000224   0x00000006   Code   RO         5132    .ARM.Collect$$_printf_percent$$0000000B  c_w.l(_printf_o.o)
    0x0800022a   0x00000006   Code   RO         5005    .ARM.Collect$$_printf_percent$$0000000C  c_w.l(_printf_x.o)
    0x08000230   0x00000006   Code   RO         5140    .ARM.Collect$$_printf_percent$$0000000D  c_w.l(_printf_lli.o)
    0x08000236   0x00000006   Code   RO         5141    .ARM.Collect$$_printf_percent$$0000000E  c_w.l(_printf_lld.o)
    0x0800023c   0x00000006   Code   RO         5142    .ARM.Collect$$_printf_percent$$0000000F  c_w.l(_printf_llu.o)
    0x08000242   0x00000006   Code   RO         5147    .ARM.Collect$$_printf_percent$$00000010  c_w.l(_printf_llo.o)
    0x08000248   0x00000006   Code   RO         5148    .ARM.Collect$$_printf_percent$$00000011  c_w.l(_printf_llx.o)
    0x0800024e   0x0000000a   Code   RO         5144    .ARM.Collect$$_printf_percent$$00000012  c_w.l(_printf_l.o)
    0x08000258   0x00000006   Code   RO         5003    .ARM.Collect$$_printf_percent$$00000013  c_w.l(_printf_c.o)
    0x0800025e   0x00000006   Code   RO         5004    .ARM.Collect$$_printf_percent$$00000014  c_w.l(_printf_s.o)
    0x08000264   0x00000006   Code   RO         5145    .ARM.Collect$$_printf_percent$$00000015  c_w.l(_printf_lc.o)
    0x0800026a   0x00000006   Code   RO         5146    .ARM.Collect$$_printf_percent$$00000016  c_w.l(_printf_ls.o)
    0x08000270   0x00000004   Code   RO         5139    .ARM.Collect$$_printf_percent$$00000017  c_w.l(_printf_percent_end.o)
    0x08000274   0x00000002   Code   RO         5255    .ARM.Collect$$libinit$$00000000  c_w.l(libinit.o)
    0x08000276   0x00000000   Code   RO         5270    .ARM.Collect$$libinit$$00000002  c_w.l(libinit2.o)
    0x08000276   0x00000000   Code   RO         5273    .ARM.Collect$$libinit$$00000008  c_w.l(libinit2.o)
    0x08000276   0x00000000   Code   RO         5275    .ARM.Collect$$libinit$$0000000A  c_w.l(libinit2.o)
    0x08000276   0x00000000   Code   RO         5277    .ARM.Collect$$libinit$$0000000C  c_w.l(libinit2.o)
    0x08000276   0x00000006   Code   RO         5278    .ARM.Collect$$libinit$$0000000D  c_w.l(libinit2.o)
    0x0800027c   0x00000000   Code   RO         5280    .ARM.Collect$$libinit$$0000000F  c_w.l(libinit2.o)
    0x0800027c   0x0000000c   Code   RO         5281    .ARM.Collect$$libinit$$00000010  c_w.l(libinit2.o)
    0x08000288   0x00000000   Code   RO         5282    .ARM.Collect$$libinit$$00000011  c_w.l(libinit2.o)
    0x08000288   0x00000000   Code   RO         5284    .ARM.Collect$$libinit$$00000013  c_w.l(libinit2.o)
    0x08000288   0x0000000a   Code   RO         5285    .ARM.Collect$$libinit$$00000014  c_w.l(libinit2.o)
    0x08000292   0x00000000   Code   RO         5286    .ARM.Collect$$libinit$$00000015  c_w.l(libinit2.o)
    0x08000292   0x00000000   Code   RO         5288    .ARM.Collect$$libinit$$00000017  c_w.l(libinit2.o)
    0x08000292   0x00000000   Code   RO         5290    .ARM.Collect$$libinit$$00000019  c_w.l(libinit2.o)
    0x08000292   0x00000000   Code   RO         5292    .ARM.Collect$$libinit$$0000001B  c_w.l(libinit2.o)
    0x08000292   0x00000000   Code   RO         5294    .ARM.Collect$$libinit$$0000001D  c_w.l(libinit2.o)
    0x08000292   0x00000000   Code   RO         5296    .ARM.Collect$$libinit$$0000001F  c_w.l(libinit2.o)
    0x08000292   0x00000000   Code   RO         5298    .ARM.Collect$$libinit$$00000021  c_w.l(libinit2.o)
    0x08000292   0x00000000   Code   RO         5300    .ARM.Collect$$libinit$$00000023  c_w.l(libinit2.o)
    0x08000292   0x00000000   Code   RO         5304    .ARM.Collect$$libinit$$0000002A  c_w.l(libinit2.o)
    0x08000292   0x00000000   Code   RO         5306    .ARM.Collect$$libinit$$0000002C  c_w.l(libinit2.o)
    0x08000292   0x00000000   Code   RO         5308    .ARM.Collect$$libinit$$0000002E  c_w.l(libinit2.o)
    0x08000292   0x00000000   Code   RO         5310    .ARM.Collect$$libinit$$00000030  c_w.l(libinit2.o)
    0x08000292   0x00000002   Code   RO         5311    .ARM.Collect$$libinit$$00000031  c_w.l(libinit2.o)
    0x08000294   0x00000002   Code   RO         5339    .ARM.Collect$$libshutdown$$00000000  c_w.l(libshutdown.o)
    0x08000296   0x00000000   Code   RO         5354    .ARM.Collect$$libshutdown$$00000003  c_w.l(libshutdown2.o)
    0x08000296   0x00000000   Code   RO         5357    .ARM.Collect$$libshutdown$$00000006  c_w.l(libshutdown2.o)
    0x08000296   0x00000000   Code   RO         5360    .ARM.Collect$$libshutdown$$00000009  c_w.l(libshutdown2.o)
    0x08000296   0x00000000   Code   RO         5362    .ARM.Collect$$libshutdown$$0000000B  c_w.l(libshutdown2.o)
    0x08000296   0x00000000   Code   RO         5365    .ARM.Collect$$libshutdown$$0000000E  c_w.l(libshutdown2.o)
    0x08000296   0x00000002   Code   RO         5366    .ARM.Collect$$libshutdown$$0000000F  c_w.l(libshutdown2.o)
    0x08000298   0x00000000   Code   RO         5100    .ARM.Collect$$rtentry$$00000000  c_w.l(rtentry.o)
    0x08000298   0x00000000   Code   RO         5167    .ARM.Collect$$rtentry$$00000002  c_w.l(rtentry2.o)
    0x08000298   0x00000006   Code   RO         5179    .ARM.Collect$$rtentry$$00000004  c_w.l(rtentry4.o)
    0x0800029e   0x00000000   Code   RO         5169    .ARM.Collect$$rtentry$$00000009  c_w.l(rtentry2.o)
    0x0800029e   0x00000004   Code   RO         5170    .ARM.Collect$$rtentry$$0000000A  c_w.l(rtentry2.o)
    0x080002a2   0x00000000   Code   RO         5172    .ARM.Collect$$rtentry$$0000000C  c_w.l(rtentry2.o)
    0x080002a2   0x00000008   Code   RO         5173    .ARM.Collect$$rtentry$$0000000D  c_w.l(rtentry2.o)
    0x080002aa   0x00000002   Code   RO         5260    .ARM.Collect$$rtexit$$00000000  c_w.l(rtexit.o)
    0x080002ac   0x00000000   Code   RO         5313    .ARM.Collect$$rtexit$$00000002  c_w.l(rtexit2.o)
    0x080002ac   0x00000004   Code   RO         5314    .ARM.Collect$$rtexit$$00000003  c_w.l(rtexit2.o)
    0x080002b0   0x00000006   Code   RO         5315    .ARM.Collect$$rtexit$$00000004  c_w.l(rtexit2.o)
    0x080002b6   0x00000002   PAD
    0x080002b8   0x0000000c   Code   RO          390    .emb_text           sys.o
    0x080002c4   0x00000038   Code   RO            4    .text               startup_stm32f10x_hd.o
    0x080002fc   0x000000b4   Code   RO         3542    .text               os_cpu_a.o
    0x080003b0   0x00000002   Code   RO         4940    .text               c_w.l(use_no_semi_2.o)
    0x080003b2   0x00000002   PAD
    0x080003b4   0x00000024   Code   RO         4944    .text               c_w.l(c89vsprintf.o)
    0x080003d8   0x00000018   Code   RO         4946    .text               c_w.l(__2printf.o)
    0x080003f0   0x0000002c   Code   RO         4948    .text               c_w.l(__2sprintf.o)
    0x0800041c   0x00000052   Code   RO         4956    .text               c_w.l(_printf_pad.o)
    0x0800046e   0x00000052   Code   RO         4958    .text               c_w.l(_printf_str.o)
    0x080004c0   0x00000078   Code   RO         4960    .text               c_w.l(_printf_dec.o)
    0x08000538   0x0000009c   Code   RO         4980    .text               c_w.l(_printf_hex_int_ll_ptr.o)
    0x080005d4   0x0000018c   Code   RO         5000    .text               c_w.l(__printf_flags_ss_wp.o)
    0x08000760   0x00000048   Code   RO         5010    .text               c_w.l(strcpy.o)
    0x080007a8   0x0000003e   Code   RO         5012    .text               c_w.l(strlen.o)
    0x080007e6   0x0000004e   Code   RO         5016    .text               c_w.l(rt_memclr_w.o)
    0x08000834   0x00000080   Code   RO         5018    .text               c_w.l(strcmpv7m.o)
    0x080008b4   0x00000006   Code   RO         5020    .text               c_w.l(heapauxi.o)
    0x080008ba   0x00000002   Code   RO         5098    .text               c_w.l(use_no_semi.o)
    0x080008bc   0x00000016   Code   RO         5103    .text               c_w.l(_rserrno.o)
    0x080008d2   0x00000024   Code   RO         5105    .text               c_w.l(_printf_truncate.o)
    0x080008f6   0x000000b8   Code   RO         5107    .text               c_w.l(_printf_intcommon.o)
    0x080009ae   0x0000002a   Code   RO         5109    .text               c_w.l(_printf_charcount.o)
    0x080009d8   0x00000030   Code   RO         5111    .text               c_w.l(_printf_char_common.o)
    0x08000a08   0x0000000a   Code   RO         5113    .text               c_w.l(_sputc.o)
    0x08000a12   0x0000002c   Code   RO         5115    .text               c_w.l(_printf_char.o)
    0x08000a3e   0x00000002   PAD
    0x08000a40   0x00000024   Code   RO         5117    .text               c_w.l(_printf_char_file.o)
    0x08000a64   0x000000bc   Code   RO         5119    .text               c_w.l(_printf_wctomb.o)
    0x08000b20   0x00000078   Code   RO         5122    .text               c_w.l(_printf_longlong_dec.o)
    0x08000b98   0x00000078   Code   RO         5128    .text               c_w.l(_printf_oct_int_ll.o)
    0x08000c10   0x00000008   Code   RO         5188    .text               c_w.l(rt_errno_addr_intlibspace.o)
    0x08000c18   0x0000008a   Code   RO         5190    .text               c_w.l(lludiv10.o)
    0x08000ca2   0x00000420   Code   RO         5192    .text               c_w.l(_printf_fp_dec.o)
    0x080010c2   0x0000002c   Code   RO         5196    .text               c_w.l(_printf_wchar.o)
    0x080010ee   0x00000008   Code   RO         5198    .text               c_w.l(ferror.o)
    0x080010f6   0x00000040   Code   RO         5202    .text               c_w.l(_wcrtomb.o)
    0x08001136   0x00000002   PAD
    0x08001138   0x00000008   Code   RO         5204    .text               c_w.l(libspace.o)
    0x08001140   0x0000004a   Code   RO         5207    .text               c_w.l(sys_stackheap_outer.o)
    0x0800118a   0x00000002   PAD
    0x0800118c   0x00000010   Code   RO         5209    .text               c_w.l(rt_ctype_table.o)
    0x0800119c   0x00000008   Code   RO         5216    .text               c_w.l(rt_locale_intlibspace.o)
    0x080011a4   0x00000080   Code   RO         5218    .text               c_w.l(_printf_fp_infnan.o)
    0x08001224   0x000000e4   Code   RO         5220    .text               c_w.l(bigflt0.o)
    0x08001308   0x0000000c   Code   RO         5248    .text               c_w.l(exit.o)
    0x08001314   0x0000003e   Code   RO         5223    CL$$btod_d2e        c_w.l(btod.o)
    0x08001352   0x00000046   Code   RO         5225    CL$$btod_d2e_denorm_low  c_w.l(btod.o)
    0x08001398   0x00000060   Code   RO         5224    CL$$btod_d2e_norm_op1  c_w.l(btod.o)
    0x080013f8   0x00000338   Code   RO         5233    CL$$btod_div_common  c_w.l(btod.o)
    0x08001730   0x000000c6   Code   RO         5230    CL$$btod_e2e        c_w.l(btod.o)
    0x080017f6   0x00000028   Code   RO         5227    CL$$btod_ediv       c_w.l(btod.o)
    0x0800181e   0x00000028   Code   RO         5226    CL$$btod_emul       c_w.l(btod.o)
    0x08001846   0x00000244   Code   RO         5232    CL$$btod_mult_common  c_w.l(btod.o)
    0x08001a8a   0x00000008   Code   RO         1033    i.AT24CXX_Init      24cxx.o
    0x08001a92   0x0000002c   Code   RO         1035    i.AT24CXX_ReadLenByte  24cxx.o
    0x08001abe   0x00000058   Code   RO         1036    i.AT24CXX_ReadOneByte  24cxx.o
    0x08001b16   0x0000002a   Code   RO         1038    i.AT24CXX_WriteLenByte  24cxx.o
    0x08001b40   0x00000052   Code   RO         1039    i.AT24CXX_WriteOneByte  24cxx.o
    0x08001b92   0x0000000a   Code   RO         1428    i.CT_Delay          ctiic.o
    0x08001b9c   0x00000050   Code   RO         1429    i.CT_IIC_Ack        ctiic.o
    0x08001bec   0x00000048   Code   RO         1430    i.CT_IIC_Init       ctiic.o
    0x08001c34   0x00000050   Code   RO         1431    i.CT_IIC_NAck       ctiic.o
    0x08001c84   0x00000070   Code   RO         1432    i.CT_IIC_Read_Byte  ctiic.o
    0x08001cf4   0x00000068   Code   RO         1433    i.CT_IIC_Send_Byte  ctiic.o
    0x08001d5c   0x0000004c   Code   RO         1434    i.CT_IIC_Start      ctiic.o
    0x08001da8   0x0000004c   Code   RO         1435    i.CT_IIC_Stop       ctiic.o
    0x08001df4   0x00000064   Code   RO         1436    i.CT_IIC_Wait_Ack   ctiic.o
    0x08001e58   0x00000044   Code   RO          950    i.Check_WKUP        wkup.o
    0x08001e9c   0x00000018   Code   RO          462    i.Clear_USART1_RX_BUF  usart.o
    0x08001eb4   0x00000018   Code   RO          951    i.EXTI0_IRQHandler  wkup.o
    0x08001ecc   0x00000144   Code   RO         1567    i.GT9147_Init       gt9147.o
    0x08002010   0x00000062   Code   RO         1568    i.GT9147_RD_Reg     gt9147.o
    0x08002072   0x00000002   PAD
    0x08002074   0x000001a4   Code   RO         1569    i.GT9147_Scan       gt9147.o
    0x08002218   0x0000005c   Code   RO         1570    i.GT9147_Send_Cfg   gt9147.o
    0x08002274   0x0000005c   Code   RO         1571    i.GT9147_WR_Reg     gt9147.o
    0x080022d0   0x000000e0   Code   RO         2693    i.Get_HzMat         text.o
    0x080023b0   0x00000054   Code   RO         1100    i.IIC_Ack           myiic.o
    0x08002404   0x00000038   Code   RO         1101    i.IIC_Init          myiic.o
    0x0800243c   0x00000054   Code   RO         1102    i.IIC_NAck          myiic.o
    0x08002490   0x00000074   Code   RO         1103    i.IIC_Read_Byte     myiic.o
    0x08002504   0x00000070   Code   RO         1104    i.IIC_Send_Byte     myiic.o
    0x08002574   0x00000050   Code   RO         1105    i.IIC_Start         myiic.o
    0x080025c4   0x00000050   Code   RO         1106    i.IIC_Stop          myiic.o
    0x08002614   0x00000068   Code   RO         1107    i.IIC_Wait_Ack      myiic.o
    0x0800267c   0x00000010   Code   RO         1805    i.IWDG_Feed         wdg.o
    0x0800268c   0x00000020   Code   RO         1806    i.IWDG_Init         wdg.o
    0x080026ac   0x0000003a   Code   RO          872    i.Is_Leap_Year      rtc.o
    0x080026e6   0x00000002   PAD
    0x080026e8   0x00000030   Code   RO          392    i.JTAG_Set          sys.o
    0x08002718   0x00000088   Code   RO          552    i.KEY_Init          key.o
    0x080027a0   0x00000084   Code   RO          553    i.KEY_Scan          key.o
    0x08002824   0x00000088   Code   RO          661    i.LCD_Clear         ili93xx.o
    0x080028ac   0x000001a8   Code   RO          665    i.LCD_Display_Dir   ili93xx.o
    0x08002a54   0x000000ac   Code   RO          666    i.LCD_DrawLine      ili93xx.o
    0x08002b00   0x00000038   Code   RO          667    i.LCD_DrawPoint     ili93xx.o
    0x08002b38   0x000000c6   Code   RO          669    i.LCD_Draw_Circle   ili93xx.o
    0x08002bfe   0x00000002   PAD
    0x08002c00   0x000000d4   Code   RO          671    i.LCD_Fill          ili93xx.o
    0x08002cd4   0x00003a30   Code   RO          672    i.LCD_Init          ili93xx.o
    0x08006704   0x00000016   Code   RO          673    i.LCD_Pow           ili93xx.o
    0x0800671a   0x00000002   PAD
    0x0800671c   0x00000070   Code   RO          674    i.LCD_RD_DATA       ili93xx.o
    0x0800678c   0x00000010   Code   RO          676    i.LCD_ReadReg       ili93xx.o
    0x0800679c   0x00000434   Code   RO          677    i.LCD_Scan_Dir      ili93xx.o
    0x08006bd0   0x00000224   Code   RO          678    i.LCD_SetCursor     ili93xx.o
    0x08006df4   0x00000320   Code   RO          679    i.LCD_Set_Window    ili93xx.o
    0x08007114   0x00000130   Code   RO          680    i.LCD_ShowChar      ili93xx.o
    0x08007244   0x000000a2   Code   RO          681    i.LCD_ShowNum       ili93xx.o
    0x080072e6   0x00000072   Code   RO          682    i.LCD_ShowString    ili93xx.o
    0x08007358   0x000000c6   Code   RO          683    i.LCD_ShowxNum      ili93xx.o
    0x0800741e   0x00000002   PAD
    0x08007420   0x00000024   Code   RO          684    i.LCD_WR_DATAX      ili93xx.o
    0x08007444   0x00000024   Code   RO          685    i.LCD_WR_REG        ili93xx.o
    0x08007468   0x00000010   Code   RO          687    i.LCD_WriteRAM_Prepare  ili93xx.o
    0x08007478   0x00000030   Code   RO          688    i.LCD_WriteReg      ili93xx.o
    0x080074a8   0x00000070   Code   RO          587    i.LED_Init          led.o
    0x08007518   0x00000068   Code   RO          393    i.MYRCC_DeInit      sys.o
    0x08007580   0x0000007c   Code   RO          394    i.MY_NVIC_Init      sys.o
    0x080075fc   0x00000028   Code   RO          395    i.MY_NVIC_PriorityGroupConfig  sys.o
    0x08007624   0x00000014   Code   RO          396    i.MY_NVIC_SetVectorTable  sys.o
    0x08007638   0x00000112   Code   RO         2694    i.My_Show_Str       text.o
    0x0800774a   0x0000002c   Code   RO         2740    i.OSInit            os_core.o
    0x08007776   0x00000002   Code   RO         3454    i.OSInitHookBegin   os_cpu_c.o
    0x08007778   0x00000002   Code   RO         3455    i.OSInitHookEnd     os_cpu_c.o
    0x0800777a   0x00000002   PAD
    0x0800777c   0x00000024   Code   RO         2741    i.OSIntEnter        os_core.o
    0x080077a0   0x00000090   Code   RO         2742    i.OSIntExit         os_core.o
    0x08007830   0x0000004c   Code   RO         3020    i.OSMboxCreate      os_mbox.o
    0x0800787c   0x00000104   Code   RO         3022    i.OSMboxPend        os_mbox.o
    0x08007980   0x00000050   Code   RO         3024    i.OSMboxPost        os_mbox.o
    0x080079d0   0x00000040   Code   RO         2743    i.OSSchedLock       os_core.o
    0x08007a10   0x00000060   Code   RO         2744    i.OSSchedUnlock     os_core.o
    0x08007a70   0x00000048   Code   RO         2745    i.OSStart           os_core.o
    0x08007ab8   0x0000004c   Code   RO         2746    i.OSStatInit        os_core.o
    0x08007b04   0x00000002   Code   RO         3456    i.OSTCBInitHook     os_cpu_c.o
    0x08007b06   0x00000002   PAD
    0x08007b08   0x000000a0   Code   RO         3293    i.OSTaskCreate      os_task.o
    0x08007ba8   0x000000b8   Code   RO         3294    i.OSTaskCreateExt   os_task.o
    0x08007c60   0x00000002   Code   RO         3457    i.OSTaskCreateHook  os_cpu_c.o
    0x08007c62   0x00000002   Code   RO         3459    i.OSTaskIdleHook    os_cpu_c.o
    0x08007c64   0x00000070   Code   RO         3298    i.OSTaskNameSet     os_task.o
    0x08007cd4   0x00000002   Code   RO         3461    i.OSTaskStatHook    os_cpu_c.o
    0x08007cd6   0x00000002   PAD
    0x08007cd8   0x0000008c   Code   RO         3303    i.OSTaskStkChk      os_task.o
    0x08007d64   0x0000009a   Code   RO         3462    i.OSTaskStkInit     os_cpu_c.o
    0x08007dfe   0x00000002   PAD
    0x08007e00   0x000000a8   Code   RO         3304    i.OSTaskSuspend     os_task.o
    0x08007ea8   0x00000002   Code   RO         3463    i.OSTaskSwHook      os_cpu_c.o
    0x08007eaa   0x00000002   PAD
    0x08007eac   0x00000078   Code   RO         3396    i.OSTimeDly         os_time.o
    0x08007f24   0x000000f4   Code   RO         2747    i.OSTimeTick        os_core.o
    0x08008018   0x00000002   Code   RO         3464    i.OSTimeTickHook    os_cpu_c.o
    0x0800801a   0x00000002   PAD
    0x0800801c   0x00000088   Code   RO         2750    i.OS_EventTaskRdy   os_core.o
    0x080080a4   0x0000002a   Code   RO         2751    i.OS_EventTaskRemove  os_core.o
    0x080080ce   0x00000002   PAD
    0x080080d0   0x0000007c   Code   RO         2752    i.OS_EventTaskWait  os_core.o
    0x0800814c   0x0000001c   Code   RO         2753    i.OS_EventWaitListInit  os_core.o
    0x08008168   0x00000058   Code   RO         2939    i.OS_FlagInit       os_flag.o
    0x080081c0   0x00000054   Code   RO         2754    i.OS_InitEventList  os_core.o
    0x08008214   0x00000054   Code   RO         2755    i.OS_InitMisc       os_core.o
    0x08008268   0x00000044   Code   RO         2756    i.OS_InitRdyList    os_core.o
    0x080082ac   0x00000080   Code   RO         2757    i.OS_InitTCBList    os_core.o
    0x0800832c   0x00000050   Code   RO         2758    i.OS_InitTaskIdle   os_core.o
    0x0800837c   0x00000050   Code   RO         2759    i.OS_InitTaskStat   os_core.o
    0x080083cc   0x00000012   Code   RO         2760    i.OS_MemClr         os_core.o
    0x080083de   0x00000002   PAD
    0x080083e0   0x00000050   Code   RO         3160    i.OS_QInit          os_q.o
    0x08008430   0x00000074   Code   RO         2762    i.OS_Sched          os_core.o
    0x080084a4   0x0000002c   Code   RO         2763    i.OS_SchedNew       os_core.o
    0x080084d0   0x00000140   Code   RO         2765    i.OS_TCBInit        os_core.o
    0x08008610   0x00000028   Code   RO         2766    i.OS_TaskIdle       os_core.o
    0x08008638   0x00000088   Code   RO         2767    i.OS_TaskStat       os_core.o
    0x080086c0   0x0000003c   Code   RO         2768    i.OS_TaskStatStkChk  os_core.o
    0x080086fc   0x0000001a   Code   RO         3306    i.OS_TaskStkClr     os_task.o
    0x08008716   0x00000002   PAD
    0x08008718   0x000000b8   Code   RO         1499    i.OTT2001A_Init     ott2001a.o
    0x080087d0   0x00000062   Code   RO         1500    i.OTT2001A_RD_Reg   ott2001a.o
    0x08008832   0x00000002   PAD
    0x08008834   0x000001d8   Code   RO         1501    i.OTT2001A_Scan     ott2001a.o
    0x08008a0c   0x0000001c   Code   RO         1502    i.OTT2001A_SensorControl  ott2001a.o
    0x08008a28   0x0000005c   Code   RO         1503    i.OTT2001A_WR_Reg   ott2001a.o
    0x08008a84   0x00000108   Code   RO          873    i.RTC_Get           rtc.o
    0x08008b8c   0x00000078   Code   RO          874    i.RTC_Get_Week      rtc.o
    0x08008c04   0x00000048   Code   RO          875    i.RTC_IRQHandler    rtc.o
    0x08008c4c   0x00000160   Code   RO          876    i.RTC_Init          rtc.o
    0x08008dac   0x000000a8   Code   RO          877    i.RTC_SET           rtc.o
    0x08008e54   0x00000110   Code   RO          878    i.RTC_Set           rtc.o
    0x08008f64   0x00000018   Code   RO         1680    i.SD_DisSelect      mmc_sd.o
    0x08008f7c   0x0000002a   Code   RO         1682    i.SD_GetCSD         mmc_sd.o
    0x08008fa6   0x00000026   Code   RO         1683    i.SD_GetResponse    mmc_sd.o
    0x08008fcc   0x00000076   Code   RO         1684    i.SD_GetSectorCount  mmc_sd.o
    0x08009042   0x00000002   PAD
    0x08009044   0x00000188   Code   RO         1685    i.SD_Initialize     mmc_sd.o
    0x080091cc   0x00000074   Code   RO         1686    i.SD_ReadDisk       mmc_sd.o
    0x08009240   0x00000038   Code   RO         1687    i.SD_RecvData       mmc_sd.o
    0x08009278   0x00000058   Code   RO         1688    i.SD_SPI_Init       mmc_sd.o
    0x080092d0   0x0000000c   Code   RO         1689    i.SD_SPI_ReadWriteByte  mmc_sd.o
    0x080092dc   0x0000000a   Code   RO         1690    i.SD_SPI_SpeedHigh  mmc_sd.o
    0x080092e6   0x0000000a   Code   RO         1691    i.SD_SPI_SpeedLow   mmc_sd.o
    0x080092f0   0x00000020   Code   RO         1692    i.SD_Select         mmc_sd.o
    0x08009310   0x00000052   Code   RO         1693    i.SD_SendBlock      mmc_sd.o
    0x08009362   0x00000078   Code   RO         1694    i.SD_SendCmd        mmc_sd.o
    0x080093da   0x00000022   Code   RO         1695    i.SD_WaitReady      mmc_sd.o
    0x080093fc   0x00000090   Code   RO         1696    i.SD_WriteDisk      mmc_sd.o
    0x0800948c   0x000000b4   Code   RO         1162    i.SPI1_Init         spi.o
    0x08009540   0x00000050   Code   RO         1163    i.SPI1_ReadWriteByte  spi.o
    0x08009590   0x0000002c   Code   RO         1164    i.SPI1_SetSpeed     spi.o
    0x080095bc   0x00000024   Code   RO         1198    i.SPI_FLASH_Write_Enable  flash.o
    0x080095e0   0x00000048   Code   RO         1201    i.SPI_Flash_Erase_Sector  flash.o
    0x08009628   0x00000060   Code   RO         1202    i.SPI_Flash_Init    flash.o
    0x08009688   0x00000050   Code   RO         1204    i.SPI_Flash_Read    flash.o
    0x080096d8   0x0000004c   Code   RO         1205    i.SPI_Flash_ReadID  flash.o
    0x08009724   0x00000030   Code   RO         1206    i.SPI_Flash_ReadSR  flash.o
    0x08009754   0x00000010   Code   RO         1208    i.SPI_Flash_Wait_Busy  flash.o
    0x08009764   0x000000c4   Code   RO         1209    i.SPI_Flash_Write   flash.o
    0x08009828   0x00000046   Code   RO         1210    i.SPI_Flash_Write_NoCheck  flash.o
    0x0800986e   0x00000002   PAD
    0x08009870   0x00000058   Code   RO         1211    i.SPI_Flash_Write_Page  flash.o
    0x080098c8   0x000000c8   Code   RO         2695    i.Show_Font         text.o
    0x08009990   0x000000da   Code   RO         2696    i.Show_Str          text.o
    0x08009a6a   0x00000002   PAD
    0x08009a6c   0x0000008c   Code   RO          397    i.Stm32_Clock_Init  sys.o
    0x08009af8   0x00000010   Code   RO          319    i.SysTick_Handler   delay.o
    0x08009b08   0x00000018   Code   RO          952    i.Sys_Enter_Standby  wkup.o
    0x08009b20   0x0000004c   Code   RO          399    i.Sys_Standby       sys.o
    0x08009b6c   0x000000b4   Code   RO          612    i.TIM2_IRQHandler   timer.o
    0x08009c20   0x00000030   Code   RO          613    i.TIM3_IRQHandler   timer.o
    0x08009c50   0x000002c8   Code   RO         1318    i.TP_Adj_Info_Show  touch.o
    0x08009f18   0x00000898   Code   RO         1319    i.TP_Adjust         touch.o
    0x0800a7b0   0x00000076   Code   RO         1321    i.TP_Drow_Touch_Point  touch.o
    0x0800a826   0x00000002   PAD
    0x0800a828   0x000000a8   Code   RO         1322    i.TP_Get_Adjdata    touch.o
    0x0800a8d0   0x000000ec   Code   RO         1323    i.TP_Init           touch.o
    0x0800a9bc   0x00000094   Code   RO         1324    i.TP_Read_AD        touch.o
    0x0800aa50   0x00000078   Code   RO         1325    i.TP_Read_XOY       touch.o
    0x0800aac8   0x00000030   Code   RO         1326    i.TP_Read_XY        touch.o
    0x0800aaf8   0x000000c0   Code   RO         1327    i.TP_Read_XY2       touch.o
    0x0800abb8   0x00000078   Code   RO         1328    i.TP_Save_Adjdata   touch.o
    0x0800ac30   0x00000104   Code   RO         1329    i.TP_Scan           touch.o
    0x0800ad34   0x00000054   Code   RO         1330    i.TP_Write_Byte     touch.o
    0x0800ad88   0x0000008c   Code   RO          463    i.USART1_IRQHandler  usart.o
    0x0800ae14   0x00000030   Code   RO         1807    i.WWDG_IRQHandler   wdg.o
    0x0800ae44   0x00000010   Code   RO         1809    i.WWDG_Set_Counter  wdg.o
    0x0800ae54   0x00000028   Code   RO         5258    i.__ARM_fpclassify  m_ws.l(fpclassify.o)
    0x0800ae7c   0x0000000e   Code   RO         4993    i._is_digit         c_w.l(__printf_wp.o)
    0x0800ae8a   0x00000006   Code   RO          464    i._sys_exit         usart.o
    0x0800ae90   0x00000090   Code   RO         2016    i.check_fs          ff.o
    0x0800af20   0x00000030   Code   RO         1331    i.check_tp_coords   touch.o
    0x0800af50   0x00000014   Code   RO         2017    i.chk_chr           ff.o
    0x0800af64   0x00000032   Code   RO         2018    i.clmt_clust        ff.o
    0x0800af96   0x0000001a   Code   RO         2019    i.clust2sect        ff.o
    0x0800afb0   0x00000090   Code   RO         2020    i.cmp_lfn           ff.o
    0x0800b040   0x000000d6   Code   RO         2021    i.create_chain      ff.o
    0x0800b116   0x00000002   PAD
    0x0800b118   0x00000270   Code   RO         2022    i.create_name       ff.o
    0x0800b388   0x00000058   Code   RO          320    i.delay_init        delay.o
    0x0800b3e0   0x00000048   Code   RO          321    i.delay_ms          delay.o
    0x0800b428   0x0000005c   Code   RO          322    i.delay_us          delay.o
    0x0800b484   0x0000005c   Code   RO         2023    i.dir_alloc         ff.o
    0x0800b4e0   0x000000de   Code   RO         2024    i.dir_find          ff.o
    0x0800b5be   0x0000010e   Code   RO         2025    i.dir_next          ff.o
    0x0800b6cc   0x0000012a   Code   RO         2027    i.dir_register      ff.o
    0x0800b7f6   0x0000009e   Code   RO         2029    i.dir_sdi           ff.o
    0x0800b894   0x00000060   Code   RO         1931    i.disk_initialize   diskio.o
    0x0800b8f4   0x000000a4   Code   RO         1932    i.disk_ioctl        diskio.o
    0x0800b998   0x00000076   Code   RO         1933    i.disk_read         diskio.o
    0x0800ba0e   0x00000006   Code   RO         1934    i.disk_status       diskio.o
    0x0800ba14   0x00000062   Code   RO         1935    i.disk_write        diskio.o
    0x0800ba76   0x0000004a   Code   RO         2376    i.exf_getfree       exfuns.o
    0x0800bac0   0x00000074   Code   RO         2377    i.exfuns_init       exfuns.o
    0x0800bb34   0x00000020   Code   RO         2031    i.f_close           ff.o
    0x0800bb54   0x00000102   Code   RO         2033    i.f_getfree         ff.o
    0x0800bc56   0x0000028c   Code   RO         2036    i.f_lseek           ff.o
    0x0800bee2   0x0000017c   Code   RO         2037    i.f_mkdir           ff.o
    0x0800c05e   0x00000002   PAD
    0x0800c060   0x0000005c   Code   RO         2039    i.f_mount           ff.o
    0x0800c0bc   0x0000017c   Code   RO         2040    i.f_open            ff.o
    0x0800c238   0x000001ae   Code   RO         2045    i.f_read            ff.o
    0x0800c3e6   0x000000ae   Code   RO         2050    i.f_sync            ff.o
    0x0800c494   0x000001f0   Code   RO         2054    i.f_write           ff.o
    0x0800c684   0x00000098   Code   RO         2612    i.ff_convert        mycc936.o
    0x0800c71c   0x0000000c   Code   RO         1936    i.ff_memalloc       diskio.o
    0x0800c728   0x0000000c   Code   RO         1937    i.ff_memfree        diskio.o
    0x0800c734   0x00000038   Code   RO         2613    i.ff_wtoupper       mycc936.o
    0x0800c76c   0x00000388   Code   RO         2055    i.find_volume       ff.o
    0x0800caf4   0x00000080   Code   RO         2056    i.fit_lfn           ff.o
    0x0800cb74   0x00000090   Code   RO         2057    i.follow_path       ff.o
    0x0800cc04   0x00000028   Code   RO         2643    i.font_init         fontupd.o
    0x0800cc2c   0x0000001c   Code   RO          465    i.fputc             usart.o
    0x0800cc48   0x000000c4   Code   RO         2058    i.gen_numname       ff.o
    0x0800cd0c   0x000000e8   Code   RO         2059    i.get_fat           ff.o
    0x0800cdf4   0x0000003c   Code   RO         1938    i.get_fattime       diskio.o
    0x0800ce30   0x0000004a   Code   RO         2061    i.get_ldnumber      ff.o
    0x0800ce7a   0x00000002   PAD
    0x0800ce7c   0x00000034   Code   RO           14    i.key_task          test.o
    0x0800ceb0   0x00000020   Code   RO         2062    i.ld_clust          ff.o
    0x0800ced0   0x00000048   Code   RO           15    i.led_task          test.o
    0x0800cf18   0x00000028   Code   RO           16    i.main              test.o
    0x0800cf40   0x00001338   Code   RO           17    i.main_task         test.o
    0x0800e278   0x00000026   Code   RO         2063    i.mem_cmp           ff.o
    0x0800e29e   0x0000001a   Code   RO         2064    i.mem_cpy           ff.o
    0x0800e2b8   0x00000048   Code   RO         1855    i.mem_free          malloc.o
    0x0800e300   0x0000002c   Code   RO         1856    i.mem_init          malloc.o
    0x0800e32c   0x00000078   Code   RO         1857    i.mem_malloc        malloc.o
    0x0800e3a4   0x00000030   Code   RO         1858    i.mem_perused       malloc.o
    0x0800e3d4   0x00000014   Code   RO         2065    i.mem_set           ff.o
    0x0800e3e8   0x00000032   Code   RO         2066    i.move_window       ff.o
    0x0800e41a   0x00000002   PAD
    0x0800e41c   0x0000001c   Code   RO         1859    i.myfree            malloc.o
    0x0800e438   0x00000020   Code   RO         1860    i.mymalloc          malloc.o
    0x0800e458   0x00000014   Code   RO         1862    i.mymemset          malloc.o
    0x0800e46c   0x0000013c   Code   RO         2068    i.put_fat           ff.o
    0x0800e5a8   0x0000006c   Code   RO         2070    i.remove_chain      ff.o
    0x0800e614   0x00000058   Code   RO          879    i.rtc_time_transform  rtc.o
    0x0800e66c   0x0000004e   Code   RO         5091    i.sqrt              m_ws.l(sqrt.o)
    0x0800e6ba   0x00000010   Code   RO         2072    i.st_clust          ff.o
    0x0800e6ca   0x00000002   PAD
    0x0800e6cc   0x000000a4   Code   RO           18    i.start_task        test.o
    0x0800e770   0x00000020   Code   RO         2073    i.sum_sfn           ff.o
    0x0800e790   0x000000c8   Code   RO         2074    i.sync_fs           ff.o
    0x0800e858   0x0000004c   Code   RO         2075    i.sync_window       ff.o
    0x0800e8a4   0x000004dc   Code   RO           19    i.system_init       test.o
    0x0800ed80   0x000000b8   Code   RO          689    i.table_DrawLine    ili93xx.o
    0x0800ee38   0x00000110   Code   RO           20    i.touch_task        test.o
    0x0800ef48   0x00000050   Code   RO          466    i.u1_printf         usart.o
    0x0800ef98   0x000000e4   Code   RO          467    i.uart_init         usart.o
    0x0800f07c   0x00000036   Code   RO         2076    i.validate          ff.o
    0x0800f0b2   0x00000002   PAD
    0x0800f0b4   0x0000002c   Code   RO         5246    locale$$code        c_w.l(lc_numeric_c.o)
    0x0800f0e0   0x0000002c   Code   RO         5263    locale$$code        c_w.l(lc_ctype_c.o)
    0x0800f10c   0x00000150   Code   RO         5026    x$fpl$dadd          fz_ws.l(daddsub_clz.o)
    0x0800f25c   0x00000018   Code   RO         5149    x$fpl$dcmpinf       fz_ws.l(dcmpi.o)
    0x0800f274   0x0000005a   Code   RO         5040    x$fpl$dfixu         fz_ws.l(dfixu.o)
    0x0800f2ce   0x0000002e   Code   RO         5045    x$fpl$dflt          fz_ws.l(dflt_clz.o)
    0x0800f2fc   0x00000026   Code   RO         5044    x$fpl$dfltu         fz_ws.l(dflt_clz.o)
    0x0800f322   0x00000002   PAD
    0x0800f324   0x00000078   Code   RO         5050    x$fpl$dleqf         fz_ws.l(dleqf.o)
    0x0800f39c   0x00000154   Code   RO         5052    x$fpl$dmul          fz_ws.l(dmul.o)
    0x0800f4f0   0x0000009c   Code   RO         5151    x$fpl$dnaninf       fz_ws.l(dnaninf.o)
    0x0800f58c   0x0000000c   Code   RO         5153    x$fpl$dretinf       fz_ws.l(dretinf.o)
    0x0800f598   0x0000006c   Code   RO         5054    x$fpl$drleqf        fz_ws.l(drleqf.o)
    0x0800f604   0x00000016   Code   RO         5027    x$fpl$drsb          fz_ws.l(daddsub_clz.o)
    0x0800f61a   0x00000002   PAD
    0x0800f61c   0x000001cc   Code   RO         5155    x$fpl$dsqrt         fz_ws.l(dsqrt_noumaal.o)
    0x0800f7e8   0x000001d4   Code   RO         5028    x$fpl$dsub          fz_ws.l(daddsub_clz.o)
    0x0800f9bc   0x00000056   Code   RO         5056    x$fpl$f2d           fz_ws.l(f2d.o)
    0x0800fa12   0x00000002   PAD
    0x0800fa14   0x000000c4   Code   RO         5058    x$fpl$fadd          fz_ws.l(faddsub_clz.o)
    0x0800fad8   0x00000018   Code   RO         5157    x$fpl$fcmpinf       fz_ws.l(fcmpi.o)
    0x0800faf0   0x00000184   Code   RO         5065    x$fpl$fdiv          fz_ws.l(fdiv.o)
    0x0800fc74   0x00000036   Code   RO         5070    x$fpl$ffix          fz_ws.l(ffix.o)
    0x0800fcaa   0x00000002   PAD
    0x0800fcac   0x0000003e   Code   RO         5074    x$fpl$ffixu         fz_ws.l(ffixu.o)
    0x0800fcea   0x00000002   PAD
    0x0800fcec   0x00000030   Code   RO         5079    x$fpl$fflt          fz_ws.l(fflt_clz.o)
    0x0800fd1c   0x00000026   Code   RO         5078    x$fpl$ffltu         fz_ws.l(fflt_clz.o)
    0x0800fd42   0x00000002   PAD
    0x0800fd44   0x00000068   Code   RO         5084    x$fpl$fleqf         fz_ws.l(fleqf.o)
    0x0800fdac   0x00000102   Code   RO         5086    x$fpl$fmul          fz_ws.l(fmul.o)
    0x0800feae   0x0000008c   Code   RO         5159    x$fpl$fnaninf       fz_ws.l(fnaninf.o)
    0x0800ff3a   0x0000000a   Code   RO         5161    x$fpl$fretinf       fz_ws.l(fretinf.o)
    0x0800ff44   0x00000062   Code   RO         5088    x$fpl$frleqf        fz_ws.l(frleqf.o)
    0x0800ffa6   0x00000014   Code   RO         5059    x$fpl$frsb          fz_ws.l(faddsub_clz.o)
    0x0800ffba   0x00000002   PAD
    0x0800ffbc   0x000000ea   Code   RO         5060    x$fpl$fsub          fz_ws.l(faddsub_clz.o)
    0x080100a6   0x00000004   Code   RO         5163    x$fpl$printf1       fz_ws.l(printf1.o)
    0x080100aa   0x00000000   Code   RO         5165    x$fpl$usenofp       fz_ws.l(usenofp.o)
    0x080100aa   0x000017c0   Data   RO          691    .constdata          ili93xx.o
    0x0801186a   0x00000018   Data   RO          881    .constdata          rtc.o
    0x08011882   0x00000002   PAD
    0x08011884   0x00000004   Data   RO         1332    .constdata          touch.o
    0x08011888   0x0000000a   Data   RO         1504    .constdata          ott2001a.o
    0x08011892   0x000000c2   Data   RO         1572    .constdata          gt9147.o
    0x08011954   0x0000003a   Data   RO         2077    .constdata          ff.o
    0x0801198e   0x000003c0   Data   RO         2614    .constdata          mycc936.o
    0x08011d4e   0x00000100   Data   RO         2770    .constdata          os_core.o
    0x08011e4e   0x00000028   Data   RO         4981    .constdata          c_w.l(_printf_hex_int_ll_ptr.o)
    0x08011e76   0x00000011   Data   RO         5001    .constdata          c_w.l(__printf_flags_ss_wp.o)
    0x08011e87   0x00000001   PAD
    0x08011e88   0x00000008   Data   RO         5120    .constdata          c_w.l(_printf_wctomb.o)
    0x08011e90   0x00000094   Data   RO         5221    .constdata          c_w.l(bigflt0.o)
    0x08011f24   0x0000000f   Data   RO           22    .conststring        test.o
    0x08011f33   0x00000079   Data   RO         1333    .conststring        touch.o
    0x08011fac   0x00000058   Data   RO         2380    .conststring        exfuns.o
    0x08012004   0x00000020   Data   RO         5384    Region$$Table       anon$$obj.o
    0x08012024   0x0000001c   Data   RO         5245    locale$$data        c_w.l(lc_numeric_c.o)
    0x08012040   0x00000110   Data   RO         5262    locale$$data        c_w.l(lc_ctype_c.o)


    Execution Region RW_IRAM1 (Base: 0x20000000, Size: 0x00009b00, Max: 0x0000c000, ABSOLUTE, COMPRESSED[0x000000c0])

    Base Addr    Size         Type   Attr      Idx    E Section Name        Object

    0x20000000   0x0000004c   Data   RW           23    .data               test.o
    0x2000004c   0x00000004   Data   RW          323    .data               delay.o
    0x20000050   0x00000008   Data   RW          469    .data               usart.o
    0x20000058   0x00000002   Data   RW          554    .data               key.o
    0x2000005a   0x00000004   Data   RW          615    .data               timer.o
    0x2000005e   0x00000004   Data   RW          692    .data               ili93xx.o
    0x20000062   0x00000016   Data   RW          882    .data               rtc.o
    0x20000078   0x00000002   Data   RW         1212    .data               flash.o
    0x2000007a   0x00000002   PAD
    0x2000007c   0x00000036   Data   RW         1334    .data               touch.o
    0x200000b2   0x00000001   Data   RW         1505    .data               ott2001a.o
    0x200000b3   0x00000001   Data   RW         1573    .data               gt9147.o
    0x200000b4   0x00000001   Data   RW         1697    .data               mmc_sd.o
    0x200000b5   0x00000001   Data   RW         1810    .data               wdg.o
    0x200000b6   0x00000002   PAD
    0x200000b8   0x00000014   Data   RW         1866    .data               malloc.o
    0x200000cc   0x00000002   Data   RW         1939    .data               diskio.o
    0x200000ce   0x00000002   PAD
    0x200000d0   0x0000000a   Data   RW         2078    .data               ff.o
    0x200000da   0x00000002   PAD
    0x200000dc   0x00000154   Data   RW         2381    .data               exfuns.o
    0x20000230   0x00000048   Data   RW         2771    .data               os_core.o
    0x20000278   0x00001328   Zero   RW           21    .bss                test.o
    0x200015a0   0x00000190   Zero   RW          468    .bss                usart.o
    0x20001730   0x00002eee   Zero   RW          690    .bss                ili93xx.o
    0x2000461e   0x0000000a   Zero   RW          880    .bss                rtc.o
    0x20004628   0x00003fc0   Zero   RW         1864    .bss                malloc.o
    0x200085e8   0x00000021   Zero   RW         2647    .bss                fontupd.o
    0x20008609   0x00000003   PAD
    0x2000860c   0x00000e90   Zero   RW         2769    .bss                os_core.o
    0x2000949c   0x00000060   Zero   RW         5205    .bss                c_w.l(libspace.o)
    0x200094fc   0x00000004   PAD
    0x20009500   0x00000200   Zero   RW            2    HEAP                startup_stm32f10x_hd.o
    0x20009700   0x00000400   Zero   RW            1    STACK               startup_stm32f10x_hd.o


==============================================================================

Image component sizes


      Code (inc. data)   RO Data    RW Data    ZI Data      Debug   Object Name

       264          0          0          0          0       2845   24cxx.o
       710        122          0          0          0       4525   ctiic.o
       268         24          0          4          0     213614   delay.o
       566         22          0          2          0       6412   diskio.o
       190         16         88        340          0       2120   exfuns.o
      7802         66         58         10          0      37121   ff.o
       778         70          0          2          0       6200   flash.o
        40          8          0          0         33       4201   fontupd.o
      1026         76        194          1          0       3930   gt9147.o
     19766        228       6080          4      12014      28123   ili93xx.o
       268         30          0          2          0       1538   key.o
       112         12          0          0          0        431   led.o
       364         32          0         20      16320       5190   malloc.o
      1318         48          0          1          0       9586   mmc_sd.o
       208         16        960          0          0       1747   mycc936.o
       716        114          0          0          0       4046   myiic.o
      2364        422        256         72       3728      21497   os_core.o
       180         36          0          0          0        300   os_cpu_a.o
       170          0          0          0          0      12551   os_cpu_c.o
        88         14          0          0          0        570   os_flag.o
       416         22          0          0          0       2481   os_mbox.o
        80          8          0          0          0        543   os_q.o
       790         64          0          0          0       5112   os_task.o
       120         20          0          0          0        600   os_time.o
       874         60         10          1          0       3675   ott2001a.o
      1394        126         24         22         10       5937   rtc.o
       304         28          0          0          0       1545   spi.o
        56         22        304          0       1536        780   startup_stm32f10x_hd.o
       564         66          0          0          0       4061   sys.o
      6764        814         15         76       4904     227973   test.o
       916          4          0          0          0       4421   text.o
       228         16          0          4          0       1254   timer.o
      4454        266        125         54          0      10227   touch.o
       506         48          0          8        400     208010   usart.o
       112         30          0          1          0       1992   wdg.o
       116         18          0          0          0       1444   wkup.o

    ----------------------------------------------------------------------
     54942       2968       8148        632      38948     846602   Object Totals
         0          0         32          0          0          0   (incl. Generated)
        50          0          2          8          3          0   (incl. Padding)

    ----------------------------------------------------------------------

      Code (inc. data)   RO Data    RW Data    ZI Data      Debug   Library Member Name

        24          4          0          0          0         84   __2printf.o
        44          6          0          0          0         84   __2sprintf.o
        90          0          0          0          0          0   __dczerorl2.o
         8          0          0          0          0         68   __main.o
       396          6         17          0          0         92   __printf_flags_ss_wp.o
        14          0          0          0          0         68   __printf_wp.o
        52          8          0          0          0          0   __scatter.o
        28          0          0          0          0          0   __scatter_zi.o
         6          0          0          0          0          0   _printf_a.o
         6          0          0          0          0          0   _printf_c.o
        44          0          0          0          0        108   _printf_char.o
        48          6          0          0          0         96   _printf_char_common.o
        36          4          0          0          0         80   _printf_char_file.o
        42          0          0          0          0         68   _printf_charcount.o
         6          0          0          0          0          0   _printf_d.o
       120         18          0          0          0         92   _printf_dec.o
         6          0          0          0          0          0   _printf_e.o
         6          0          0          0          0          0   _printf_f.o
      1056          0          0          0          0        212   _printf_fp_dec.o
       128         16          0          0          0         84   _printf_fp_infnan.o
         6          0          0          0          0          0   _printf_g.o
       156          6         40          0          0        160   _printf_hex_int_ll_ptr.o
         6          0          0          0          0          0   _printf_i.o
       184          0          0          0          0         88   _printf_intcommon.o
        10          0          0          0          0          0   _printf_l.o
         6          0          0          0          0          0   _printf_lc.o
        10          0          0          0          0          0   _printf_ll.o
         6          0          0          0          0          0   _printf_lld.o
         6          0          0          0          0          0   _printf_lli.o
         6          0          0          0          0          0   _printf_llo.o
         6          0          0          0          0          0   _printf_llu.o
         6          0          0          0          0          0   _printf_llx.o
       120         16          0          0          0         92   _printf_longlong_dec.o
         6          0          0          0          0          0   _printf_ls.o
         6          0          0          0          0          0   _printf_n.o
         6          0          0          0          0          0   _printf_o.o
       120          8          0          0          0        124   _printf_oct_int_ll.o
         6          0          0          0          0          0   _printf_p.o
        82          0          0          0          0        108   _printf_pad.o
         0          0          0          0          0          0   _printf_percent.o
         4          0          0          0          0          0   _printf_percent_end.o
         6          0          0          0          0          0   _printf_s.o
        82          0          0          0          0         80   _printf_str.o
        36          0          0          0          0         84   _printf_truncate.o
         6          0          0          0          0          0   _printf_u.o
        44          0          0          0          0        108   _printf_wchar.o
       188          6          8          0          0         92   _printf_wctomb.o
         6          0          0          0          0          0   _printf_x.o
        22          0          0          0          0        100   _rserrno.o
        10          0          0          0          0         68   _sputc.o
        64          0          0          0          0         92   _wcrtomb.o
       228          6        148          0          0         96   bigflt0.o
      1910        128          0          0          0        672   btod.o
        36          4          0          0          0         76   c89vsprintf.o
        12          0          0          0          0         72   exit.o
         8          0          0          0          0         68   ferror.o
         6          0          0          0          0        152   heapauxi.o
        44         10        272          0          0         76   lc_ctype_c.o
        44         10         28          0          0         76   lc_numeric_c.o
         2          0          0          0          0          0   libinit.o
        30          0          0          0          0          0   libinit2.o
         2          0          0          0          0          0   libshutdown.o
         2          0          0          0          0          0   libshutdown2.o
         8          4          0          0         96         68   libspace.o
       138          0          0          0          0         80   lludiv10.o
        16          4          0          0          0         76   rt_ctype_table.o
         8          4          0          0          0         68   rt_errno_addr_intlibspace.o
         8          4          0          0          0         68   rt_locale_intlibspace.o
        78          0          0          0          0         80   rt_memclr_w.o
         0          0          0          0          0          0   rtentry.o
        12          0          0          0          0          0   rtentry2.o
         6          0          0          0          0          0   rtentry4.o
         2          0          0          0          0          0   rtexit.o
        10          0          0          0          0          0   rtexit2.o
       128          0          0          0          0         68   strcmpv7m.o
        72          0          0          0          0         80   strcpy.o
        62          0          0          0          0         76   strlen.o
        74          0          0          0          0         80   sys_stackheap_outer.o
         2          0          0          0          0         68   use_no_semi.o
         2          0          0          0          0         68   use_no_semi_2.o
       826         16          0          0          0        356   daddsub_clz.o
        24          0          0          0          0         68   dcmpi.o
        90          4          0          0          0         92   dfixu.o
        84          0          0          0          0        136   dflt_clz.o
       120          4          0          0          0         92   dleqf.o
       340         12          0          0          0        104   dmul.o
       156          4          0          0          0         92   dnaninf.o
        12          0          0          0          0         68   dretinf.o
       108          0          0          0          0         80   drleqf.o
       460         56          0          0          0        120   dsqrt_noumaal.o
        86          4          0          0          0         84   f2d.o
       450          8          0          0          0        236   faddsub_clz.o
        24          0          0          0          0         68   fcmpi.o
       388         76          0          0          0         96   fdiv.o
        54          4          0          0          0         84   ffix.o
        62          4          0          0          0         84   ffixu.o
        86          0          0          0          0        136   fflt_clz.o
       104          4          0          0          0         84   fleqf.o
       258          4          0          0          0         84   fmul.o
       140          4          0          0          0         84   fnaninf.o
        10          0          0          0          0         68   fretinf.o
        98          0          0          0          0         68   frleqf.o
         4          0          0          0          0         68   printf1.o
         0          0          0          0          0          0   usenofp.o
        40          0          0          0          0         68   fpclassify.o
        78          0          0          0          0         84   sqrt.o

    ----------------------------------------------------------------------
     10460        482        514          0        100       7104   Library Totals
        26          0          1          0          4          0   (incl. Padding)

    ----------------------------------------------------------------------

      Code (inc. data)   RO Data    RW Data    ZI Data      Debug   Library Name

      6332        278        513          0         96       4500   c_w.l
      3984        204          0          0          0       2452   fz_ws.l
       118          0          0          0          0        152   m_ws.l

    ----------------------------------------------------------------------
     10460        482        514          0        100       7104   Library Totals

    ----------------------------------------------------------------------

==============================================================================


      Code (inc. data)   RO Data    RW Data    ZI Data      Debug   

     65402       3450       8662        632      39048     836650   Grand Totals
     65402       3450       8662        192      39048     836650   ELF Image Totals (compressed)
     65402       3450       8662        192          0          0   ROM Totals

==============================================================================

    Total RO  Size (Code + RO Data)                74064 (  72.33kB)
    Total RW  Size (RW Data + ZI Data)             39680 (  38.75kB)
    Total ROM Size (Code + RO Data + RW Data)      74256 (  72.52kB)

==============================================================================

