Component: ARM Compiler 5.05 update 1 (build 106) Tool: armlink [4d0efa]

==============================================================================

Section Cross References

    startup_stm32f10x_hd.o(STACK) refers (Special) to heapauxi.o(.text) for __use_two_region_memory
    startup_stm32f10x_hd.o(HEAP) refers (Special) to heapauxi.o(.text) for __use_two_region_memory
    startup_stm32f10x_hd.o(RESET) refers (Special) to heapauxi.o(.text) for __use_two_region_memory
    startup_stm32f10x_hd.o(RESET) refers to startup_stm32f10x_hd.o(STACK) for __initial_sp
    startup_stm32f10x_hd.o(RESET) refers to startup_stm32f10x_hd.o(.text) for Reset_Handler
    startup_stm32f10x_hd.o(RESET) refers to os_cpu_a.o(.text) for PendSV_Handler
    startup_stm32f10x_hd.o(RESET) refers to delay.o(i.SysTick_Handler) for SysTick_Handler
    startup_stm32f10x_hd.o(RESET) refers to wdg.o(i.WWDG_IRQHandler) for WWDG_IRQHandler
    startup_stm32f10x_hd.o(RESET) refers to rtc.o(i.RTC_IRQHandler) for RTC_IRQHandler
    startup_stm32f10x_hd.o(RESET) refers to wkup.o(i.EXTI0_IRQHandler) for EXTI0_IRQHandler
    startup_stm32f10x_hd.o(RESET) refers to timer.o(i.TIM2_IRQHandler) for TIM2_IRQHandler
    startup_stm32f10x_hd.o(RESET) refers to timer.o(i.TIM3_IRQHandler) for TIM3_IRQHandler
    startup_stm32f10x_hd.o(RESET) refers to usart.o(i.TIM4_IRQHandler) for TIM4_IRQHandler
    startup_stm32f10x_hd.o(RESET) refers to usart.o(i.USART1_IRQHandler) for USART1_IRQHandler
    startup_stm32f10x_hd.o(RESET) refers to usart2.o(i.USART2_IRQHandler) for USART2_IRQHandler
    startup_stm32f10x_hd.o(RESET) refers to usart.o(i.USART3_IRQHandler) for USART3_IRQHandler
    startup_stm32f10x_hd.o(RESET) refers to usart.o(i.UART4_IRQHandler) for UART4_IRQHandler
    startup_stm32f10x_hd.o(.text) refers (Special) to heapauxi.o(.text) for __use_two_region_memory
    startup_stm32f10x_hd.o(.text) refers to __main.o(!!!main) for __main
    startup_stm32f10x_hd.o(.text) refers to startup_stm32f10x_hd.o(HEAP) for Heap_Mem
    startup_stm32f10x_hd.o(.text) refers to startup_stm32f10x_hd.o(STACK) for Stack_Mem
    test.o(i.GET_IP_PORT) refers to flash.o(i.SPI_Flash_Init) for SPI_Flash_Init
    test.o(i.GET_IP_PORT) refers to flash.o(i.SPI_Flash_Read) for SPI_Flash_Read
    test.o(i.GET_IP_PORT) refers to flash.o(i.SPI_Flash_Write) for SPI_Flash_Write
    test.o(i.GET_IP_PORT) refers to usart2.o(i.USART2_Init) for USART2_Init
    test.o(i.GET_IP_PORT) refers to usart.o(i.uart4_init) for uart4_init
    test.o(i.GET_IP_PORT) refers to test.o(.data) for IP
    test.o(i.SHOW_IP) refers to test.o(i.clean_screen) for clean_screen
    test.o(i.SHOW_IP) refers to ili93xx.o(i.LCD_ShowString) for LCD_ShowString
    test.o(i.SHOW_IP) refers to ili93xx.o(i.LCD_ShowNum) for LCD_ShowNum
    test.o(i.SHOW_IP) refers to test.o(.data) for address_pointer
    test.o(i.SHOW_RES) refers to ili93xx.o(i.LCD_Fill) for LCD_Fill
    test.o(i.SHOW_RES) refers to text.o(i.Show_Str) for Show_Str
    test.o(i.UART3_msg_management) refers to _printf_percent.o(.ARM.Collect$$_printf_percent$$00000000) for _printf_percent
    test.o(i.UART3_msg_management) refers to _printf_d.o(.ARM.Collect$$_printf_percent$$00000009) for _printf_d
    test.o(i.UART3_msg_management) refers to _printf_dec.o(.text) for _printf_int_dec
    test.o(i.UART3_msg_management) refers to malloc.o(i.mymalloc) for mymalloc
    test.o(i.UART3_msg_management) refers to strlen.o(.text) for strlen
    test.o(i.UART3_msg_management) refers to __2printf.o(.text) for __2printf
    test.o(i.UART3_msg_management) refers to test.o(i.implement) for implement
    test.o(i.UART3_msg_management) refers to test.o(.data) for Map
    test.o(i.UART3_msg_management) refers to usart.o(.data) for USART3_RX_STA
    test.o(i.UART3_msg_management) refers to usart.o(.bss) for USART3_RX_BUF
    test.o(i.USART2_msg_management) refers to gsm.o(i.sim900a_send) for sim900a_send
    test.o(i.USART2_msg_management) refers to test.o(i.save_data) for save_data
    test.o(i.USART2_msg_management) refers to usart2.o(.bss) for USART2_RX_BUF
    test.o(i.bar_task) refers to gui.o(i.gui_init) for gui_init
    test.o(i.bar_task) refers to progressbar.o(i.draw_progressbar) for draw_progressbar
    test.o(i.bar_task) refers to delay.o(i.delay_ms) for delay_ms
    test.o(i.button_management) refers to _printf_percent.o(.ARM.Collect$$_printf_percent$$00000000) for _printf_percent
    test.o(i.button_management) refers to _printf_s.o(.ARM.Collect$$_printf_percent$$00000014) for _printf_s
    test.o(i.button_management) refers to _printf_str.o(.text) for _printf_str
    test.o(i.button_management) refers to usart2.o(i.u2_printf) for u2_printf
    test.o(i.button_management) refers to delay.o(i.delay_ms) for delay_ms
    test.o(i.button_management) refers to test.o(i.button_pattern_one) for button_pattern_one
    test.o(i.button_management) refers to test.o(i.clean_screen) for clean_screen
[...]
    OSTaskStkInit                            0x08007991   Thumb Code   154  os_cpu_c.o(i.OSTaskStkInit)
    OSTaskSuspend                            0x08007a2d   Thumb Code   152  os_task.o(i.OSTaskSuspend)
    OSTaskSwHook                             0x08007ad5   Thumb Code     2  os_cpu_c.o(i.OSTaskSwHook)
    OSTimeDly                                0x08007ad9   Thumb Code   100  os_time.o(i.OSTimeDly)
    OSTimeTick                               0x08007b51   Thumb Code   210  os_core.o(i.OSTimeTick)
    OSTimeTickHook                           0x08007c3d   Thumb Code     2  os_cpu_c.o(i.OSTimeTickHook)
    OS_EventTaskRdy                          0x08007c41   Thumb Code   114  os_core.o(i.OS_EventTaskRdy)
    OS_EventTaskRemove                       0x08007cc5   Thumb Code    42  os_core.o(i.OS_EventTaskRemove)
    OS_EventTaskWait                         0x08007cf1   Thumb Code   112  os_core.o(i.OS_EventTaskWait)
    OS_EventWaitListInit                     0x08007d6d   Thumb Code    28  os_core.o(i.OS_EventWaitListInit)
    OS_FlagInit                              0x08007d89   Thumb Code    74  os_flag.o(i.OS_FlagInit)
    OS_MemClr                                0x08007fed   Thumb Code    18  os_core.o(i.OS_MemClr)
    OS_QInit                                 0x08008001   Thumb Code    72  os_q.o(i.OS_QInit)
    OS_Sched                                 0x08008051   Thumb Code    88  os_core.o(i.OS_Sched)
    OS_TCBInit                               0x080080f1   Thumb Code   278  os_core.o(i.OS_TCBInit)
    OS_TaskIdle                              0x08008225   Thumb Code    34  os_core.o(i.OS_TaskIdle)
    OS_TaskStat                              0x0800824d   Thumb Code   116  os_core.o(i.OS_TaskStat)
    OS_TaskStatStkChk                        0x080082d5   Thumb Code    54  os_core.o(i.OS_TaskStatStkChk)
    OS_TaskStkClr                            0x08008311   Thumb Code    26  os_task.o(i.OS_TaskStkClr)
    OTT2001A_Init                            0x0800832d   Thumb Code   154  ott2001a.o(i.OTT2001A_Init)
    OTT2001A_RD_Reg                          0x080083e5   Thumb Code    98  ott2001a.o(i.OTT2001A_RD_Reg)
    OTT2001A_Scan                            0x08008449   Thumb Code   446  ott2001a.o(i.OTT2001A_Scan)
    OTT2001A_SensorControl                   0x08008629   Thumb Code    28  ott2001a.o(i.OTT2001A_SensorControl)
    OTT2001A_WR_Reg                          0x08008645   Thumb Code    92  ott2001a.o(i.OTT2001A_WR_Reg)
    RTC_Get                                  0x080086a1   Thumb Code   242  rtc.o(i.RTC_Get)
    RTC_Get_Week                             0x080087a9   Thumb Code   116  rtc.o(i.RTC_Get_Week)
    RTC_IRQHandler                           0x08008821   Thumb Code    68  rtc.o(i.RTC_IRQHandler)
    RTC_Init                                 0x08008869   Thumb Code   324  rtc.o(i.RTC_Init)
    SD_DisSelect                             0x080089bd   Thumb Code    16  mmc_sd.o(i.SD_DisSelect)
    SD_GetCSD                                0x080089d1   Thumb Code    42  mmc_sd.o(i.SD_GetCSD)
    SD_GetResponse                           0x080089fb   Thumb Code    38  mmc_sd.o(i.SD_GetResponse)
    SD_GetSectorCount                        0x08008a21   Thumb Code   118  mmc_sd.o(i.SD_GetSectorCount)
    SD_Initialize                            0x08008a99   Thumb Code   386  mmc_sd.o(i.SD_Initialize)
    SD_ReadDisk                              0x08008c21   Thumb Code   112  mmc_sd.o(i.SD_ReadDisk)
    SD_RecvData                              0x08008c95   Thumb Code    56  mmc_sd.o(i.SD_RecvData)
    SD_SPI_Init                              0x08008ccd   Thumb Code    66  mmc_sd.o(i.SD_SPI_Init)
    SD_SPI_ReadWriteByte                     0x08008d25   Thumb Code    12  mmc_sd.o(i.SD_SPI_ReadWriteByte)
    SD_SPI_SpeedHigh                         0x08008d31   Thumb Code    10  mmc_sd.o(i.SD_SPI_SpeedHigh)
    SD_SPI_SpeedLow                          0x08008d3b   Thumb Code    10  mmc_sd.o(i.SD_SPI_SpeedLow)
    SD_Select                                0x08008d45   Thumb Code    26  mmc_sd.o(i.SD_Select)
    SD_SendBlock                             0x08008d65   Thumb Code    82  mmc_sd.o(i.SD_SendBlock)
    SD_SendCmd                               0x08008db7   Thumb Code   120  mmc_sd.o(i.SD_SendCmd)
    SD_WaitReady                             0x08008e2f   Thumb Code    34  mmc_sd.o(i.SD_WaitReady)
    SD_WriteDisk                             0x08008e51   Thumb Code   140  mmc_sd.o(i.SD_WriteDisk)
    SHOW_IP                                  0x08008ee1   Thumb Code   506  test.o(i.SHOW_IP)
    SHOW_RES                                 0x080090f5   Thumb Code    56  test.o(i.SHOW_RES)
    SPI1_Init                                0x0800912d   Thumb Code   162  spi.o(i.SPI1_Init)
    SPI1_ReadWriteByte                       0x080091e1   Thumb Code    78  spi.o(i.SPI1_ReadWriteByte)
    SPI1_SetSpeed                            0x08009235   Thumb Code    40  spi.o(i.SPI1_SetSpeed)
    SPI_FLASH_Write_Enable                   0x08009261   Thumb Code    24  flash.o(i.SPI_FLASH_Write_Enable)
    SPI_Flash_Erase_Sector                   0x08009281   Thumb Code    62  flash.o(i.SPI_Flash_Erase_Sector)
    SPI_Flash_Init                           0x080092c9   Thumb Code    74  flash.o(i.SPI_Flash_Init)
    SPI_Flash_Read                           0x08009329   Thumb Code    74  flash.o(i.SPI_Flash_Read)
    SPI_Flash_ReadID                         0x08009379   Thumb Code    64  flash.o(i.SPI_Flash_ReadID)
    SPI_Flash_ReadSR                         0x080093c1   Thumb Code    36  flash.o(i.SPI_Flash_ReadSR)
    SPI_Flash_Wait_Busy                      0x080093ed   Thumb Code    18  flash.o(i.SPI_Flash_Wait_Busy)
    SPI_Flash_Write                          0x080093ff   Thumb Code   196  flash.o(i.SPI_Flash_Write)
    SPI_Flash_Write_NoCheck                  0x080094c3   Thumb Code    70  flash.o(i.SPI_Flash_Write_NoCheck)
    SPI_Flash_Write_Page                     0x08009509   Thumb Code    80  flash.o(i.SPI_Flash_Write_Page)
    Show_Font                                0x0800955d   Thumb Code   200  text.o(i.Show_Font)
    Show_Str                                 0x08009625   Thumb Code   218  text.o(i.Show_Str)
    Stm32_Clock_Init                         0x08009701   Thumb Code   134  sys.o(i.Stm32_Clock_Init)
    SysTick_Handler                          0x08009791   Thumb Code    16  delay.o(i.SysTick_Handler)
    Sys_Enter_Standby                        0x080097a1   Thumb Code    20  wkup.o(i.Sys_Enter_Standby)
    Sys_Standby                              0x080097b9   Thumb Code    64  sys.o(i.Sys_Standby)
    TIM2_IRQHandler                          0x08009805   Thumb Code   174  timer.o(i.TIM2_IRQHandler)
    TIM3_IRQHandler                          0x080098bd   Thumb Code    40  timer.o(i.TIM3_IRQHandler)
    TIM4_IRQHandler                          0x080098ed   Thumb Code    44  usart.o(i.TIM4_IRQHandler)
    TIM4_Init                                0x08009921   Thumb Code    72  usart.o(i.TIM4_Init)
    TIM4_Set                                 0x08009971   Thumb Code    44  usart.o(i.TIM4_Set)
    TP_Adj_Info_Show                         0x080099a1   Thumb Code   664  touch.o(i.TP_Adj_Info_Show)
    TP_Adjust                                0x08009c69   Thumb Code  2224  touch.o(i.TP_Adjust)
    TP_Drow_Touch_Point                      0x0800a519   Thumb Code   118  touch.o(i.TP_Drow_Touch_Point)
    TP_Get_Adjdata                           0x0800a591   Thumb Code   152  touch.o(i.TP_Get_Adjdata)
    TP_Init                                  0x0800a639   Thumb Code   212  touch.o(i.TP_Init)
    TP_Read_AD                               0x0800a725   Thumb Code   136  touch.o(i.TP_Read_AD)
    TP_Read_XOY                              0x0800a7b5   Thumb Code   120  touch.o(i.TP_Read_XOY)
    TP_Read_XY                               0x0800a82d   Thumb Code    38  touch.o(i.TP_Read_XY)
    TP_Read_XY2                              0x0800a85d   Thumb Code   192  touch.o(i.TP_Read_XY2)
    TP_Save_Adjdata                          0x0800a91d   Thumb Code   110  touch.o(i.TP_Save_Adjdata)
    TP_Scan                                  0x0800a995   Thumb Code   252  touch.o(i.TP_Scan)
    TP_Write_Byte                            0x0800aa99   Thumb Code    66  touch.o(i.TP_Write_Byte)
    UART3_DMA_Config                         0x0800aae5   Thumb Code    80  usart.o(i.UART3_DMA_Config)
    UART3_msg_management                     0x0800ab39   Thumb Code   578  test.o(i.UART3_msg_management)
    UART4_IRQHandler                         0x0800ad91   Thumb Code    94  usart.o(i.UART4_IRQHandler)
    USART1_IRQHandler                        0x0800adfd   Thumb Code   128  usart.o(i.USART1_IRQHandler)
    USART2_IRQHandler                        0x0800ae89   Thumb Code   130  usart2.o(i.USART2_IRQHandler)
    USART2_Init                              0x0800af19   Thumb Code   140  usart2.o(i.USART2_Init)
    USART2_msg_management                    0x0800afb9   Thumb Code    26  test.o(i.USART2_msg_management)
    USART3_IRQHandler                        0x0800afd9   Thumb Code    84  usart.o(i.USART3_IRQHandler)
    WWDG_IRQHandler                          0x0800b03d   Thumb Code    34  wdg.o(i.WWDG_IRQHandler)
    WWDG_Set_Counter                         0x0800b06d   Thumb Code    10  wdg.o(i.WWDG_Set_Counter)
    __ARM_fpclassify                         0x0800b07d   Thumb Code    40  fpclassify.o(i.__ARM_fpclassify)
    _is_digit                                0x0800b0a5   Thumb Code    14  __printf_wp.o(i._is_digit)
    _sys_exit                                0x0800b0b3   Thumb Code     6  usart.o(i._sys_exit)
    button_management                        0x0800b0b9   Thumb Code  1304  test.o(i.button_management)
    button_pattern_one                       0x0800b5e5   Thumb Code   804  test.o(i.button_pattern_one)
    button_pattern_two                       0x0800b929   Thumb Code   386  test.o(i.button_pattern_two)
    check_tp_coords                          0x0800bb49   Thumb Code    44  touch.o(i.check_tp_coords)
    choose_pattern                           0x0800bb8d   Thumb Code    90  test.o(i.choose_pattern)
    clean_screen                             0x0800bc05   Thumb Code    44  test.o(i.clean_screen)
    clust2sect                               0x0800bc63   Thumb Code    26  ff.o(i.clust2sect)
    copy_server_address                      0x0800bd0d   Thumb Code    22  test.o(i.copy_server_address)
    cut_file_path                            0x0800c075   Thumb Code    40  test.o(i.cut_file_path)
    delay_init                               0x0800c0a1   Thumb Code    82  delay.o(i.delay_init)
    delay_ms                                 0x0800c0fd   Thumb Code    62  delay.o(i.delay_ms)
    delay_us                                 0x0800c145   Thumb Code    86  delay.o(i.delay_us)
    dir_sdi                                  0x0800c5d9   Thumb Code   158  ff.o(i.dir_sdi)
    disk_initialize                          0x0800c679   Thumb Code    88  diskio.o(i.disk_initialize)
    disk_ioctl                               0x0800c6d9   Thumb Code   154  diskio.o(i.disk_ioctl)
    disk_read                                0x0800c77d   Thumb Code   118  diskio.o(i.disk_read)
    disk_status                              0x0800c7f3   Thumb Code     6  diskio.o(i.disk_status)
    disk_write                               0x0800c7f9   Thumb Code    98  diskio.o(i.disk_write)
    exf_getfree                              0x0800c85b   Thumb Code    74  exfuns.o(i.exf_getfree)
    exfuns_init                              0x0800c8a5   Thumb Code   100  exfuns.o(i.exfuns_init)
    f_close                                  0x0800c919   Thumb Code    32  ff.o(i.f_close)
    f_getfree                                0x0800c939   Thumb Code   258  ff.o(i.f_getfree)
    f_lseek                                  0x0800ca3b   Thumb Code   654  ff.o(i.f_lseek)
    f_mkdir                                  0x0800ccc9   Thumb Code   354  ff.o(i.f_mkdir)
    f_mount                                  0x0800ce31   Thumb Code    86  ff.o(i.f_mount)
    f_open                                   0x0800ce8d   Thumb Code   360  ff.o(i.f_open)
    f_opendir                                0x0800cff9   Thumb Code   114  ff.o(i.f_opendir)
    f_read                                   0x0800d071   Thumb Code   432  ff.o(i.f_read)
    f_readdir                                0x0800d221   Thumb Code    92  ff.o(i.f_readdir)
    f_sync                                   0x0800d281   Thumb Code   176  ff.o(i.f_sync)
    f_write                                  0x0800d331   Thumb Code   498  ff.o(i.f_write)
    ff_convert                               0x0800d525   Thumb Code   146  mycc936.o(i.ff_convert)
    ff_wtoupper                              0x0800d5bd   Thumb Code    46  mycc936.o(i.ff_wtoupper)
    font_init                                0x0800da8d   Thumb Code    32  fontupd.o(i.font_init)
    fputc                                    0x0800dab5   Thumb Code    24  usart.o(i.fputc)
    get_fat                                  0x0800db99   Thumb Code   232  ff.o(i.get_fat)
    get_fattime                              0x0800dc81   Thumb Code    56  diskio.o(i.get_fattime)
    gsm_task                                 0x0800de15   Thumb Code   114  test.o(i.gsm_task)
    implement                                0x0800dea1   Thumb Code    44  test.o(i.implement)
    ip_message                               0x0800dee1   Thumb Code   164  test.o(i.ip_message)
    ip_port_change                           0x0800df91   Thumb Code   176  test.o(i.ip_port_change)
    key_management                           0x0800e051   Thumb Code    40  test.o(i.key_management)
    key_pattern_one                          0x0800e07d   Thumb Code   166  test.o(i.key_pattern_one)
    key_pattern_two                          0x0800e12d   Thumb Code   114  test.o(i.key_pattern_two)
    key_task                                 0x0800e1b1   Thumb Code    42  test.o(i.key_task)
    led_task                                 0x0800e205   Thumb Code    58  test.o(i.led_task)
    main                                     0x0800e249   Thumb Code    30  test.o(i.main)
    main_task                                0x0800e271   Thumb Code   580  test.o(i.main_task)
    mem_free                                 0x0800e5a5   Thumb Code    66  malloc.o(i.mem_free)
    mem_init                                 0x0800e5ed   Thumb Code    38  malloc.o(i.mem_init)
    mem_malloc                               0x0800e619   Thumb Code   116  malloc.o(i.mem_malloc)
    mem_perused                              0x0800e691   Thumb Code    42  malloc.o(i.mem_perused)
    myfree                                   0x0800e709   Thumb Code    24  malloc.o(i.myfree)
    mymalloc                                 0x0800e725   Thumb Code    28  malloc.o(i.mymalloc)
    mymemset                                 0x0800e745   Thumb Code    20  malloc.o(i.mymemset)
    open_file                                0x0800e759   Thumb Code   380  test.o(i.open_file)
    print_address                            0x0800e995   Thumb Code   172  test.o(i.print_address)
    print_dir                                0x0800ea4d   Thumb Code   190  test.o(i.print_dir)
    put_fat                                  0x0800eb1d   Thumb Code   310  ff.o(i.put_fat)
    read_txt                                 0x0800ec55   Thumb Code   368  test.o(i.read_txt)
    read_txt_fail                            0x0800ee41   Thumb Code    68  test.o(i.read_txt_fail)
    refresh_server_address                   0x0800ee89   Thumb Code    22  test.o(i.refresh_server_address)
    save_data                                0x0800ef15   Thumb Code   580  test.o(i.save_data)
    show_txt_data                            0x0800f271   Thumb Code    88  test.o(i.show_txt_data)
    show_txt_msg                             0x0800f2d1   Thumb Code   168  test.o(i.show_txt_msg)
    sim900a_check_cmd                        0x0800f389   Thumb Code    44  gsm.o(i.sim900a_check_cmd)
    sim900a_check_sim                        0x0800f3bd   Thumb Code   490  gsm.o(i.sim900a_check_sim)
    sim900a_connect                          0x0800f649   Thumb Code   430  gsm.o(i.sim900a_connect)
    sim900a_send                             0x0800f889   Thumb Code   100  gsm.o(i.sim900a_send)
    sim900a_send_cmd                         0x0800f91d   Thumb Code   110  gsm.o(i.sim900a_send_cmd)
    sim900a_set_AT                           0x0800f9a1   Thumb Code   250  gsm.o(i.sim900a_set_AT)
    sim900a_star_connect                     0x0800fb6d   Thumb Code   146  gsm.o(i.sim900a_star_connect)
    sqrt                                     0x0800fc31   Thumb Code    76  sqrt.o(i.sqrt)
    start_task                               0x0800fc8d   Thumb Code   142  test.o(i.start_task)
    system_init                              0x0800fe89   Thumb Code  1308  test.o(i.system_init)
    table_DrawLine                           0x080103a5   Thumb Code   180  ili93xx.o(i.table_DrawLine)
    touch_task                               0x0801045d   Thumb Code   478  test.o(i.touch_task)
    u1_printf                                0x0801066d   Thumb Code    72  usart.o(i.u1_printf)
    u2_printf                                0x080106bd   Thumb Code    72  usart2.o(i.u2_printf)
    u3_printf                                0x0801070d   Thumb Code    72  usart.o(i.u3_printf)
    uart4_init                               0x0801075d   Thumb Code   212  usart.o(i.uart4_init)
    uart_init                                0x08010841   Thumb Code   212  usart.o(i.uart_init)
    usart3_init                              0x08010925   Thumb Code   180  usart.o(i.usart3_init)
    _get_lc_numeric                          0x08010a2d   Thumb Code    44  lc_numeric_c.o(locale$$code)
    _get_lc_ctype                            0x08010a59   Thumb Code    44  lc_ctype_c.o(locale$$code)
    __aeabi_dadd                             0x08010a85   Thumb Code     0  daddsub_clz.o(x$fpl$dadd)
    _dadd                                    0x08010a85   Thumb Code   332  daddsub_clz.o(x$fpl$dadd)
    __fpl_dcmp_Inf                           0x08010bd5   Thumb Code    24  dcmpi.o(x$fpl$dcmpinf)
    __aeabi_d2uiz                            0x08010bed   Thumb Code     0  dfixu.o(x$fpl$dfixu)
    _dfixu                                   0x08010bed   Thumb Code    90  dfixu.o(x$fpl$dfixu)
    __aeabi_i2d                              0x08010c47   Thumb Code     0  dflt_clz.o(x$fpl$dflt)
    _dflt                                    0x08010c47   Thumb Code    46  dflt_clz.o(x$fpl$dflt)
    __aeabi_ui2d                             0x08010c75   Thumb Code     0  dflt_clz.o(x$fpl$dfltu)
    _dfltu                                   0x08010c75   Thumb Code    38  dflt_clz.o(x$fpl$dfltu)
    __aeabi_cdcmple                          0x08010c9d   Thumb Code     0  dleqf.o(x$fpl$dleqf)
    _dcmple                                  0x08010c9d   Thumb Code   120  dleqf.o(x$fpl$dleqf)
    __fpl_dcmple_InfNaN                      0x08010cff   Thumb Code     0  dleqf.o(x$fpl$dleqf)
    __aeabi_dmul                             0x08010d15   Thumb Code     0  dmul.o(x$fpl$dmul)
    _dmul                                    0x08010d15   Thumb Code   332  dmul.o(x$fpl$dmul)
    __fpl_dnaninf                            0x08010e69   Thumb Code   156  dnaninf.o(x$fpl$dnaninf)
    __fpl_dretinf                            0x08010f05   Thumb Code    12  dretinf.o(x$fpl$dretinf)
    __aeabi_cdrcmple                         0x08010f11   Thumb Code     0  drleqf.o(x$fpl$drleqf)
    _drcmple                                 0x08010f11   Thumb Code   108  drleqf.o(x$fpl$drleqf)
    __aeabi_drsub                            0x08010f7d   Thumb Code     0  daddsub_clz.o(x$fpl$drsb)
    _drsb                                    0x08010f7d   Thumb Code    22  daddsub_clz.o(x$fpl$drsb)
    _dsqrt                                   0x08010f95   Thumb Code   456  dsqrt_noumaal.o(x$fpl$dsqrt)
    __aeabi_dsub                             0x08011161   Thumb Code     0  daddsub_clz.o(x$fpl$dsub)
    _dsub                                    0x08011161   Thumb Code   464  daddsub_clz.o(x$fpl$dsub)
    __aeabi_f2d                              0x08011335   Thumb Code     0  f2d.o(x$fpl$f2d)
    _f2d                                     0x08011335   Thumb Code    86  f2d.o(x$fpl$f2d)
    __aeabi_fadd                             0x0801138d   Thumb Code     0  faddsub_clz.o(x$fpl$fadd)
    _fadd                                    0x0801138d   Thumb Code   196  faddsub_clz.o(x$fpl$fadd)
    __aeabi_fdiv                             0x08011451   Thumb Code     0  fdiv.o(x$fpl$fdiv)
    _fdiv                                    0x08011451   Thumb Code   384  fdiv.o(x$fpl$fdiv)
    __aeabi_f2iz                             0x080115d5   Thumb Code     0  ffix.o(x$fpl$ffix)
    _ffix                                    0x080115d5   Thumb Code    54  ffix.o(x$fpl$ffix)
    __aeabi_f2uiz                            0x0801160d   Thumb Code     0  ffixu.o(x$fpl$ffixu)
    _ffixu                                   0x0801160d   Thumb Code    62  ffixu.o(x$fpl$ffixu)
    __aeabi_i2f                              0x0801164d   Thumb Code     0  fflt_clz.o(x$fpl$fflt)
    _fflt                                    0x0801164d   Thumb Code    48  fflt_clz.o(x$fpl$fflt)
    __aeabi_ui2f                             0x0801167d   Thumb Code     0  fflt_clz.o(x$fpl$ffltu)
    _ffltu                                   0x0801167d   Thumb Code    38  fflt_clz.o(x$fpl$ffltu)
    __aeabi_fmul                             0x080116a5   Thumb Code     0  fmul.o(x$fpl$fmul)
    _fmul                                    0x080116a5   Thumb Code   258  fmul.o(x$fpl$fmul)
    __fpl_fnaninf                            0x080117a7   Thumb Code   140  fnaninf.o(x$fpl$fnaninf)
    __fpl_fretinf                            0x08011833   Thumb Code    10  fretinf.o(x$fpl$fretinf)
    __aeabi_frsub                            0x0801183d   Thumb Code     0  faddsub_clz.o(x$fpl$frsb)
    _frsb                                    0x0801183d   Thumb Code    20  faddsub_clz.o(x$fpl$frsb)
    __aeabi_fsub                             0x08011851   Thumb Code     0  faddsub_clz.o(x$fpl$fsub)
    _fsub                                    0x08011851   Thumb Code   234  faddsub_clz.o(x$fpl$fsub)
    _printf_fp_dec                           0x0801193b   Thumb Code     4  printf1.o(x$fpl$printf1)
    __I$use$fp                               0x0801193e   Number         0  usenofp.o(x$fpl$usenofp)
    asc2_1206                                0x0801193e   Data        1140  ili93xx.o(.constdata)
    asc2_1608                                0x08011db2   Data        1520  ili93xx.o(.constdata)
    asc2_2412                                0x080123a2   Data        3420  ili93xx.o(.constdata)
    table_week                               0x080130fe   Data          12  rtc.o(.constdata)
    mon_table                                0x0801310a   Data          12  rtc.o(.constdata)
    TP_REMIND_MSG_TBL                        0x08013118   Data           4  touch.o(.constdata)
    OTT_TPX_TBL                              0x0801311c   Data          10  ott2001a.o(.constdata)
    GT9147_CFG_TBL                           0x08013126   Data         184  gt9147.o(.constdata)
    GT9147_TPX_TBL                           0x080131de   Data          10  gt9147.o(.constdata)
    OSUnMapTbl                               0x080135e2   Data         256  os_core.o(.constdata)
    Region$$Table$$Base                      0x08013958   Number         0  anon$$obj.o(Region$$Table)
    Region$$Table$$Limit                     0x08013978   Number         0  anon$$obj.o(Region$$Table)
    __ctype                                  0x080139a1   Data           0  lc_ctype_c.o(locale$$data)
    KEY_Box                                  0x20000000   Data           4  test.o(.data)
    LED_Box                                  0x20000004   Data           4  test.o(.data)
    TOUCH_Box                                0x20000008   Data           4  test.o(.data)
    GSM_Box                                  0x2000000c   Data           4  test.o(.data)
    system_task_return                       0x20000011   Data           1  test.o(.data)
    point_color                              0x20000012   Data          12  test.o(.data)
    IP                                       0x2000002b   Data           4  test.o(.data)
    PORT                                     0x2000002f   Data           2  test.o(.data)
    address_pointer                          0x20000031   Data           1  test.o(.data)
    first_press                              0x2000008d   Data           1  test.o(.data)
    first_loosen                             0x2000008e   Data           1  test.o(.data)
    file_dir_num                             0x2000008f   Data           1  test.o(.data)
    file_dir_pointer                         0x20000090   Data           1  test.o(.data)
    page                                     0x200000c3   Data           1  test.o(.data)
    file_dir_max                             0x200000c4   Data           1  test.o(.data)
    txt_size                                 0x200000c8   Data           4  test.o(.data)
    txt_pointer                              0x200000cc   Data           4  test.o(.data)
    txt_data_buffer_num                      0x200000d0   Data           1  test.o(.data)
    read_buffer_len                          0x200000d1   Data           1  test.o(.data)
    data_page                                0x200000d2   Data           2  test.o(.data)
    gsm_msg                                  0x200000d4   Data           1  test.o(.data)
    tmp_msg                                  0x200000d5   Data           2  test.o(.data)
    Map                                      0x200000d7   Data          16  test.o(.data)
    num_of_address                           0x200000e7   Data           1  test.o(.data)
    now_address                              0x200000e8   Data           1  test.o(.data)
    port                                     0x200000e9   Data           1  test.o(.data)
    pack                                     0x200000ea   Data           1  test.o(.data)
    year                                     0x200000ec   Data           2  test.o(.data)
    month                                    0x200000ee   Data           2  test.o(.data)
    day                                      0x200000f0   Data           2  test.o(.data)
    __stdout                                 0x200000fc   Data           4  usart.o(.data)
    USART1_RX_STA                            0x20000100   Data           2  usart.o(.data)
    USART3_RX_STA                            0x20000102   Data           2  usart.o(.data)
    UART4_RX_STA                             0x20000104   Data           2  usart.o(.data)
    TIM2CH1_CAPTURE_STA                      0x20000108   Data           1  timer.o(.data)
    TIM2CH1_CAPTURE_VAL                      0x2000010a   Data           2  timer.o(.data)
    POINT_COLOR                              0x2000010c   Data           2  ili93xx.o(.data)
    BACK_COLOR                               0x2000010e   Data           2  ili93xx.o(.data)
    rtc_time_string                          0x20000110   Data          20  rtc.o(.data)
    SPI_FLASH_TYPE                           0x20000126   Data           2  flash.o(.data)
    tp_dev                                   0x20000128   Data          52  touch.o(.data)
    CMD_RDX                                  0x2000015c   Data           1  touch.o(.data)
    CMD_RDY                                  0x2000015d   Data           1  touch.o(.data)
    SD_Type                                  0x20000160   Data           1  mmc_sd.o(.data)
    WWDG_CNT                                 0x20000161   Data           1  wdg.o(.data)
    Hash                                     0x20000185   Data          16  gsm.o(.data)
    USART2_RX_STA                            0x20000196   Data           2  usart2.o(.data)
    mallco_dev                               0x20000198   Data          20  malloc.o(.data)
    FLASH_SECTOR_COUNT                       0x200001ac   Data           2  diskio.o(.data)
    FILE_TYPE_TBL                            0x200001bc   Data         312  exfuns.o(.data)
    fs                                       0x200002f4   Data           8  exfuns.o(.data)
    file                                     0x200002fc   Data           4  exfuns.o(.data)
    ftemp                                    0x20000300   Data           4  exfuns.o(.data)
    br                                       0x20000304   Data           4  exfuns.o(.data)
    bw                                       0x20000308   Data           4  exfuns.o(.data)
    fatbuf                                   0x2000030c   Data           4  exfuns.o(.data)
    OSCtxSwCtr                               0x20000310   Data           4  os_core.o(.data)
    OSEventFreeList                          0x20000314   Data           4  os_core.o(.data)
    OSFlagFreeList                           0x20000318   Data           4  os_core.o(.data)
    OSCPUUsage                               0x2000031c   Data           1  os_core.o(.data)
    OSIdleCtrMax                             0x20000320   Data           4  os_core.o(.data)
    OSIdleCtrRun                             0x20000324   Data           4  os_core.o(.data)
    OSStatRdy                                0x20000328   Data           1  os_core.o(.data)
    OSIntNesting                             0x20000329   Data           1  os_core.o(.data)
    OSLockNesting                            0x2000032a   Data           1  os_core.o(.data)
    OSPrioCur                                0x2000032b   Data           1  os_core.o(.data)
    OSPrioHighRdy                            0x2000032c   Data           1  os_core.o(.data)
    OSRdyGrp                                 0x2000032d   Data           1  os_core.o(.data)
    OSRdyTbl                                 0x2000032e   Data           8  os_core.o(.data)
    OSRunning                                0x20000336   Data           1  os_core.o(.data)
    OSTaskCtr                                0x20000337   Data           1  os_core.o(.data)
    OSIdleCtr                                0x20000338   Data           4  os_core.o(.data)
    OSTCBCur                                 0x2000033c   Data           4  os_core.o(.data)
    OSTCBFreeList                            0x20000340   Data           4  os_core.o(.data)
    OSTCBHighRdy                             0x20000344   Data           4  os_core.o(.data)
    OSTCBList                                0x20000348   Data           4  os_core.o(.data)
    OSTickStepState                          0x2000034c   Data           1  os_core.o(.data)
    OSQFreeList                              0x20000350   Data           4  os_core.o(.data)
    OSTime                                   0x20000354   Data           4  os_core.o(.data)
    server_address                           0x20002258   Data          16  test.o(.bss)
    tmp_server_address                       0x20002268   Data          16  test.o(.bss)
    file_dir                                 0x200024a0   Data         600  test.o(.bss)
    txt_read_buffer                          0x20002711   Data         200  test.o(.bss)
    txt_data_buffer                          0x200027d9   Data         220  test.o(.bss)
    data_buffer_size                         0x200028b5   Data         500  test.o(.bss)
    path                                     0x20002aa9   Data          50  test.o(.bss)
    address                                  0x20002adb   Data         200  test.o(.bss)
    USART1_RX_BUF                            0x20002dcc   Data         200  usart.o(.bss)
    USART1_TX_BUF                            0x20002e94   Data         200  usart.o(.bss)
    USART3_RX_BUF                            0x20002f5c   Data         200  usart.o(.bss)
    USART3_TX_BUF                            0x20003024   Data         500  usart.o(.bss)
    UART4_RX_BUF                             0x20003218   Data         200  usart.o(.bss)
    lcddev                                   0x200032e0   Data          14  ili93xx.o(.bss)
    table                                    0x200032ee   Data       12000  ili93xx.o(.bss)
    calendar                                 0x200061ce   Data          10  rtc.o(.bss)
    USART2_TX_BUF                            0x200061d8   Data        1024  usart2.o(.bss)
    USART2_RX_BUF                            0x200065d8   Data        1024  usart2.o(.bss)
    membase                                  0x200069d8   Data       15360  malloc.o(.bss)
    memmapbase                               0x2000a5d8   Data         960  malloc.o(.bss)
    ftinfo                                   0x2000a9cc   Data          33  fontupd.o(.bss)
    OSEventTbl                               0x2000a9f0   Data         400  os_core.o(.bss)
    OSFlagTbl                                0x2000ab80   Data          80  os_core.o(.bss)
    OSTaskStatStk                            0x2000abd0   Data         512  os_core.o(.bss)
    OSTaskIdleStk                            0x2000add0   Data         512  os_core.o(.bss)
    OSTCBPrioTbl                             0x2000afd0   Data         256  os_core.o(.bss)
    OSTCBTbl                                 0x2000b0d0   Data        1848  os_core.o(.bss)
    OSQTbl                                   0x2000b808   Data         120  os_core.o(.bss)
    __libspace_start                         0x2000b880   Data          96  libspace.o(.bss)
    __temporary_stack_top$libspace           0x2000b8e0   Data           0  libspace.o(.bss)



==============================================================================

Memory Map of the image

  Image Entry point : 0x08000131

  Load Region LR_IROM1 (Base: 0x08000000, Size: 0x00013dfc, Max: 0x00040000, ABSOLUTE, COMPRESSED[0x00013bc4])

    Execution Region ER_IROM1 (Base: 0x08000000, Size: 0x00013aa4, Max: 0x00040000, ABSOLUTE)

    Base Addr    Size         Type   Attr      Idx    E Section Name        Object

    0x08000000   0x00000130   Data   RO            3    RESET               startup_stm32f10x_hd.o
    0x08000130   0x00000008   Code   RO         4769  * !!!main             c_w.l(__main.o)
    0x08000138   0x00000034   Code   RO         5136    !!!scatter          c_w.l(__scatter.o)
    0x0800016c   0x0000005a   Code   RO         5134    !!dczerorl2         c_w.l(__dczerorl2.o)
    0x080001c6   0x00000002   PAD
    0x080001c8   0x0000001c   Code   RO         5138    !!handler_zi        c_w.l(__scatter_zi.o)
    0x080001e4   0x00000000   Code   RO         4752    .ARM.Collect$$_printf_percent$$00000000  c_w.l(_printf_percent.o)
    0x080001e4   0x00000006   Code   RO         4881    .ARM.Collect$$_printf_percent$$00000001  c_w.l(_printf_n.o)
    0x080001ea   0x00000006   Code   RO         4882    .ARM.Collect$$_printf_percent$$00000002  c_w.l(_printf_p.o)
    0x080001f0   0x00000006   Code   RO         4751    .ARM.Collect$$_printf_percent$$00000003  c_w.l(_printf_f.o)
    0x080001f6   0x00000006   Code   RO         4886    .ARM.Collect$$_printf_percent$$00000004  c_w.l(_printf_e.o)
    0x080001fc   0x00000006   Code   RO         4887    .ARM.Collect$$_printf_percent$$00000005  c_w.l(_printf_g.o)
    0x08000202   0x00000006   Code   RO         4888    .ARM.Collect$$_printf_percent$$00000006  c_w.l(_printf_a.o)
    0x08000208   0x0000000a   Code   RO         4893    .ARM.Collect$$_printf_percent$$00000007  c_w.l(_printf_ll.o)
    0x08000212   0x00000006   Code   RO         4884    .ARM.Collect$$_printf_percent$$00000008  c_w.l(_printf_i.o)
    0x08000218   0x00000006   Code   RO         4750    .ARM.Collect$$_printf_percent$$00000009  c_w.l(_printf_d.o)
    0x0800021e   0x00000006   Code   RO         4885    .ARM.Collect$$_printf_percent$$0000000A  c_w.l(_printf_u.o)
    0x08000224   0x00000006   Code   RO         4883    .ARM.Collect$$_printf_percent$$0000000B  c_w.l(_printf_o.o)
    0x0800022a   0x00000006   Code   RO         4749    .ARM.Collect$$_printf_percent$$0000000C  c_w.l(_printf_x.o)
    0x08000230   0x00000006   Code   RO         4890    .ARM.Collect$$_printf_percent$$0000000D  c_w.l(_printf_lli.o)
    0x08000236   0x00000006   Code   RO         4891    .ARM.Collect$$_printf_percent$$0000000E  c_w.l(_printf_lld.o)
    0x0800023c   0x00000006   Code   RO         4892    .ARM.Collect$$_printf_percent$$0000000F  c_w.l(_printf_llu.o)
    0x08000242   0x00000006   Code   RO         4897    .ARM.Collect$$_printf_percent$$00000010  c_w.l(_printf_llo.o)
    0x08000248   0x00000006   Code   RO         4898    .ARM.Collect$$_printf_percent$$00000011  c_w.l(_printf_llx.o)
    0x0800024e   0x0000000a   Code   RO         4894    .ARM.Collect$$_printf_percent$$00000012  c_w.l(_printf_l.o)
    0x08000258   0x00000006   Code   RO         4747    .ARM.Collect$$_printf_percent$$00000013  c_w.l(_printf_c.o)
    0x0800025e   0x00000006   Code   RO         4748    .ARM.Collect$$_printf_percent$$00000014  c_w.l(_printf_s.o)
    0x08000264   0x00000006   Code   RO         4895    .ARM.Collect$$_printf_percent$$00000015  c_w.l(_printf_lc.o)
    0x0800026a   0x00000006   Code   RO         4896    .ARM.Collect$$_printf_percent$$00000016  c_w.l(_printf_ls.o)
    0x08000270   0x00000004   Code   RO         4889    .ARM.Collect$$_printf_percent$$00000017  c_w.l(_printf_percent_end.o)
    0x08000274   0x00000002   Code   RO         5005    .ARM.Collect$$libinit$$00000000  c_w.l(libinit.o)
    0x08000276   0x00000000   Code   RO         5007    .ARM.Collect$$libinit$$00000002  c_w.l(libinit2.o)
    0x08000276   0x00000000   Code   RO         5009    .ARM.Collect$$libinit$$00000004  c_w.l(libinit2.o)
    0x08000276   0x00000000   Code   RO         5012    .ARM.Collect$$libinit$$0000000A  c_w.l(libinit2.o)
    0x08000276   0x00000000   Code   RO         5014    .ARM.Collect$$libinit$$0000000C  c_w.l(libinit2.o)
    0x08000276   0x00000000   Code   RO         5016    .ARM.Collect$$libinit$$0000000E  c_w.l(libinit2.o)
    0x08000276   0x00000006   Code   RO         5017    .ARM.Collect$$libinit$$0000000F  c_w.l(libinit2.o)
    0x0800027c   0x00000000   Code   RO         5019    .ARM.Collect$$libinit$$00000011  c_w.l(libinit2.o)
    0x0800027c   0x0000000c   Code   RO         5020    .ARM.Collect$$libinit$$00000012  c_w.l(libinit2.o)
    0x08000288   0x00000000   Code   RO         5021    .ARM.Collect$$libinit$$00000013  c_w.l(libinit2.o)
    0x08000288   0x00000000   Code   RO         5023    .ARM.Collect$$libinit$$00000015  c_w.l(libinit2.o)
    0x08000288   0x0000000a   Code   RO         5024    .ARM.Collect$$libinit$$00000016  c_w.l(libinit2.o)
    0x08000292   0x00000000   Code   RO         5025    .ARM.Collect$$libinit$$00000017  c_w.l(libinit2.o)
    0x08000292   0x00000000   Code   RO         5027    .ARM.Collect$$libinit$$00000019  c_w.l(libinit2.o)
    0x08000292   0x00000000   Code   RO         5029    .ARM.Collect$$libinit$$0000001B  c_w.l(libinit2.o)
    0x08000292   0x00000000   Code   RO         5031    .ARM.Collect$$libinit$$0000001D  c_w.l(libinit2.o)
    0x08000292   0x00000000   Code   RO         5033    .ARM.Collect$$libinit$$0000001F  c_w.l(libinit2.o)
    0x08000292   0x00000000   Code   RO         5035    .ARM.Collect$$libinit$$00000021  c_w.l(libinit2.o)
    0x08000292   0x00000000   Code   RO         5037    .ARM.Collect$$libinit$$00000023  c_w.l(libinit2.o)
    0x08000292   0x00000000   Code   RO         5039    .ARM.Collect$$libinit$$00000025  c_w.l(libinit2.o)
    0x08000292   0x00000000   Code   RO         5043    .ARM.Collect$$libinit$$0000002C  c_w.l(libinit2.o)
    0x08000292   0x00000000   Code   RO         5045    .ARM.Collect$$libinit$$0000002E  c_w.l(libinit2.o)
    0x08000292   0x00000000   Code   RO         5047    .ARM.Collect$$libinit$$00000030  c_w.l(libinit2.o)
    0x08000292   0x00000000   Code   RO         5049    .ARM.Collect$$libinit$$00000032  c_w.l(libinit2.o)
    0x08000292   0x00000002   Code   RO         5050    .ARM.Collect$$libinit$$00000033  c_w.l(libinit2.o)
    0x08000294   0x00000002   Code   RO         5095    .ARM.Collect$$libshutdown$$00000000  c_w.l(libshutdown.o)
    0x08000296   0x00000000   Code   RO         5105    .ARM.Collect$$libshutdown$$00000003  c_w.l(libshutdown2.o)
    0x08000296   0x00000000   Code   RO         5108    .ARM.Collect$$libshutdown$$00000006  c_w.l(libshutdown2.o)
    0x08000296   0x00000000   Code   RO         5111    .ARM.Collect$$libshutdown$$00000009  c_w.l(libshutdown2.o)
    0x08000296   0x00000000   Code   RO         5113    .ARM.Collect$$libshutdown$$0000000B  c_w.l(libshutdown2.o)
    0x08000296   0x00000000   Code   RO         5116    .ARM.Collect$$libshutdown$$0000000E  c_w.l(libshutdown2.o)
    0x08000296   0x00000002   Code   RO         5117    .ARM.Collect$$libshutdown$$0000000F  c_w.l(libshutdown2.o)
    0x08000298   0x00000000   Code   RO         4849    .ARM.Collect$$rtentry$$00000000  c_w.l(__rtentry.o)
    0x08000298   0x00000000   Code   RO         4915    .ARM.Collect$$rtentry$$00000002  c_w.l(__rtentry2.o)
    0x08000298   0x00000006   Code   RO         4927    .ARM.Collect$$rtentry$$00000004  c_w.l(__rtentry4.o)
    0x0800029e   0x00000000   Code   RO         4917    .ARM.Collect$$rtentry$$00000009  c_w.l(__rtentry2.o)
    0x0800029e   0x00000004   Code   RO         4918    .ARM.Collect$$rtentry$$0000000A  c_w.l(__rtentry2.o)
    0x080002a2   0x00000000   Code   RO         4920    .ARM.Collect$$rtentry$$0000000C  c_w.l(__rtentry2.o)
    0x080002a2   0x00000008   Code   RO         4921    .ARM.Collect$$rtentry$$0000000D  c_w.l(__rtentry2.o)
    0x080002aa   0x00000002   Code   RO         5051    .ARM.Collect$$rtexit$$00000000  c_w.l(rtexit.o)
    0x080002ac   0x00000000   Code   RO         5065    .ARM.Collect$$rtexit$$00000002  c_w.l(rtexit2.o)
    0x080002ac   0x00000004   Code   RO         5066    .ARM.Collect$$rtexit$$00000003  c_w.l(rtexit2.o)
    0x080002b0   0x00000006   Code   RO         5067    .ARM.Collect$$rtexit$$00000004  c_w.l(rtexit2.o)
    0x080002b6   0x00000002   PAD
    0x080002b8   0x0000000c   Code   RO          519    .emb_text           sys.o
    0x080002c4   0x00000038   Code   RO            4    .text               startup_stm32f10x_hd.o
    0x080002fc   0x000000b4   Code   RO         3394    .text               os_cpu_a.o
    0x080003b0   0x00000002   Code   RO         4684    .text               c_w.l(use_no_semi_2.o)
    0x080003b2   0x00000002   PAD
    0x080003b4   0x00000024   Code   RO         4688    .text               c_w.l(c89vsprintf.o)
    0x080003d8   0x00000018   Code   RO         4690    .text               c_w.l(__2printf.o)
    0x080003f0   0x0000002c   Code   RO         4692    .text               c_w.l(__2sprintf.o)
    0x0800041c   0x0000004e   Code   RO         4700    .text               c_w.l(_printf_pad.o)
    0x0800046a   0x00000052   Code   RO         4702    .text               c_w.l(_printf_str.o)
    0x080004bc   0x00000078   Code   RO         4704    .text               c_w.l(_printf_dec.o)
    0x08000534   0x00000094   Code   RO         4724    .text               c_w.l(_printf_hex_int_ll_ptr.o)
    0x080005c8   0x00000188   Code   RO         4744    .text               c_w.l(__printf_flags_ss_wp.o)
    0x08000750   0x00000024   Code   RO         4753    .text               c_w.l(strstr.o)
    0x08000774   0x0000003e   Code   RO         4757    .text               c_w.l(strlen.o)
    0x080007b2   0x00000018   Code   RO         4759    .text               c_w.l(strcat.o)
    0x080007ca   0x00000064   Code   RO         4761    .text               c_w.l(rt_memcpy_w.o)
    0x0800082e   0x0000004e   Code   RO         4763    .text               c_w.l(rt_memclr_w.o)
    0x0800087c   0x00000080   Code   RO         4765    .text               c_w.l(strcmpv7m.o)
    0x080008fc   0x00000006   Code   RO         4767    .text               c_w.l(heapauxi.o)
    0x08000902   0x00000002   Code   RO         4847    .text               c_w.l(use_no_semi.o)
    0x08000904   0x00000016   Code   RO         4852    .text               c_w.l(_rserrno.o)
    0x0800091a   0x00000024   Code   RO         4854    .text               c_w.l(_printf_truncate.o)
    0x0800093e   0x000000b2   Code   RO         4856    .text               c_w.l(_printf_intcommon.o)
    0x080009f0   0x00000028   Code   RO         4858    .text               c_w.l(_printf_charcount.o)
    0x08000a18   0x0000041a   Code   RO         4860    .text               c_w.l(_printf_fp_dec.o)
    0x08000e32   0x00000002   PAD
    0x08000e34   0x00000030   Code   RO         4862    .text               c_w.l(_printf_char_common.o)
    0x08000e64   0x0000000a   Code   RO         4864    .text               c_w.l(_sputc.o)
    0x08000e6e   0x0000002c   Code   RO         4866    .text               c_w.l(_printf_char.o)
    0x08000e9a   0x00000002   PAD
    0x08000e9c   0x00000024   Code   RO         4868    .text               c_w.l(_printf_char_file.o)
    0x08000ec0   0x000000bc   Code   RO         4870    .text               c_w.l(_printf_wctomb.o)
    0x08000f7c   0x0000007c   Code   RO         4873    .text               c_w.l(_printf_longlong_dec.o)
    0x08000ff8   0x00000070   Code   RO         4879    .text               c_w.l(_printf_oct_int_ll.o)
    0x08001068   0x00000008   Code   RO         4936    .text               c_w.l(rt_locale_intlibspace.o)
    0x08001070   0x00000008   Code   RO         4941    .text               c_w.l(rt_errno_addr_intlibspace.o)
    0x08001078   0x0000008a   Code   RO         4943    .text               c_w.l(lludiv10.o)
    0x08001102   0x00000002   PAD
    0x08001104   0x00000080   Code   RO         4945    .text               c_w.l(_printf_fp_infnan.o)
    0x08001184   0x0000002c   Code   RO         4949    .text               c_w.l(_printf_wchar.o)
    0x080011b0   0x000000dc   Code   RO         4951    .text               c_w.l(bigflt0.o)
    0x0800128c   0x00000008   Code   RO         4976    .text               c_w.l(ferror.o)
    0x08001294   0x00000040   Code   RO         4980    .text               c_w.l(_wcrtomb.o)
    0x080012d4   0x00000008   Code   RO         4989    .text               c_w.l(libspace.o)
    0x080012dc   0x0000004a   Code   RO         4992    .text               c_w.l(sys_stackheap_outer.o)
    0x08001326   0x00000002   PAD
    0x08001328   0x00000010   Code   RO         4994    .text               c_w.l(rt_ctype_table.o)
    0x08001338   0x0000000c   Code   RO         4998    .text               c_w.l(exit.o)
    0x08001344   0x0000003e   Code   RO         4954    CL$$btod_d2e        c_w.l(btod.o)
    0x08001382   0x00000046   Code   RO         4956    CL$$btod_d2e_denorm_low  c_w.l(btod.o)
    0x080013c8   0x00000060   Code   RO         4955    CL$$btod_d2e_norm_op1  c_w.l(btod.o)
    0x08001428   0x00000338   Code   RO         4964    CL$$btod_div_common  c_w.l(btod.o)
    0x08001760   0x000000c6   Code   RO         4961    CL$$btod_e2e        c_w.l(btod.o)
    0x08001826   0x00000028   Code   RO         4958    CL$$btod_ediv       c_w.l(btod.o)
    0x0800184e   0x00000028   Code   RO         4957    CL$$btod_emul       c_w.l(btod.o)
    0x08001876   0x00000244   Code   RO         4963    CL$$btod_mult_common  c_w.l(btod.o)
    0x08001aba   0x00000008   Code   RO         1107    i.AT24CXX_Init      24cxx.o
    0x08001ac2   0x0000002c   Code   RO         1109    i.AT24CXX_ReadLenByte  24cxx.o
    0x08001aee   0x00000058   Code   RO         1110    i.AT24CXX_ReadOneByte  24cxx.o
    0x08001b46   0x0000002a   Code   RO         1112    i.AT24CXX_WriteLenByte  24cxx.o
    0x08001b70   0x00000052   Code   RO         1113    i.AT24CXX_WriteOneByte  24cxx.o
    0x08001bc2   0x0000000a   Code   RO         1453    i.CT_Delay          ctiic.o
    0x08001bcc   0x00000050   Code   RO         1454    i.CT_IIC_Ack        ctiic.o
    0x08001c1c   0x00000048   Code   RO         1455    i.CT_IIC_Init       ctiic.o
    0x08001c64   0x00000050   Code   RO         1456    i.CT_IIC_NAck       ctiic.o
    0x08001cb4   0x0000006c   Code   RO         1457    i.CT_IIC_Read_Byte  ctiic.o
    0x08001d20   0x00000060   Code   RO         1458    i.CT_IIC_Send_Byte  ctiic.o
    0x08001d80   0x0000004c   Code   RO         1459    i.CT_IIC_Start      ctiic.o
    0x08001dcc   0x00000048   Code   RO         1460    i.CT_IIC_Stop       ctiic.o
    0x08001e14   0x00000060   Code   RO         1461    i.CT_IIC_Wait_Ack   ctiic.o
    0x08001e74   0x0000003c   Code   RO         1046    i.Check_WKUP        wkup.o
    0x08001eb0   0x00000018   Code   RO         1047    i.EXTI0_IRQHandler  wkup.o
    0x08001ec8   0x00000080   Code   RO           10    i.GET_IP_PORT       test.o
    0x08001f48   0x00000144   Code   RO         1556    i.GT9147_Init       gt9147.o
    0x0800208c   0x00000062   Code   RO         1557    i.GT9147_RD_Reg     gt9147.o
    0x080020ee   0x00000002   PAD
    0x080020f0   0x000001a4   Code   RO         1558    i.GT9147_Scan       gt9147.o
    0x08002294   0x0000005c   Code   RO         1559    i.GT9147_Send_Cfg   gt9147.o
    0x080022f0   0x0000005c   Code   RO         1560    i.GT9147_WR_Reg     gt9147.o
    0x0800234c   0x000000e0   Code   RO         2639    i.Get_HzMat         text.o
    0x0800242c   0x00000050   Code   RO         1160    i.IIC_Ack           myiic.o
    0x0800247c   0x00000038   Code   RO         1161    i.IIC_Init          myiic.o
    0x080024b4   0x00000050   Code   RO         1162    i.IIC_NAck          myiic.o
    0x08002504   0x00000070   Code   RO         1163    i.IIC_Read_Byte     myiic.o
    0x08002574   0x00000068   Code   RO         1164    i.IIC_Send_Byte     myiic.o
    0x080025dc   0x0000004c   Code   RO         1165    i.IIC_Start         myiic.o
    0x08002628   0x0000004c   Code   RO         1166    i.IIC_Stop          myiic.o
    0x08002674   0x00000064   Code   RO         1167    i.IIC_Wait_Ack      myiic.o
    0x080026d8   0x00000010   Code   RO         1764    i.IWDG_Feed         wdg.o
    0x080026e8   0x00000020   Code   RO         1765    i.IWDG_Init         wdg.o
    0x08002708   0x0000003a   Code   RO          976    i.Is_Leap_Year      rtc.o
    0x08002742   0x00000002   PAD
    0x08002744   0x00000030   Code   RO          521    i.JTAG_Set          sys.o
    0x08002774   0x00000088   Code   RO          697    i.KEY_Init          key.o
    0x080027fc   0x00000084   Code   RO          698    i.KEY_Scan          key.o
    0x08002880   0x00000088   Code   RO          773    i.LCD_Clear         ili93xx.o
    0x08002908   0x000001a8   Code   RO          777    i.LCD_Display_Dir   ili93xx.o
    0x08002ab0   0x000000ac   Code   RO          778    i.LCD_DrawLine      ili93xx.o
    0x08002b5c   0x00000038   Code   RO          779    i.LCD_DrawPoint     ili93xx.o
    0x08002b94   0x000000c6   Code   RO          781    i.LCD_Draw_Circle   ili93xx.o
    0x08002c5a   0x00000002   PAD
    0x08002c5c   0x000000d4   Code   RO          783    i.LCD_Fill          ili93xx.o
    0x08002d30   0x00003a34   Code   RO          784    i.LCD_Init          ili93xx.o
    0x08006764   0x00000016   Code   RO          785    i.LCD_Pow           ili93xx.o
    0x0800677a   0x00000002   PAD
    0x0800677c   0x00000070   Code   RO          786    i.LCD_RD_DATA       ili93xx.o
    0x080067ec   0x00000010   Code   RO          788    i.LCD_ReadReg       ili93xx.o
    0x080067fc   0x00000434   Code   RO          789    i.LCD_Scan_Dir      ili93xx.o
    0x08006c30   0x00000224   Code   RO          790    i.LCD_SetCursor     ili93xx.o
    0x08006e54   0x00000134   Code   RO          792    i.LCD_ShowChar      ili93xx.o
    0x08006f88   0x000000a2   Code   RO          793    i.LCD_ShowNum       ili93xx.o
    0x0800702a   0x00000072   Code   RO          794    i.LCD_ShowString    ili93xx.o
    0x0800709c   0x000000c6   Code   RO          795    i.LCD_ShowxNum      ili93xx.o
    0x08007162   0x00000002   PAD
    0x08007164   0x00000024   Code   RO          796    i.LCD_WR_DATAX      ili93xx.o
    0x08007188   0x00000024   Code   RO          797    i.LCD_WR_REG        ili93xx.o
    0x080071ac   0x00000010   Code   RO          799    i.LCD_WriteRAM_Prepare  ili93xx.o
    0x080071bc   0x00000030   Code   RO          800    i.LCD_WriteReg      ili93xx.o
    0x080071ec   0x00000070   Code   RO          721    i.LED_Init          led.o
    0x0800725c   0x00000068   Code   RO          522    i.MYRCC_DeInit      sys.o
    0x080072c4   0x00000078   Code   RO          523    i.MY_NVIC_Init      sys.o
    0x0800733c   0x00000028   Code   RO          524    i.MY_NVIC_PriorityGroupConfig  sys.o
    0x08007364   0x00000014   Code   RO          525    i.MY_NVIC_SetVectorTable  sys.o
    0x08007378   0x0000002c   Code   RO         2678    i.OSInit            os_core.o
    0x080073a4   0x00000002   Code   RO         3312    i.OSInitHookBegin   os_cpu_c.o
    0x080073a6   0x00000002   Code   RO         3313    i.OSInitHookEnd     os_cpu_c.o
    0x080073a8   0x00000024   Code   RO         2679    i.OSIntEnter        os_core.o
    0x080073cc   0x00000090   Code   RO         2680    i.OSIntExit         os_core.o
    0x0800745c   0x0000004c   Code   RO         2942    i.OSMboxCreate      os_mbox.o
    0x080074a8   0x00000104   Code   RO         2944    i.OSMboxPend        os_mbox.o
    0x080075ac   0x00000050   Code   RO         2946    i.OSMboxPost        os_mbox.o
    0x080075fc   0x00000040   Code   RO         2681    i.OSSchedLock       os_core.o
    0x0800763c   0x00000060   Code   RO         2682    i.OSSchedUnlock     os_core.o
    0x0800769c   0x00000048   Code   RO         2683    i.OSStart           os_core.o
    0x080076e4   0x0000004c   Code   RO         2684    i.OSStatInit        os_core.o
    0x08007730   0x00000002   Code   RO         3314    i.OSTCBInitHook     os_cpu_c.o
    0x08007732   0x00000002   PAD
    0x08007734   0x000000a0   Code   RO         3175    i.OSTaskCreate      os_task.o
    0x080077d4   0x000000b8   Code   RO         3176    i.OSTaskCreateExt   os_task.o
    0x0800788c   0x00000002   Code   RO         3315    i.OSTaskCreateHook  os_cpu_c.o
    0x0800788e   0x00000002   Code   RO         3317    i.OSTaskIdleHook    os_cpu_c.o
    0x08007890   0x00000070   Code   RO         3180    i.OSTaskNameSet     os_task.o
    0x08007900   0x00000002   Code   RO         3319    i.OSTaskStatHook    os_cpu_c.o
    0x08007902   0x00000002   PAD
    0x08007904   0x0000008c   Code   RO         3185    i.OSTaskStkChk      os_task.o
    0x08007990   0x0000009a   Code   RO         3320    i.OSTaskStkInit     os_cpu_c.o
    0x08007a2a   0x00000002   PAD
    0x08007a2c   0x000000a8   Code   RO         3186    i.OSTaskSuspend     os_task.o
    0x08007ad4   0x00000002   Code   RO         3321    i.OSTaskSwHook      os_cpu_c.o
    0x08007ad6   0x00000002   PAD
    0x08007ad8   0x00000078   Code   RO         3270    i.OSTimeDly         os_time.o
    0x08007b50   0x000000ec   Code   RO         2685    i.OSTimeTick        os_core.o
    0x08007c3c   0x00000002   Code   RO         3322    i.OSTimeTickHook    os_cpu_c.o
    0x08007c3e   0x00000002   PAD
    0x08007c40   0x00000084   Code   RO         2688    i.OS_EventTaskRdy   os_core.o
    0x08007cc4   0x0000002a   Code   RO         2689    i.OS_EventTaskRemove  os_core.o
    0x08007cee   0x00000002   PAD
    0x08007cf0   0x0000007c   Code   RO         2690    i.OS_EventTaskWait  os_core.o
    0x08007d6c   0x0000001c   Code   RO         2691    i.OS_EventWaitListInit  os_core.o
    0x08007d88   0x00000058   Code   RO         2869    i.OS_FlagInit       os_flag.o
    0x08007de0   0x00000054   Code   RO         2692    i.OS_InitEventList  os_core.o
    0x08007e34   0x00000054   Code   RO         2693    i.OS_InitMisc       os_core.o
    0x08007e88   0x00000044   Code   RO         2694    i.OS_InitRdyList    os_core.o
    0x08007ecc   0x00000080   Code   RO         2695    i.OS_InitTCBList    os_core.o
    0x08007f4c   0x00000050   Code   RO         2696    i.OS_InitTaskIdle   os_core.o
    0x08007f9c   0x00000050   Code   RO         2697    i.OS_InitTaskStat   os_core.o
    0x08007fec   0x00000012   Code   RO         2698    i.OS_MemClr         os_core.o
    0x08007ffe   0x00000002   PAD
    0x08008000   0x00000050   Code   RO         3058    i.OS_QInit          os_q.o
    0x08008050   0x00000074   Code   RO         2700    i.OS_Sched          os_core.o
    0x080080c4   0x0000002c   Code   RO         2701    i.OS_SchedNew       os_core.o
    0x080080f0   0x00000134   Code   RO         2703    i.OS_TCBInit        os_core.o
    0x08008224   0x00000028   Code   RO         2704    i.OS_TaskIdle       os_core.o
    0x0800824c   0x00000088   Code   RO         2705    i.OS_TaskStat       os_core.o
    0x080082d4   0x0000003c   Code   RO         2706    i.OS_TaskStatStkChk  os_core.o
    0x08008310   0x0000001a   Code   RO         3188    i.OS_TaskStkClr     os_task.o
    0x0800832a   0x00000002   PAD
    0x0800832c   0x000000b8   Code   RO         1516    i.OTT2001A_Init     ott2001a.o
    0x080083e4   0x00000062   Code   RO         1517    i.OTT2001A_RD_Reg   ott2001a.o
    0x08008446   0x00000002   PAD
    0x08008448   0x000001e0   Code   RO         1518    i.OTT2001A_Scan     ott2001a.o
    0x08008628   0x0000001c   Code   RO         1519    i.OTT2001A_SensorControl  ott2001a.o
    0x08008644   0x0000005c   Code   RO         1520    i.OTT2001A_WR_Reg   ott2001a.o
    0x080086a0   0x00000108   Code   RO          977    i.RTC_Get           rtc.o
    0x080087a8   0x00000078   Code   RO          978    i.RTC_Get_Week      rtc.o
    0x08008820   0x00000048   Code   RO          979    i.RTC_IRQHandler    rtc.o
    0x08008868   0x00000154   Code   RO          980    i.RTC_Init          rtc.o
    0x080089bc   0x00000014   Code   RO         1650    i.SD_DisSelect      mmc_sd.o
    0x080089d0   0x0000002a   Code   RO         1652    i.SD_GetCSD         mmc_sd.o
    0x080089fa   0x00000026   Code   RO         1653    i.SD_GetResponse    mmc_sd.o
    0x08008a20   0x00000076   Code   RO         1654    i.SD_GetSectorCount  mmc_sd.o
    0x08008a96   0x00000002   PAD
    0x08008a98   0x00000188   Code   RO         1655    i.SD_Initialize     mmc_sd.o
    0x08008c20   0x00000074   Code   RO         1656    i.SD_ReadDisk       mmc_sd.o
    0x08008c94   0x00000038   Code   RO         1657    i.SD_RecvData       mmc_sd.o
    0x08008ccc   0x00000058   Code   RO         1658    i.SD_SPI_Init       mmc_sd.o
    0x08008d24   0x0000000c   Code   RO         1659    i.SD_SPI_ReadWriteByte  mmc_sd.o
    0x08008d30   0x0000000a   Code   RO         1660    i.SD_SPI_SpeedHigh  mmc_sd.o
    0x08008d3a   0x0000000a   Code   RO         1661    i.SD_SPI_SpeedLow   mmc_sd.o
    0x08008d44   0x00000020   Code   RO         1662    i.SD_Select         mmc_sd.o
    0x08008d64   0x00000052   Code   RO         1663    i.SD_SendBlock      mmc_sd.o
    0x08008db6   0x00000078   Code   RO         1664    i.SD_SendCmd        mmc_sd.o
    0x08008e2e   0x00000022   Code   RO         1665    i.SD_WaitReady      mmc_sd.o
    0x08008e50   0x00000090   Code   RO         1666    i.SD_WriteDisk      mmc_sd.o
    0x08008ee0   0x00000214   Code   RO           11    i.SHOW_IP           test.o
    0x080090f4   0x00000038   Code   RO           12    i.SHOW_RES          test.o
    0x0800912c   0x000000b4   Code   RO         1214    i.SPI1_Init         spi.o
    0x080091e0   0x00000054   Code   RO         1215    i.SPI1_ReadWriteByte  spi.o
    0x08009234   0x0000002c   Code   RO         1216    i.SPI1_SetSpeed     spi.o
    0x08009260   0x00000020   Code   RO         1242    i.SPI_FLASH_Write_Enable  flash.o
    0x08009280   0x00000048   Code   RO         1245    i.SPI_Flash_Erase_Sector  flash.o
    0x080092c8   0x00000060   Code   RO         1246    i.SPI_Flash_Init    flash.o
    0x08009328   0x00000050   Code   RO         1248    i.SPI_Flash_Read    flash.o
    0x08009378   0x00000048   Code   RO         1249    i.SPI_Flash_ReadID  flash.o
    0x080093c0   0x0000002c   Code   RO         1250    i.SPI_Flash_ReadSR  flash.o
    0x080093ec   0x00000012   Code   RO         1252    i.SPI_Flash_Wait_Busy  flash.o
    0x080093fe   0x000000c4   Code   RO         1253    i.SPI_Flash_Write   flash.o
    0x080094c2   0x00000046   Code   RO         1254    i.SPI_Flash_Write_NoCheck  flash.o
    0x08009508   0x00000054   Code   RO         1255    i.SPI_Flash_Write_Page  flash.o
    0x0800955c   0x000000c8   Code   RO         2641    i.Show_Font         text.o
    0x08009624   0x000000da   Code   RO         2642    i.Show_Str          text.o
    0x080096fe   0x00000002   PAD
    0x08009700   0x00000090   Code   RO          526    i.Stm32_Clock_Init  sys.o
    0x08009790   0x00000010   Code   RO          487    i.SysTick_Handler   delay.o
    0x080097a0   0x00000018   Code   RO         1048    i.Sys_Enter_Standby  wkup.o
    0x080097b8   0x0000004c   Code   RO          528    i.Sys_Standby       sys.o
    0x08009804   0x000000b8   Code   RO          735    i.TIM2_IRQHandler   timer.o
    0x080098bc   0x00000030   Code   RO          736    i.TIM3_IRQHandler   timer.o
    0x080098ec   0x00000034   Code   RO          584    i.TIM4_IRQHandler   usart.o
    0x08009920   0x00000050   Code   RO          585    i.TIM4_Init         usart.o
    0x08009970   0x00000030   Code   RO          586    i.TIM4_Set          usart.o
    0x080099a0   0x000002c8   Code   RO         1351    i.TP_Adj_Info_Show  touch.o
    0x08009c68   0x000008b0   Code   RO         1352    i.TP_Adjust         touch.o
    0x0800a518   0x00000076   Code   RO         1354    i.TP_Drow_Touch_Point  touch.o
    0x0800a58e   0x00000002   PAD
    0x0800a590   0x000000a8   Code   RO         1355    i.TP_Get_Adjdata    touch.o
    0x0800a638   0x000000ec   Code   RO         1356    i.TP_Init           touch.o
    0x0800a724   0x00000090   Code   RO         1357    i.TP_Read_AD        touch.o
    0x0800a7b4   0x00000078   Code   RO         1358    i.TP_Read_XOY       touch.o
    0x0800a82c   0x00000030   Code   RO         1359    i.TP_Read_XY        touch.o
    0x0800a85c   0x000000c0   Code   RO         1360    i.TP_Read_XY2       touch.o
    0x0800a91c   0x00000078   Code   RO         1361    i.TP_Save_Adjdata   touch.o
    0x0800a994   0x00000104   Code   RO         1362    i.TP_Scan           touch.o
    0x0800aa98   0x0000004c   Code   RO         1363    i.TP_Write_Byte     touch.o
    0x0800aae4   0x00000054   Code   RO          587    i.UART3_DMA_Config  usart.o
    0x0800ab38   0x00000258   Code   RO           13    i.UART3_msg_management  test.o
    0x0800ad90   0x0000006c   Code   RO          589    i.UART4_IRQHandler  usart.o
    0x0800adfc   0x0000008c   Code   RO          590    i.USART1_IRQHandler  usart.o
    0x0800ae88   0x00000090   Code   RO         1857    i.USART2_IRQHandler  usart2.o
    0x0800af18   0x000000a0   Code   RO         1858    i.USART2_Init       usart2.o
    0x0800afb8   0x00000020   Code   RO           14    i.USART2_msg_management  test.o
    0x0800afd8   0x00000064   Code   RO          591    i.USART3_IRQHandler  usart.o
    0x0800b03c   0x00000030   Code   RO         1766    i.WWDG_IRQHandler   wdg.o
    0x0800b06c   0x00000010   Code   RO         1768    i.WWDG_Set_Counter  wdg.o
    0x0800b07c   0x00000028   Code   RO         4987    i.__ARM_fpclassify  m_ws.l(fpclassify.o)
    0x0800b0a4   0x0000000e   Code   RO         4737    i._is_digit         c_w.l(__printf_wp.o)
    0x0800b0b2   0x00000006   Code   RO          592    i._sys_exit         usart.o
    0x0800b0b8   0x0000052c   Code   RO           16    i.button_management  test.o
    0x0800b5e4   0x00000344   Code   RO           17    i.button_pattern_one  test.o
    0x0800b928   0x00000190   Code   RO           18    i.button_pattern_two  test.o
    0x0800bab8   0x00000090   Code   RO         2016    i.check_fs          ff.o
    0x0800bb48   0x00000030   Code   RO         1364    i.check_tp_coords   touch.o
    0x0800bb78   0x00000014   Code   RO         2017    i.chk_chr           ff.o
    0x0800bb8c   0x00000078   Code   RO           20    i.choose_pattern    test.o
    0x0800bc04   0x0000002c   Code   RO           21    i.clean_screen      test.o
    0x0800bc30   0x00000032   Code   RO         2018    i.clmt_clust        ff.o
    0x0800bc62   0x0000001a   Code   RO         2019    i.clust2sect        ff.o
    0x0800bc7c   0x00000090   Code   RO         2020    i.cmp_lfn           ff.o
    0x0800bd0c   0x00000020   Code   RO           22    i.copy_server_address  test.o
    0x0800bd2c   0x000000d6   Code   RO         2021    i.create_chain      ff.o
    0x0800be02   0x00000002   PAD
    0x0800be04   0x00000270   Code   RO         2022    i.create_name       ff.o
    0x0800c074   0x0000002c   Code   RO           23    i.cut_file_path     test.o
    0x0800c0a0   0x0000005c   Code   RO          488    i.delay_init        delay.o
    0x0800c0fc   0x00000048   Code   RO          489    i.delay_ms          delay.o
    0x0800c144   0x0000005c   Code   RO          490    i.delay_us          delay.o
    0x0800c1a0   0x0000005c   Code   RO         2023    i.dir_alloc         ff.o
    0x0800c1fc   0x000000de   Code   RO         2024    i.dir_find          ff.o
    0x0800c2da   0x00000110   Code   RO         2025    i.dir_next          ff.o
    0x0800c3ea   0x000000c4   Code   RO         2026    i.dir_read          ff.o
    0x0800c4ae   0x0000012a   Code   RO         2027    i.dir_register      ff.o
    0x0800c5d8   0x0000009e   Code   RO         2029    i.dir_sdi           ff.o
    0x0800c676   0x00000002   PAD
    0x0800c678   0x00000060   Code   RO         1956    i.disk_initialize   diskio.o
    0x0800c6d8   0x000000a4   Code   RO         1957    i.disk_ioctl        diskio.o
    0x0800c77c   0x00000076   Code   RO         1958    i.disk_read         diskio.o
    0x0800c7f2   0x00000006   Code   RO         1959    i.disk_status       diskio.o
    0x0800c7f8   0x00000062   Code   RO         1960    i.disk_write        diskio.o
    0x0800c85a   0x0000004a   Code   RO         2372    i.exf_getfree       exfuns.o
    0x0800c8a4   0x00000074   Code   RO         2373    i.exfuns_init       exfuns.o
    0x0800c918   0x00000020   Code   RO         2031    i.f_close           ff.o
    0x0800c938   0x00000102   Code   RO         2033    i.f_getfree         ff.o
    0x0800ca3a   0x0000028e   Code   RO         2036    i.f_lseek           ff.o
    0x0800ccc8   0x00000168   Code   RO         2037    i.f_mkdir           ff.o
    0x0800ce30   0x0000005c   Code   RO         2039    i.f_mount           ff.o
    0x0800ce8c   0x0000016c   Code   RO         2040    i.f_open            ff.o
    0x0800cff8   0x00000078   Code   RO         2041    i.f_opendir         ff.o
    0x0800d070   0x000001b0   Code   RO         2045    i.f_read            ff.o
    0x0800d220   0x00000060   Code   RO         2046    i.f_readdir         ff.o
    0x0800d280   0x000000b0   Code   RO         2050    i.f_sync            ff.o
    0x0800d330   0x000001f2   Code   RO         2054    i.f_write           ff.o
    0x0800d522   0x00000002   PAD
    0x0800d524   0x00000098   Code   RO         2581    i.ff_convert        mycc936.o
    0x0800d5bc   0x00000038   Code   RO         2582    i.ff_wtoupper       mycc936.o
    0x0800d5f4   0x00000388   Code   RO         2055    i.find_volume       ff.o
    0x0800d97c   0x00000080   Code   RO         2056    i.fit_lfn           ff.o
    0x0800d9fc   0x00000090   Code   RO         2057    i.follow_path       ff.o
    0x0800da8c   0x00000028   Code   RO         2600    i.font_init         fontupd.o
    0x0800dab4   0x0000001c   Code   RO          593    i.fputc             usart.o
    0x0800dad0   0x000000c8   Code   RO         2058    i.gen_numname       ff.o
    0x0800db98   0x000000e8   Code   RO         2059    i.get_fat           ff.o
    0x0800dc80   0x0000003c   Code   RO         1963    i.get_fattime       diskio.o
    0x0800dcbc   0x0000010c   Code   RO         2060    i.get_fileinfo      ff.o
    0x0800ddc8   0x0000004a   Code   RO         2061    i.get_ldnumber      ff.o
    0x0800de12   0x00000002   PAD
    0x0800de14   0x0000008c   Code   RO           24    i.gsm_task          test.o
    0x0800dea0   0x00000040   Code   RO           26    i.implement         test.o
    0x0800dee0   0x000000b0   Code   RO           27    i.ip_message        test.o
    0x0800df90   0x000000c0   Code   RO           28    i.ip_port_change    test.o
    0x0800e050   0x0000002c   Code   RO           29    i.key_management    test.o
    0x0800e07c   0x000000b0   Code   RO           30    i.key_pattern_one   test.o
    0x0800e12c   0x00000084   Code   RO           31    i.key_pattern_two   test.o
    0x0800e1b0   0x00000034   Code   RO           32    i.key_task          test.o
    0x0800e1e4   0x00000020   Code   RO         2062    i.ld_clust          ff.o
    0x0800e204   0x00000044   Code   RO           33    i.led_task          test.o
    0x0800e248   0x00000028   Code   RO           34    i.main              test.o
    0x0800e270   0x000002f4   Code   RO           35    i.main_task         test.o
    0x0800e564   0x00000026   Code   RO         2063    i.mem_cmp           ff.o
    0x0800e58a   0x0000001a   Code   RO         2064    i.mem_cpy           ff.o
    0x0800e5a4   0x00000048   Code   RO         1888    i.mem_free          malloc.o
    0x0800e5ec   0x0000002c   Code   RO         1889    i.mem_init          malloc.o
    0x0800e618   0x00000078   Code   RO         1890    i.mem_malloc        malloc.o
    0x0800e690   0x00000030   Code   RO         1891    i.mem_perused       malloc.o
    0x0800e6c0   0x00000014   Code   RO         2065    i.mem_set           ff.o
    0x0800e6d4   0x00000032   Code   RO         2066    i.move_window       ff.o
    0x0800e706   0x00000002   PAD
    0x0800e708   0x0000001c   Code   RO         1892    i.myfree            malloc.o
    0x0800e724   0x00000020   Code   RO         1893    i.mymalloc          malloc.o
    0x0800e744   0x00000014   Code   RO         1895    i.mymemset          malloc.o
    0x0800e758   0x000001c8   Code   RO           37    i.open_file         test.o
    0x0800e920   0x00000074   Code   RO         2067    i.pick_lfn          ff.o
    0x0800e994   0x000000b8   Code   RO           38    i.print_address     test.o
    0x0800ea4c   0x000000d0   Code   RO           39    i.print_dir         test.o
    0x0800eb1c   0x00000136   Code   RO         2068    i.put_fat           ff.o
    0x0800ec52   0x00000002   PAD
    0x0800ec54   0x000001ec   Code   RO           40    i.read_txt          test.o
    0x0800ee40   0x00000048   Code   RO           41    i.read_txt_fail     test.o
    0x0800ee88   0x00000020   Code   RO           42    i.refresh_server_address  test.o
    0x0800eea8   0x0000006c   Code   RO         2070    i.remove_chain      ff.o
    0x0800ef14   0x0000035c   Code   RO           43    i.save_data         test.o
    0x0800f270   0x00000060   Code   RO           44    i.show_txt_data     test.o
    0x0800f2d0   0x000000b8   Code   RO           45    i.show_txt_msg      test.o
    0x0800f388   0x00000034   Code   RO         1803    i.sim900a_check_cmd  gsm.o
    0x0800f3bc   0x0000028c   Code   RO         1804    i.sim900a_check_sim  gsm.o
    0x0800f648   0x00000240   Code   RO         1805    i.sim900a_connect   gsm.o
    0x0800f888   0x00000094   Code   RO         1806    i.sim900a_send      gsm.o
    0x0800f91c   0x00000084   Code   RO         1807    i.sim900a_send_cmd  gsm.o
    0x0800f9a0   0x000001cc   Code   RO         1808    i.sim900a_set_AT    gsm.o
    0x0800fb6c   0x000000c4   Code   RO         1809    i.sim900a_star_connect  gsm.o
    0x0800fc30   0x0000004c   Code   RO         4840    i.sqrt              m_ws.l(sqrt.o)
    0x0800fc7c   0x00000010   Code   RO         2072    i.st_clust          ff.o
    0x0800fc8c   0x000000c8   Code   RO           46    i.start_task        test.o
    0x0800fd54   0x00000020   Code   RO         2073    i.sum_sfn           ff.o
    0x0800fd74   0x000000c8   Code   RO         2074    i.sync_fs           ff.o
    0x0800fe3c   0x0000004c   Code   RO         2075    i.sync_window       ff.o
    0x0800fe88   0x0000051c   Code   RO           47    i.system_init       test.o
    0x080103a4   0x000000b8   Code   RO          801    i.table_DrawLine    ili93xx.o
    0x0801045c   0x00000210   Code   RO           48    i.touch_task        test.o
    0x0801066c   0x00000050   Code   RO          594    i.u1_printf         usart.o
    0x080106bc   0x00000050   Code   RO         1859    i.u2_printf         usart2.o
    0x0801070c   0x00000050   Code   RO          595    i.u3_printf         usart.o
    0x0801075c   0x000000e4   Code   RO          596    i.uart4_init        usart.o
    0x08010840   0x000000e4   Code   RO          597    i.uart_init         usart.o
    0x08010924   0x000000d0   Code   RO          598    i.usart3_init       usart.o
    0x080109f4   0x00000036   Code   RO         2076    i.validate          ff.o
    0x08010a2a   0x00000002   PAD
    0x08010a2c   0x0000002c   Code   RO         4983    locale$$code        c_w.l(lc_numeric_c.o)
    0x08010a58   0x0000002c   Code   RO         5054    locale$$code        c_w.l(lc_ctype_c.o)
    0x08010a84   0x00000150   Code   RO         4773    x$fpl$dadd          fz_ws.l(daddsub_clz.o)
    0x08010bd4   0x00000018   Code   RO         4899    x$fpl$dcmpinf       fz_ws.l(dcmpi.o)
    0x08010bec   0x0000005a   Code   RO         4787    x$fpl$dfixu         fz_ws.l(dfixu.o)
    0x08010c46   0x0000002e   Code   RO         4792    x$fpl$dflt          fz_ws.l(dflt_clz.o)
    0x08010c74   0x00000026   Code   RO         4791    x$fpl$dfltu         fz_ws.l(dflt_clz.o)
    0x08010c9a   0x00000002   PAD
    0x08010c9c   0x00000078   Code   RO         4797    x$fpl$dleqf         fz_ws.l(dleqf.o)
    0x08010d14   0x00000154   Code   RO         4799    x$fpl$dmul          fz_ws.l(dmul.o)
    0x08010e68   0x0000009c   Code   RO         4901    x$fpl$dnaninf       fz_ws.l(dnaninf.o)
    0x08010f04   0x0000000c   Code   RO         4903    x$fpl$dretinf       fz_ws.l(dretinf.o)
    0x08010f10   0x0000006c   Code   RO         4801    x$fpl$drleqf        fz_ws.l(drleqf.o)
    0x08010f7c   0x00000016   Code   RO         4774    x$fpl$drsb          fz_ws.l(daddsub_clz.o)
    0x08010f92   0x00000002   PAD
    0x08010f94   0x000001cc   Code   RO         4905    x$fpl$dsqrt         fz_ws.l(dsqrt_noumaal.o)
    0x08011160   0x000001d4   Code   RO         4775    x$fpl$dsub          fz_ws.l(daddsub_clz.o)
    0x08011334   0x00000056   Code   RO         4803    x$fpl$f2d           fz_ws.l(f2d.o)
    0x0801138a   0x00000002   PAD
    0x0801138c   0x000000c4   Code   RO         4805    x$fpl$fadd          fz_ws.l(faddsub_clz.o)
    0x08011450   0x00000184   Code   RO         4812    x$fpl$fdiv          fz_ws.l(fdiv.o)
    0x080115d4   0x00000036   Code   RO         4817    x$fpl$ffix          fz_ws.l(ffix.o)
    0x0801160a   0x00000002   PAD
    0x0801160c   0x0000003e   Code   RO         4821    x$fpl$ffixu         fz_ws.l(ffixu.o)
    0x0801164a   0x00000002   PAD
    0x0801164c   0x00000030   Code   RO         4826    x$fpl$fflt          fz_ws.l(fflt_clz.o)
    0x0801167c   0x00000026   Code   RO         4825    x$fpl$ffltu         fz_ws.l(fflt_clz.o)
    0x080116a2   0x00000002   PAD
    0x080116a4   0x00000102   Code   RO         4833    x$fpl$fmul          fz_ws.l(fmul.o)
    0x080117a6   0x0000008c   Code   RO         4909    x$fpl$fnaninf       fz_ws.l(fnaninf.o)
    0x08011832   0x0000000a   Code   RO         4911    x$fpl$fretinf       fz_ws.l(fretinf.o)
    0x0801183c   0x00000014   Code   RO         4806    x$fpl$frsb          fz_ws.l(faddsub_clz.o)
    0x08011850   0x000000ea   Code   RO         4807    x$fpl$fsub          fz_ws.l(faddsub_clz.o)
    0x0801193a   0x00000004   Code   RO         4837    x$fpl$printf1       fz_ws.l(printf1.o)
    0x0801193e   0x00000000   Code   RO         4913    x$fpl$usenofp       fz_ws.l(usenofp.o)
    0x0801193e   0x000017c0   Data   RO          803    .constdata          ili93xx.o
    0x080130fe   0x00000018   Data   RO          985    .constdata          rtc.o
    0x08013116   0x00000002   PAD
    0x08013118   0x00000004   Data   RO         1365    .constdata          touch.o
    0x0801311c   0x0000000a   Data   RO         1521    .constdata          ott2001a.o
    0x08013126   0x000000c2   Data   RO         1561    .constdata          gt9147.o
    0x080131e8   0x0000003a   Data   RO         2078    .constdata          ff.o
    0x08013222   0x000003c0   Data   RO         2583    .constdata          mycc936.o
    0x080135e2   0x00000100   Data   RO         2708    .constdata          os_core.o
    0x080136e2   0x00000028   Data   RO         4725    .constdata          c_w.l(_printf_hex_int_ll_ptr.o)
    0x0801370a   0x00000011   Data   RO         4745    .constdata          c_w.l(__printf_flags_ss_wp.o)
    0x0801371b   0x00000001   PAD
    0x0801371c   0x00000008   Data   RO         4871    .constdata          c_w.l(_printf_wctomb.o)
    0x08013724   0x00000094   Data   RO         4952    .constdata          c_w.l(bigflt0.o)
    0x080137b8   0x000000bd   Data   RO           50    .conststring        test.o
    0x08013875   0x00000003   PAD
    0x08013878   0x00000079   Data   RO         1366    .conststring        touch.o
    0x080138f1   0x00000003   PAD
    0x080138f4   0x00000064   Data   RO         2376    .conststring        exfuns.o
    0x08013958   0x00000020   Data   RO         5132    Region$$Table       anon$$obj.o
    0x08013978   0x0000001c   Data   RO         4982    locale$$data        c_w.l(lc_numeric_c.o)
    0x08013994   0x00000110   Data   RO         5053    locale$$data        c_w.l(lc_ctype_c.o)


    Execution Region RW_IRAM1 (Base: 0x20000000, Size: 0x0000bee0, Max: 0x0000c000, ABSOLUTE, COMPRESSED[0x00000120])

    Base Addr    Size         Type   Attr      Idx    E Section Name        Object

    0x20000000   0x000000f8   Data   RW           51    .data               test.o
    0x200000f8   0x00000004   Data   RW          491    .data               delay.o
    0x200000fc   0x0000000a   Data   RW          600    .data               usart.o
    0x20000106   0x00000002   Data   RW          699    .data               key.o
    0x20000108   0x00000004   Data   RW          738    .data               timer.o
    0x2000010c   0x00000004   Data   RW          804    .data               ili93xx.o
    0x20000110   0x00000016   Data   RW          986    .data               rtc.o
    0x20000126   0x00000002   Data   RW         1256    .data               flash.o
    0x20000128   0x00000036   Data   RW         1367    .data               touch.o
    0x2000015e   0x00000001   Data   RW         1522    .data               ott2001a.o
    0x2000015f   0x00000001   Data   RW         1562    .data               gt9147.o
    0x20000160   0x00000001   Data   RW         1667    .data               mmc_sd.o
    0x20000161   0x00000001   Data   RW         1769    .data               wdg.o
    0x20000162   0x00000002   PAD
    0x20000164   0x00000031   Data   RW         1810    .data               gsm.o
    0x20000195   0x00000001   PAD
    0x20000196   0x00000002   Data   RW         1861    .data               usart2.o
    0x20000198   0x00000014   Data   RW         1899    .data               malloc.o
    0x200001ac   0x00000002   Data   RW         1964    .data               diskio.o
    0x200001ae   0x00000002   PAD
    0x200001b0   0x0000000a   Data   RW         2079    .data               ff.o
    0x200001ba   0x00000002   PAD
    0x200001bc   0x00000154   Data   RW         2377    .data               exfuns.o
    0x20000310   0x00000048   Data   RW         2709    .data               os_core.o
    0x20000358   0x00002a74   Zero   RW           49    .bss                test.o
    0x20002dcc   0x00000514   Zero   RW          599    .bss                usart.o
    0x200032e0   0x00002eee   Zero   RW          802    .bss                ili93xx.o
    0x200061ce   0x0000000a   Zero   RW          984    .bss                rtc.o
    0x200061d8   0x00000800   Zero   RW         1860    .bss                usart2.o
    0x200069d8   0x00003fc0   Zero   RW         1897    .bss                malloc.o
    0x2000a998   0x00000034   Zero   RW         2077    .bss                ff.o
    0x2000a9cc   0x00000021   Zero   RW         2604    .bss                fontupd.o
    0x2000a9ed   0x00000003   PAD
    0x2000a9f0   0x00000e90   Zero   RW         2707    .bss                os_core.o
    0x2000b880   0x00000060   Zero   RW         4990    .bss                c_w.l(libspace.o)
    0x2000b8e0   0x00000200   Zero   RW            2    HEAP                startup_stm32f10x_hd.o
    0x2000bae0   0x00000400   Zero   RW            1    STACK               startup_stm32f10x_hd.o


==============================================================================

Image component sizes


      Code (inc. data)   RO Data    RW Data    ZI Data      Debug   Object Name

       264          0          0          0          0       3193   24cxx.o
       690        102          0          0          0       5149   ctiic.o
       272         26          0          4          0       2629   delay.o
       542         22          0          2          0       5933   diskio.o
       190         16        100        340          0       2476   exfuns.o
      8570         90         58         10         52      45009   ff.o
       764         66          0          2          0       7348   flash.o
        40          8          0          0         33       2065   fontupd.o
      2216        646          0         49          0       6411   gsm.o
      1026         76        194          1          0       4562   gt9147.o
     18974        210       6080          4      12014      28974   ili93xx.o
       268         24          0          2          0       1746   key.o
       112         12          0          0          0        499   led.o
       364         30          0         20      16320       5906   malloc.o
      1314         46          0          1          0      11314   mmc_sd.o
       208         16        960          0          0       2027   mycc936.o
       684        104          0          0          0       4606   myiic.o
      2340        424        256         72       3728      23449   os_core.o
       180         36          0          0          0        388   os_cpu_a.o
       170          0          0          0          0      13391   os_cpu_c.o
        88         14          0          0          0        642   os_flag.o
       416         22          0          0          0       2765   os_mbox.o
        80          8          0          0          0        611   os_q.o
       790         64          0          0          0       5620   os_task.o
       120         20          0          0          0        672   os_time.o
       882         64         10          1          0       4339   ott2001a.o
       854         46         24         22         10       4776   rtc.o
       308         28          0          0          0       1753   spi.o
        56         22        304          0       1536        868   startup_stm32f10x_hd.o
       564         66          0          0          0       4641   sys.o
     10608       1542        189        248      10868     250873   test.o
       642          4          0          0          0       3707   text.o
       232         18          0          4          0       1462   timer.o
      4466        256        125         54          0      11739   touch.o
      1470        146          0         10       1300      10882   usart.o
       384         42          0          2       2048       2830   usart2.o
       112         30          0          1          0       2348   wdg.o
       108         12          0          0          0       1648   wkup.o

    ----------------------------------------------------------------------
     61416       4358       8340        856      47912     489251   Object Totals
         0          0         32          0          0          0   (incl. Generated)
        48          0          8          7          3          0   (incl. Padding)

    ----------------------------------------------------------------------

      Code (inc. data)   RO Data    RW Data    ZI Data      Debug   Library Member Name

        24          4          0          0          0         84   __2printf.o
        44          6          0          0          0         84   __2sprintf.o
        90          0          0          0          0          0   __dczerorl2.o
         8          0          0          0          0         68   __main.o
       392          4         17          0          0         92   __printf_flags_ss_wp.o
        14          0          0          0          0         68   __printf_wp.o
         0          0          0          0          0          0   __rtentry.o
        12          0          0          0          0          0   __rtentry2.o
         6          0          0          0          0          0   __rtentry4.o
        52          8          0          0          0          0   __scatter.o
        28          0          0          0          0          0   __scatter_zi.o
         6          0          0          0          0          0   _printf_a.o
         6          0          0          0          0          0   _printf_c.o
        44          0          0          0          0        108   _printf_char.o
        48          6          0          0          0         96   _printf_char_common.o
        36          4          0          0          0         80   _printf_char_file.o
        40          0          0          0          0         68   _printf_charcount.o
         6          0          0          0          0          0   _printf_d.o
       120         16          0          0          0         92   _printf_dec.o
         6          0          0          0          0          0   _printf_e.o
         6          0          0          0          0          0   _printf_f.o
      1050          0          0          0          0        216   _printf_fp_dec.o
       128         16          0          0          0         84   _printf_fp_infnan.o
         6          0          0          0          0          0   _printf_g.o
       148          4         40          0          0        160   _printf_hex_int_ll_ptr.o
         6          0          0          0          0          0   _printf_i.o
       178          0          0          0          0         88   _printf_intcommon.o
        10          0          0          0          0          0   _printf_l.o
         6          0          0          0          0          0   _printf_lc.o
        10          0          0          0          0          0   _printf_ll.o
         6          0          0          0          0          0   _printf_lld.o
         6          0          0          0          0          0   _printf_lli.o
         6          0          0          0          0          0   _printf_llo.o
         6          0          0          0          0          0   _printf_llu.o
         6          0          0          0          0          0   _printf_llx.o
       124         16          0          0          0         92   _printf_longlong_dec.o
         6          0          0          0          0          0   _printf_ls.o
         6          0          0          0          0          0   _printf_n.o
         6          0          0          0          0          0   _printf_o.o
       112          8          0          0          0        124   _printf_oct_int_ll.o
         6          0          0          0          0          0   _printf_p.o
        78          0          0          0          0        108   _printf_pad.o
         0          0          0          0          0          0   _printf_percent.o
         4          0          0          0          0          0   _printf_percent_end.o
         6          0          0          0          0          0   _printf_s.o
        82          0          0          0          0         80   _printf_str.o
        36          0          0          0          0         84   _printf_truncate.o
         6          0          0          0          0          0   _printf_u.o
        44          0          0          0          0        108   _printf_wchar.o
       188          6          8          0          0         92   _printf_wctomb.o
         6          0          0          0          0          0   _printf_x.o
        22          0          0          0          0        100   _rserrno.o
        10          0          0          0          0         68   _sputc.o
        64          0          0          0          0         92   _wcrtomb.o
       220          4        148          0          0         96   bigflt0.o
      1910        128          0          0          0        672   btod.o
        36          4          0          0          0         76   c89vsprintf.o
        12          0          0          0          0         72   exit.o
         8          0          0          0          0         68   ferror.o
         6          0          0          0          0        152   heapauxi.o
        44         10        272          0          0         76   lc_ctype_c.o
        44         10         28          0          0         76   lc_numeric_c.o
         2          0          0          0          0          0   libinit.o
        30          0          0          0          0          0   libinit2.o
         2          0          0          0          0          0   libshutdown.o
         2          0          0          0          0          0   libshutdown2.o
         8          4          0          0         96         68   libspace.o
       138          0          0          0          0         80   lludiv10.o
        16          4          0          0          0         76   rt_ctype_table.o
         8          4          0          0          0         68   rt_errno_addr_intlibspace.o
         8          4          0          0          0         68   rt_locale_intlibspace.o
        78          0          0          0          0         80   rt_memclr_w.o
       100          0          0          0          0         80   rt_memcpy_w.o
         2          0          0          0          0          0   rtexit.o
        10          0          0          0          0          0   rtexit2.o
        24          0          0          0          0         68   strcat.o
       128          0          0          0          0         68   strcmpv7m.o
        62          0          0          0          0         76   strlen.o
        36          0          0          0          0         80   strstr.o
        74          0          0          0          0         80   sys_stackheap_outer.o
         2          0          0          0          0         68   use_no_semi.o
         2          0          0          0          0         68   use_no_semi_2.o
       826         16          0          0          0        348   daddsub_clz.o
        24          0          0          0          0         68   dcmpi.o
        90          4          0          0          0         92   dfixu.o
        84          0          0          0          0        136   dflt_clz.o
       120          4          0          0          0         92   dleqf.o
       340         12          0          0          0        104   dmul.o
       156          4          0          0          0         92   dnaninf.o
        12          0          0          0          0         68   dretinf.o
       108          0          0          0          0         80   drleqf.o
       460         56          0          0          0        120   dsqrt_noumaal.o
        86          4          0          0          0         84   f2d.o
       450          8          0          0          0        236   faddsub_clz.o
       388         76          0          0          0         96   fdiv.o
        54          4          0          0          0         84   ffix.o
        62          4          0          0          0         84   ffixu.o
        86          0          0          0          0        136   fflt_clz.o
       258          4          0          0          0         84   fmul.o
       140          4          0          0          0         84   fnaninf.o
        10          0          0          0          0         68   fretinf.o
         4          0          0          0          0         68   printf1.o
         0          0          0          0          0          0   usenofp.o
        40          0          0          0          0         68   fpclassify.o
        76          0          0          0          0         84   sqrt.o

    ----------------------------------------------------------------------
     10278        470        514          0         96       7028   Library Totals
        26          0          1          0          0          0   (incl. Padding)

    ----------------------------------------------------------------------

      Code (inc. data)   RO Data    RW Data    ZI Data      Debug   Library Name

      6378        270        513          0         96       4652   c_w.l
      3758        200          0          0          0       2224   fz_ws.l
       116          0          0          0          0        152   m_ws.l

    ----------------------------------------------------------------------
     10278        470        514          0         96       7028   Library Totals

    ----------------------------------------------------------------------

==============================================================================


      Code (inc. data)   RO Data    RW Data    ZI Data      Debug   

     71694       4828       8854        856      48008     477191   Grand Totals
     71694       4828       8854        288      48008     477191   ELF Image Totals (compressed)
     71694       4828       8854        288          0          0   ROM Totals

==============================================================================

    Total RO  Size (Code + RO Data)                80548 (  78.66kB)
    Total RW  Size (RW Data + ZI Data)             48864 (  47.72kB)
    Total ROM Size (Code + RO Data + RW Data)      80836 (  78.94kB)

==============================================================================

